Component: ARM Compiler 5.06 update 1 (build 61) Tool: armlink [4d35a8]

==============================================================================

Section Cross References

    startup_stm32l151xba.o(RESET) refers to startup_stm32l151xba.o(STACK) for __initial_sp
    startup_stm32l151xba.o(RESET) refers to startup_stm32l151xba.o(.text) for Reset_Handler
    startup_stm32l151xba.o(RESET) refers to stm32l1xx_it.o(i.NMI_Handler) for NMI_Handler
    startup_stm32l151xba.o(RESET) refers to context_rvds.o(.text) for HardFault_Handler
    startup_stm32l151xba.o(RESET) refers to stm32l1xx_it.o(i.MemManage_Handler) for MemManage_Handler
    startup_stm32l151xba.o(RESET) refers to stm32l1xx_it.o(i.BusFault_Handler) for BusFault_Handler
    startup_stm32l151xba.o(RESET) refers to stm32l1xx_it.o(i.UsageFault_Handler) for UsageFault_Handler
    startup_stm32l151xba.o(RESET) refers to stm32l1xx_it.o(i.SVC_Handler) for SVC_Handler
    startup_stm32l151xba.o(RESET) refers to stm32l1xx_it.o(i.DebugMon_Handler) for DebugMon_Handler
    startup_stm32l151xba.o(RESET) refers to board.o(i.SysTick_Handler) for SysTick_Handler
    startup_stm32l151xba.o(RESET) refers to key.o(i.EXTI3_IRQHandler) for EXTI3_IRQHandler
    startup_stm32l151xba.o(RESET) refers to stm32l1xx_it.o(i.USART1_IRQHandler) for USART1_IRQHandler
    startup_stm32l151xba.o(.text) refers to system_stm32l1xx.o(i.SystemInit) for SystemInit
    startup_stm32l151xba.o(.text) refers to entry.o(.ARM.Collect$$$$00000000) for __main
    epd2in13.o(i.EPD_ClearFrameMemory) refers to epd2in13.o(i.EPD_SetMemoryArea) for EPD_SetMemoryArea
    epd2in13.o(i.EPD_ClearFrameMemory) refers to epd2in13.o(i.EPD_SetMemoryPointer) for EPD_SetMemoryPointer
    epd2in13.o(i.EPD_ClearFrameMemory) refers to epd2in13.o(i.EPD_SendCommand) for EPD_SendCommand
    epd2in13.o(i.EPD_ClearFrameMemory) refers to epd2in13.o(i.EPD_SendData) for EPD_SendData
    epd2in13.o(i.EPD_DelayMs) refers to epdif.o(i.EpdDelayMsCallback) for EpdDelayMsCallback
    epd2in13.o(i.EPD_DigitalRead) refers to epdif.o(i.EpdDigitalReadCallback) for EpdDigitalReadCallback
    epd2in13.o(i.EPD_DigitalWrite) refers to epdif.o(i.EpdDigitalWriteCallback) for EpdDigitalWriteCallback
    epd2in13.o(i.EPD_DisplayFrame) refers to epd2in13.o(i.EPD_SendCommand) for EPD_SendCommand
    epd2in13.o(i.EPD_DisplayFrame) refers to epd2in13.o(i.EPD_SendData) for EPD_SendData
    epd2in13.o(i.EPD_DisplayFrame) refers to epd2in13.o(i.EPD_WaitUntilIdle) for EPD_WaitUntilIdle
    epd2in13.o(i.EPD_Init) refers to epdif.o(i.EpdInitCallback) for EpdInitCallback
    epd2in13.o(i.EPD_Init) refers to epd2in13.o(i.EPD_Reset) for EPD_Reset
    epd2in13.o(i.EPD_Init) refers to epd2in13.o(i.EPD_SendCommand) for EPD_SendCommand
    epd2in13.o(i.EPD_Init) refers to epd2in13.o(i.EPD_SendData) for EPD_SendData
    epd2in13.o(i.EPD_Init) refers to epd2in13.o(i.EPD_SetLut) for EPD_SetLut
    epd2in13.o(i.EPD_Reset) refers to epd2in13.o(i.EPD_DigitalWrite) for EPD_DigitalWrite
    epd2in13.o(i.EPD_Reset) refers to epd2in13.o(i.EPD_DelayMs) for EPD_DelayMs
    epd2in13.o(i.EPD_SendCommand) refers to epd2in13.o(i.EPD_DigitalWrite) for EPD_DigitalWrite
    epd2in13.o(i.EPD_SendCommand) refers to epdif.o(i.EpdSpiTransferCallback) for EpdSpiTransferCallback
    epd2in13.o(i.EPD_SendData) refers to epd2in13.o(i.EPD_DigitalWrite) for EPD_DigitalWrite
    epd2in13.o(i.EPD_SendData) refers to epdif.o(i.EpdSpiTransferCallback) for EpdSpiTransferCallback
    epd2in13.o(i.EPD_SetFrameMemory) refers to epd2in13.o(i.EPD_SetMemoryArea) for EPD_SetMemoryArea
    epd2in13.o(i.EPD_SetFrameMemory) refers to epd2in13.o(i.EPD_SetMemoryPointer) for EPD_SetMemoryPointer
    epd2in13.o(i.EPD_SetFrameMemory) refers to epd2in13.o(i.EPD_SendCommand) for EPD_SendCommand
    epd2in13.o(i.EPD_SetFrameMemory) refers to epd2in13.o(i.EPD_SendData) for EPD_SendData
    epd2in13.o(i.EPD_SetLut) refers to epd2in13.o(i.EPD_SendCommand) for EPD_SendCommand
    epd2in13.o(i.EPD_SetLut) refers to epd2in13.o(i.EPD_SendData) for EPD_SendData
    epd2in13.o(i.EPD_SetMemoryArea) refers to epd2in13.o(i.EPD_SendCommand) for EPD_SendCommand
    epd2in13.o(i.EPD_SetMemoryArea) refers to epd2in13.o(i.EPD_SendData) for EPD_SendData
    epd2in13.o(i.EPD_SetMemoryPointer) refers to epd2in13.o(i.EPD_SendCommand) for EPD_SendCommand
    epd2in13.o(i.EPD_SetMemoryPointer) refers to epd2in13.o(i.EPD_SendData) for EPD_SendData
    epd2in13.o(i.EPD_SetMemoryPointer) refers to epd2in13.o(i.EPD_WaitUntilIdle) for EPD_WaitUntilIdle
    epd2in13.o(i.EPD_Sleep) refers to epd2in13.o(i.EPD_SendCommand) for EPD_SendCommand
    epd2in13.o(i.EPD_Sleep) refers to epd2in13.o(i.EPD_WaitUntilIdle) for EPD_WaitUntilIdle
    epd2in13.o(i.EPD_WaitUntilIdle) refers to epd2in13.o(i.EPD_DelayMs) for EPD_DelayMs
    epd2in13.o(i.EPD_WaitUntilIdle) refers to epd2in13.o(i.EPD_DigitalRead) for EPD_DigitalRead
    epdif.o(i.EpdDelayMsCallback) refers to thread.o(i.rt_thread_mdelay) for rt_thread_mdelay
[...]
    Removing stm32l1xx_hal_cortex.o(i.HAL_MPU_Enable), (48 bytes).
    Removing stm32l1xx_hal_cortex.o(i.HAL_NVIC_ClearPendingIRQ), (36 bytes).
    Removing stm32l1xx_hal_cortex.o(i.HAL_NVIC_DisableIRQ), (68 bytes).
    Removing stm32l1xx_hal_cortex.o(i.HAL_NVIC_GetActive), (48 bytes).
    Removing stm32l1xx_hal_cortex.o(i.HAL_NVIC_GetPendingIRQ), (48 bytes).
    Removing stm32l1xx_hal_cortex.o(i.HAL_NVIC_GetPriority), (148 bytes).
    Removing stm32l1xx_hal_cortex.o(i.HAL_NVIC_GetPriorityGrouping), (8 bytes).
    Removing stm32l1xx_hal_cortex.o(i.HAL_NVIC_SetPendingIRQ), (36 bytes).
    Removing stm32l1xx_hal_cortex.o(i.HAL_NVIC_SystemReset), (68 bytes).
    Removing stm32l1xx_hal_cortex.o(i.HAL_SYSTICK_CLKSourceConfig), (40 bytes).
    Removing stm32l1xx_hal_cortex.o(i.HAL_SYSTICK_Callback), (2 bytes).
    Removing stm32l1xx_hal_cortex.o(i.HAL_SYSTICK_IRQHandler), (8 bytes).
    Removing stm32l1xx_hal_exti.o(.rev16_text), (4 bytes).
    Removing stm32l1xx_hal_exti.o(.revsh_text), (4 bytes).
    Removing stm32l1xx_hal_exti.o(.rrx_text), (6 bytes).
    Removing stm32l1xx_hal_exti.o(i.HAL_EXTI_ClearConfigLine), (120 bytes).
    Removing stm32l1xx_hal_exti.o(i.HAL_EXTI_ClearPending), (28 bytes).
    Removing stm32l1xx_hal_exti.o(i.HAL_EXTI_GenerateSWI), (24 bytes).
    Removing stm32l1xx_hal_exti.o(i.HAL_EXTI_GetConfigLine), (176 bytes).
    Removing stm32l1xx_hal_exti.o(i.HAL_EXTI_GetHandle), (14 bytes).
    Removing stm32l1xx_hal_exti.o(i.HAL_EXTI_GetPending), (36 bytes).
    Removing stm32l1xx_hal_exti.o(i.HAL_EXTI_IRQHandler), (44 bytes).
    Removing stm32l1xx_hal_exti.o(i.HAL_EXTI_RegisterCallback), (20 bytes).
    Removing stm32l1xx_hal_exti.o(i.HAL_EXTI_SetConfigLine), (240 bytes).
    Removing stm32l1xx_hal_tim.o(.rev16_text), (4 bytes).
    Removing stm32l1xx_hal_tim.o(.revsh_text), (4 bytes).
    Removing stm32l1xx_hal_tim.o(.rrx_text), (6 bytes).
    Removing stm32l1xx_hal_tim_ex.o(.rev16_text), (4 bytes).
    Removing stm32l1xx_hal_tim_ex.o(.revsh_text), (4 bytes).
    Removing stm32l1xx_hal_tim_ex.o(.rrx_text), (6 bytes).
    Removing stm32l1xx_hal_uart.o(.rev16_text), (4 bytes).
    Removing stm32l1xx_hal_uart.o(.revsh_text), (4 bytes).
    Removing stm32l1xx_hal_uart.o(.rrx_text), (6 bytes).
    Removing stm32l1xx_hal_uart.o(i.HAL_HalfDuplex_EnableReceiver), (68 bytes).
    Removing stm32l1xx_hal_uart.o(i.HAL_HalfDuplex_EnableTransmitter), (68 bytes).
    Removing stm32l1xx_hal_uart.o(i.HAL_HalfDuplex_Init), (118 bytes).
    Removing stm32l1xx_hal_uart.o(i.HAL_LIN_Init), (142 bytes).
    Removing stm32l1xx_hal_uart.o(i.HAL_LIN_SendBreak), (62 bytes).
    Removing stm32l1xx_hal_uart.o(i.HAL_MultiProcessor_EnterMuteMode), (62 bytes).
    Removing stm32l1xx_hal_uart.o(i.HAL_MultiProcessor_ExitMuteMode), (62 bytes).
    Removing stm32l1xx_hal_uart.o(i.HAL_MultiProcessor_Init), (154 bytes).
    Removing stm32l1xx_hal_uart.o(i.HAL_UART_Abort), (170 bytes).
    Removing stm32l1xx_hal_uart.o(i.HAL_UART_AbortCpltCallback), (2 bytes).
    Removing stm32l1xx_hal_uart.o(i.HAL_UART_AbortReceive), (102 bytes).
    Removing stm32l1xx_hal_uart.o(i.HAL_UART_AbortReceiveCpltCallback), (2 bytes).
    Removing stm32l1xx_hal_uart.o(i.HAL_UART_AbortReceive_IT), (120 bytes).
    Removing stm32l1xx_hal_uart.o(i.HAL_UART_AbortTransmit), (90 bytes).
    Removing stm32l1xx_hal_uart.o(i.HAL_UART_AbortTransmitCpltCallback), (2 bytes).
    Removing stm32l1xx_hal_uart.o(i.HAL_UART_AbortTransmit_IT), (108 bytes).
    Removing stm32l1xx_hal_uart.o(i.HAL_UART_Abort_IT), (224 bytes).
    Removing stm32l1xx_hal_uart.o(i.HAL_UART_DMAPause), (124 bytes).
    Removing stm32l1xx_hal_uart.o(i.HAL_UART_DMAResume), (126 bytes).
    Removing stm32l1xx_hal_uart.o(i.HAL_UART_DMAStop), (102 bytes).
    Removing stm32l1xx_hal_uart.o(i.HAL_UART_DeInit), (58 bytes).
    Removing stm32l1xx_hal_uart.o(i.HAL_UART_GetError), (6 bytes).
    Removing stm32l1xx_hal_uart.o(i.HAL_UART_GetState), (20 bytes).
    Removing stm32l1xx_hal_uart.o(i.HAL_UART_MspDeInit), (2 bytes).
    Removing stm32l1xx_hal_uart.o(i.HAL_UART_MspInit), (2 bytes).
    Removing stm32l1xx_hal_uart.o(i.HAL_UART_Receive), (224 bytes).
    Removing stm32l1xx_hal_uart.o(i.HAL_UART_Receive_DMA), (196 bytes).
    Removing stm32l1xx_hal_uart.o(i.HAL_UART_Receive_IT), (112 bytes).
    Removing stm32l1xx_hal_uart.o(i.HAL_UART_RxHalfCpltCallback), (2 bytes).
    Removing stm32l1xx_hal_uart.o(i.HAL_UART_Transmit_DMA), (156 bytes).
    Removing stm32l1xx_hal_uart.o(i.HAL_UART_Transmit_IT), (88 bytes).
    Removing stm32l1xx_hal_uart.o(i.HAL_UART_TxHalfCpltCallback), (2 bytes).
    Removing stm32l1xx_hal_uart.o(i.UART_DMAError), (80 bytes).
    Removing stm32l1xx_hal_uart.o(i.UART_DMAReceiveCplt), (70 bytes).
    Removing stm32l1xx_hal_uart.o(i.UART_DMARxAbortCallback), (52 bytes).
    Removing stm32l1xx_hal_uart.o(i.UART_DMARxHalfCplt), (14 bytes).
    Removing stm32l1xx_hal_uart.o(i.UART_DMARxOnlyAbortCallback), (24 bytes).
    Removing stm32l1xx_hal_uart.o(i.UART_DMATransmitCplt), (54 bytes).
    Removing stm32l1xx_hal_uart.o(i.UART_DMATxAbortCallback), (52 bytes).
    Removing stm32l1xx_hal_uart.o(i.UART_DMATxHalfCplt), (14 bytes).
    Removing stm32l1xx_hal_uart.o(i.UART_DMATxOnlyAbortCallback), (24 bytes).
    Removing stm32l1xx_hal_uart.o(i.UART_EndTxTransfer), (20 bytes).
    Removing system_stm32l1xx.o(.rev16_text), (4 bytes).
    Removing system_stm32l1xx.o(.revsh_text), (4 bytes).
    Removing system_stm32l1xx.o(.rrx_text), (6 bytes).
    Removing clock.o(i.rt_system_tick_init), (2 bytes).
    Removing clock.o(i.rt_tick_set), (28 bytes).
    Removing idle.o(i.rt_thread_idle_gethandler), (8 bytes).
    Removing ipc.o(i.rt_ipc_list_resume), (20 bytes).
    Removing ipc.o(i.rt_ipc_list_resume_all), (50 bytes).
    Removing ipc.o(i.rt_ipc_list_suspend), (108 bytes).
    Removing ipc.o(i.rt_ipc_object_init), (16 bytes).
    Removing ipc.o(i.rt_list_init), (6 bytes).
    Removing ipc.o(i.rt_list_insert_before), (14 bytes).
    Removing ipc.o(i.rt_list_isempty), (16 bytes).
    Removing ipc.o(i.rt_mb_control), (66 bytes).
    Removing ipc.o(i.rt_mb_detach), (30 bytes).
    Removing ipc.o(i.rt_mb_init), (62 bytes).
    Removing ipc.o(i.rt_mb_recv), (244 bytes).
    Removing ipc.o(i.rt_mb_send), (18 bytes).
    Removing ipc.o(i.rt_mb_send_wait), (246 bytes).
    Removing ipc.o(i.rt_mutex_control), (8 bytes).
    Removing ipc.o(i.rt_mutex_detach), (22 bytes).
    Removing ipc.o(i.rt_mutex_init), (44 bytes).
    Removing ipc.o(i.rt_mutex_release), (150 bytes).
    Removing ipc.o(i.rt_mutex_take), (192 bytes).
    Removing ipc.o(i.rt_sem_control), (54 bytes).
    Removing ipc.o(i.rt_sem_detach), (22 bytes).
    Removing ipc.o(i.rt_sem_init), (38 bytes).
    Removing ipc.o(i.rt_sem_release), (58 bytes).
    Removing ipc.o(i.rt_sem_take), (116 bytes).
    Removing ipc.o(i.rt_sem_trytake), (14 bytes).
    Removing irq.o(i.rt_interrupt_get_nest), (12 bytes).
    Removing kservice.o(i._rt_errno), (36 bytes).
    Removing kservice.o(i.rt_get_errno), (36 bytes).
    Removing kservice.o(i.rt_hw_console_output), (2 bytes).
    Removing kservice.o(i.rt_kputs), (18 bytes).
    Removing kservice.o(i.rt_memcmp), (38 bytes).
    Removing kservice.o(i.rt_memcpy), (124 bytes).
    Removing kservice.o(i.rt_memmove), (66 bytes).
    Removing kservice.o(i.rt_set_errno), (40 bytes).
    Removing kservice.o(i.rt_snprintf), (38 bytes).
    Removing kservice.o(i.rt_sprintf), (34 bytes).
    Removing kservice.o(i.rt_strcasecmp), (48 bytes).
    Removing kservice.o(i.rt_strcmp), (28 bytes).
    Removing kservice.o(i.rt_strncmp), (40 bytes).
    Removing kservice.o(i.rt_strnlen), (24 bytes).
    Removing kservice.o(i.rt_strstr), (58 bytes).
    Removing kservice.o(i.rt_vsprintf), (22 bytes).
    Removing kservice.o(.data), (4 bytes).
    Removing object.o(i.rt_object_find), (86 bytes).
    Removing object.o(i.rt_object_get_type), (10 bytes).
    Removing object.o(i.rt_system_object_init), (2 bytes).
    Removing scheduler.o(i.rt_critical_level), (12 bytes).
    Removing thread.o(i.rt_thread_control), (106 bytes).
    Removing thread.o(i.rt_thread_delay), (12 bytes).
    Removing thread.o(i.rt_thread_detach), (88 bytes).
    Removing thread.o(i.rt_thread_find), (82 bytes).
    Removing timer.o(i.rt_timer_list_next_timeout), (28 bytes).
    Removing timer.o(i.rt_timer_next_timeout_tick), (16 bytes).
    Removing cpuport.o(i.rt_hw_cpu_reset), (16 bytes).
    Removing cpuport.o(i.rt_hw_cpu_shutdown), (28 bytes).
    Removing cpuport.o(i.rt_hw_exception_install), (12 bytes).
    Removing board.o(.rev16_text), (4 bytes).
    Removing board.o(.revsh_text), (4 bytes).
    Removing board.o(.rrx_text), (6 bytes).
    Removing pcf8563.o(.rev16_text), (4 bytes).
    Removing pcf8563.o(.revsh_text), (4 bytes).
    Removing pcf8563.o(.rrx_text), (6 bytes).
    Removing pcf8563.o(i.PCF85636_ReadINT), (26 bytes).
    Removing pcf8563.o(i.PCF8563_ClearINT), (12 bytes).
    Removing pcf8563.o(i.PCF8563_IIC_Ack), (88 bytes).
    Removing pcf8563.o(i.PCF8563_IIC_NAck), (88 bytes).
    Removing pcf8563.o(i.PCF8563_IIC_Read_Byte), (112 bytes).
    Removing pcf8563.o(i.PCF8563_ReadOneByte), (60 bytes).
    Removing pcf8563.o(i.PCF8563_ReadTime), (168 bytes).
    Removing pcf8563.o(i.pcf8563_delay_us), (22 bytes).
    Removing si7020_iic.o(.rev16_text), (4 bytes).
    Removing si7020_iic.o(.revsh_text), (4 bytes).
    Removing si7020_iic.o(.rrx_text), (6 bytes).
    Removing si7020_iic.o(i.SI7020_IIC_Ack), (88 bytes).
    Removing si7020_iic.o(i.SI7020_IIC_NAck), (88 bytes).
    Removing si7020_iic.o(i.SI7020_IIC_Read_Byte), (112 bytes).
    Removing si7020_iic.o(i.SI7020_IIC_Send_Byte), (128 bytes).
    Removing si7020_iic.o(i.SI7020_IIC_Start), (88 bytes).
    Removing si7020_iic.o(i.SI7020_IIC_Stop), (88 bytes).
    Removing si7020_iic.o(i.SI7020_IIC_Wait_Ack), (108 bytes).
    Removing si7020_iic.o(i.delay_us), (22 bytes).
    Removing si7020_iic.o(i.get_be_val), (26 bytes).
    Removing si7020_iic.o(i.si7020Measure), (324 bytes).
    Removing si7020_iic.o(.data), (3 bytes).
    Removing key.o(.rev16_text), (4 bytes).
    Removing key.o(.revsh_text), (4 bytes).
    Removing key.o(.rrx_text), (6 bytes).
    Removing dadd.o(.text), (334 bytes).
    Removing dmul.o(.text), (228 bytes).
    Removing ddiv.o(.text), (222 bytes).
    Removing dflti.o(.text), (34 bytes).
    Removing depilogue.o(.text), (186 bytes).

480 unused section(s) (total 64015 bytes) removed from the image.

==============================================================================

Image Symbol Table

    Local Symbols

    Symbol Name                              Value     Ov Type        Size  Object(Section)

    ../Core/Src/gpio.c                       0x00000000   Number         0  gpio.o ABSOLUTE
    ../Core/Src/main.c                       0x00000000   Number         0  main.o ABSOLUTE
    ../Core/Src/spi.c                        0x00000000   Number         0  spi.o ABSOLUTE
    ../Core/Src/stm32l1xx_hal_msp.c          0x00000000   Number         0  stm32l1xx_hal_msp.o ABSOLUTE
    ../Core/Src/stm32l1xx_it.c               0x00000000   Number         0  stm32l1xx_it.o ABSOLUTE
    ../Core/Src/system_stm32l1xx.c           0x00000000   Number         0  system_stm32l1xx.o ABSOLUTE
    ../Core/Src/usart.c                      0x00000000   Number         0  usart.o ABSOLUTE
    ../Drivers/STM32L1xx_HAL_Driver/Src/stm32l1xx_hal.c 0x00000000   Number         0  stm32l1xx_hal.o ABSOLUTE
    ../Drivers/STM32L1xx_HAL_Driver/Src/stm32l1xx_hal_cortex.c 0x00000000   Number         0  stm32l1xx_hal_cortex.o ABSOLUTE
    ../Drivers/STM32L1xx_HAL_Driver/Src/stm32l1xx_hal_dma.c 0x00000000   Number         0  stm32l1xx_hal_dma.o ABSOLUTE
    ../Drivers/STM32L1xx_HAL_Driver/Src/stm32l1xx_hal_exti.c 0x00000000   Number         0  stm32l1xx_hal_exti.o ABSOLUTE
    ../Drivers/STM32L1xx_HAL_Driver/Src/stm32l1xx_hal_flash.c 0x00000000   Number         0  stm32l1xx_hal_flash.o ABSOLUTE
    ../Drivers/STM32L1xx_HAL_Driver/Src/stm32l1xx_hal_flash_ex.c 0x00000000   Number         0  stm32l1xx_hal_flash_ex.o ABSOLUTE
    ../Drivers/STM32L1xx_HAL_Driver/Src/stm32l1xx_hal_flash_ramfunc.c 0x00000000   Number         0  stm32l1xx_hal_flash_ramfunc.o ABSOLUTE
    ../Drivers/STM32L1xx_HAL_Driver/Src/stm32l1xx_hal_gpio.c 0x00000000   Number         0  stm32l1xx_hal_gpio.o ABSOLUTE
    ../Drivers/STM32L1xx_HAL_Driver/Src/stm32l1xx_hal_pwr.c 0x00000000   Number         0  stm32l1xx_hal_pwr.o ABSOLUTE
    ../Drivers/STM32L1xx_HAL_Driver/Src/stm32l1xx_hal_pwr_ex.c 0x00000000   Number         0  stm32l1xx_hal_pwr_ex.o ABSOLUTE
    ../Drivers/STM32L1xx_HAL_Driver/Src/stm32l1xx_hal_rcc.c 0x00000000   Number         0  stm32l1xx_hal_rcc.o ABSOLUTE
    ../Drivers/STM32L1xx_HAL_Driver/Src/stm32l1xx_hal_rcc_ex.c 0x00000000   Number         0  stm32l1xx_hal_rcc_ex.o ABSOLUTE
    ../Drivers/STM32L1xx_HAL_Driver/Src/stm32l1xx_hal_spi.c 0x00000000   Number         0  stm32l1xx_hal_spi.o ABSOLUTE
    ../Drivers/STM32L1xx_HAL_Driver/Src/stm32l1xx_hal_tim.c 0x00000000   Number         0  stm32l1xx_hal_tim.o ABSOLUTE
    ../Drivers/STM32L1xx_HAL_Driver/Src/stm32l1xx_hal_tim_ex.c 0x00000000   Number         0  stm32l1xx_hal_tim_ex.o ABSOLUTE
    ../Drivers/STM32L1xx_HAL_Driver/Src/stm32l1xx_hal_uart.c 0x00000000   Number         0  stm32l1xx_hal_uart.o ABSOLUTE
    ../clib/microlib/division.c              0x00000000   Number         0  uldiv.o ABSOLUTE
    ../clib/microlib/init/entry.s            0x00000000   Number         0  entry11a.o ABSOLUTE
    ../clib/microlib/init/entry.s            0x00000000   Number         0  entry10b.o ABSOLUTE
    ../clib/microlib/init/entry.s            0x00000000   Number         0  entry7a.o ABSOLUTE
    ../clib/microlib/init/entry.s            0x00000000   Number         0  entry.o ABSOLUTE
    ../clib/microlib/init/entry.s            0x00000000   Number         0  entry11b.o ABSOLUTE
    ../clib/microlib/init/entry.s            0x00000000   Number         0  entry10a.o ABSOLUTE
    ../clib/microlib/init/entry.s            0x00000000   Number         0  entry9b.o ABSOLUTE
    ../clib/microlib/init/entry.s            0x00000000   Number         0  entry9a.o ABSOLUTE
    ../clib/microlib/init/entry.s            0x00000000   Number         0  entry8b.o ABSOLUTE
    ../clib/microlib/init/entry.s            0x00000000   Number         0  entry8a.o ABSOLUTE
    ../clib/microlib/init/entry.s            0x00000000   Number         0  entry7b.o ABSOLUTE
    ../clib/microlib/init/entry.s            0x00000000   Number         0  entry5.o ABSOLUTE
    ../clib/microlib/init/entry.s            0x00000000   Number         0  entry2.o ABSOLUTE
    ../clib/microlib/longlong.c              0x00000000   Number         0  llshl.o ABSOLUTE
    ../clib/microlib/longlong.c              0x00000000   Number         0  llushr.o ABSOLUTE
    ../clib/microlib/longlong.c              0x00000000   Number         0  llsshr.o ABSOLUTE
    ../clib/microlib/string/memcpy.c         0x00000000   Number         0  memcpya.o ABSOLUTE
    ../clib/microlib/string/memcpy.c         0x00000000   Number         0  memcpyb.o ABSOLUTE
    ../clib/microlib/string/memset.c         0x00000000   Number         0  memseta.o ABSOLUTE
    ../clib/microlib/stubs.s                 0x00000000   Number         0  iusefp.o ABSOLUTE
    ../fplib/microlib/fpadd.c                0x00000000   Number         0  dadd.o ABSOLUTE
    ../fplib/microlib/fpdiv.c                0x00000000   Number         0  ddiv.o ABSOLUTE
    ../fplib/microlib/fpepilogue.c           0x00000000   Number         0  depilogue.o ABSOLUTE
    ../fplib/microlib/fpflt.c                0x00000000   Number         0  dflti.o ABSOLUTE
    ../fplib/microlib/fpmul.c                0x00000000   Number         0  dmul.o ABSOLUTE
    ..\BSP\epd2in13.c                        0x00000000   Number         0  epd2in13.o ABSOLUTE
    ..\BSP\epdif.c                           0x00000000   Number         0  epdif.o ABSOLUTE
    ..\BSP\epdpaint.c                        0x00000000   Number         0  epdpaint.o ABSOLUTE
    ..\BSP\imagedata.c                       0x00000000   Number         0  imagedata.o ABSOLUTE
    ..\Core\Src\gpio.c                       0x00000000   Number         0  gpio.o ABSOLUTE
    ..\Core\Src\main.c                       0x00000000   Number         0  main.o ABSOLUTE
    ..\Core\Src\spi.c                        0x00000000   Number         0  spi.o ABSOLUTE
    ..\Core\Src\stm32l1xx_hal_msp.c          0x00000000   Number         0  stm32l1xx_hal_msp.o ABSOLUTE
    ..\Core\Src\stm32l1xx_it.c               0x00000000   Number         0  stm32l1xx_it.o ABSOLUTE
    ..\Core\Src\system_stm32l1xx.c           0x00000000   Number         0  system_stm32l1xx.o ABSOLUTE
    ..\Core\Src\usart.c                      0x00000000   Number         0  usart.o ABSOLUTE
    ..\Drivers\STM32L1xx_HAL_Driver\Src\stm32l1xx_hal.c 0x00000000   Number         0  stm32l1xx_hal.o ABSOLUTE
    ..\Drivers\STM32L1xx_HAL_Driver\Src\stm32l1xx_hal_cortex.c 0x00000000   Number         0  stm32l1xx_hal_cortex.o ABSOLUTE
    ..\Drivers\STM32L1xx_HAL_Driver\Src\stm32l1xx_hal_dma.c 0x00000000   Number         0  stm32l1xx_hal_dma.o ABSOLUTE
    ..\Drivers\STM32L1xx_HAL_Driver\Src\stm32l1xx_hal_exti.c 0x00000000   Number         0  stm32l1xx_hal_exti.o ABSOLUTE
    ..\Drivers\STM32L1xx_HAL_Driver\Src\stm32l1xx_hal_flash.c 0x00000000   Number         0  stm32l1xx_hal_flash.o ABSOLUTE
    ..\Drivers\STM32L1xx_HAL_Driver\Src\stm32l1xx_hal_flash_ex.c 0x00000000   Number         0  stm32l1xx_hal_flash_ex.o ABSOLUTE
    ..\Drivers\STM32L1xx_HAL_Driver\Src\stm32l1xx_hal_flash_ramfunc.c 0x00000000   Number         0  stm32l1xx_hal_flash_ramfunc.o ABSOLUTE
    ..\Drivers\STM32L1xx_HAL_Driver\Src\stm32l1xx_hal_gpio.c 0x00000000   Number         0  stm32l1xx_hal_gpio.o ABSOLUTE
    ..\Drivers\STM32L1xx_HAL_Driver\Src\stm32l1xx_hal_pwr.c 0x00000000   Number         0  stm32l1xx_hal_pwr.o ABSOLUTE
    ..\Drivers\STM32L1xx_HAL_Driver\Src\stm32l1xx_hal_pwr_ex.c 0x00000000   Number         0  stm32l1xx_hal_pwr_ex.o ABSOLUTE
    ..\Drivers\STM32L1xx_HAL_Driver\Src\stm32l1xx_hal_rcc.c 0x00000000   Number         0  stm32l1xx_hal_rcc.o ABSOLUTE
    ..\Drivers\STM32L1xx_HAL_Driver\Src\stm32l1xx_hal_rcc_ex.c 0x00000000   Number         0  stm32l1xx_hal_rcc_ex.o ABSOLUTE
    ..\Drivers\STM32L1xx_HAL_Driver\Src\stm32l1xx_hal_spi.c 0x00000000   Number         0  stm32l1xx_hal_spi.o ABSOLUTE
    ..\Drivers\STM32L1xx_HAL_Driver\Src\stm32l1xx_hal_tim.c 0x00000000   Number         0  stm32l1xx_hal_tim.o ABSOLUTE
    ..\Drivers\STM32L1xx_HAL_Driver\Src\stm32l1xx_hal_tim_ex.c 0x00000000   Number         0  stm32l1xx_hal_tim_ex.o ABSOLUTE
    ..\Drivers\STM32L1xx_HAL_Driver\Src\stm32l1xx_hal_uart.c 0x00000000   Number         0  stm32l1xx_hal_uart.o ABSOLUTE
    ..\Fonts\font12.c                        0x00000000   Number         0  font12.o ABSOLUTE
    ..\Fonts\font16.c                        0x00000000   Number         0  font16.o ABSOLUTE
    ..\Fonts\font20.c                        0x00000000   Number         0  font20.o ABSOLUTE
    ..\Fonts\font21.c                        0x00000000   Number         0  font21.o ABSOLUTE
    ..\Fonts\font24.c                        0x00000000   Number         0  font24.o ABSOLUTE
    ..\Fonts\font8.c                         0x00000000   Number         0  font8.o ABSOLUTE
    ..\Fonts\font80.c                        0x00000000   Number         0  font80.o ABSOLUTE
    ..\\BSP\\epd2in13.c                      0x00000000   Number         0  epd2in13.o ABSOLUTE
    ..\\BSP\\epdif.c                         0x00000000   Number         0  epdif.o ABSOLUTE
    ..\\packages\\key\\key.c                 0x00000000   Number         0  key.o ABSOLUTE
    ..\\packages\\pcf8563\\pcf8563.c         0x00000000   Number         0  pcf8563.o ABSOLUTE
    ..\\packages\\si7020\\si7020_iic.c       0x00000000   Number         0  si7020_iic.o ABSOLUTE
    ..\\rt-thread-3.1.3\\board.c             0x00000000   Number         0  board.o ABSOLUTE
    ..\packages\key\key.c                    0x00000000   Number         0  key.o ABSOLUTE
    ..\packages\pcf8563\pcf8563.c            0x00000000   Number         0  pcf8563.o ABSOLUTE
    ..\packages\si7020\si7020_iic.c          0x00000000   Number         0  si7020_iic.o ABSOLUTE
    ..\rt-thread-3.1.3\board.c               0x00000000   Number         0  board.o ABSOLUTE
    ..\rt-thread-3.1.3\libcpu\arm\cortex-m3\context_rvds.S 0x00000000   Number         0  context_rvds.o ABSOLUTE
    ..\rt-thread-3.1.3\libcpu\arm\cortex-m3\cpuport.c 0x00000000   Number         0  cpuport.o ABSOLUTE
    ..\rt-thread-3.1.3\src\clock.c           0x00000000   Number         0  clock.o ABSOLUTE
    ..\rt-thread-3.1.3\src\components.c      0x00000000   Number         0  components.o ABSOLUTE
    ..\rt-thread-3.1.3\src\cpu.c             0x00000000   Number         0  cpu.o ABSOLUTE
    ..\rt-thread-3.1.3\src\idle.c            0x00000000   Number         0  idle.o ABSOLUTE
    ..\rt-thread-3.1.3\src\ipc.c             0x00000000   Number         0  ipc.o ABSOLUTE
    ..\rt-thread-3.1.3\src\irq.c             0x00000000   Number         0  irq.o ABSOLUTE
    ..\rt-thread-3.1.3\src\kservice.c        0x00000000   Number         0  kservice.o ABSOLUTE
    ..\rt-thread-3.1.3\src\mem.c             0x00000000   Number         0  mem.o ABSOLUTE
    ..\rt-thread-3.1.3\src\memheap.c         0x00000000   Number         0  memheap.o ABSOLUTE
    ..\rt-thread-3.1.3\src\mempool.c         0x00000000   Number         0  mempool.o ABSOLUTE
    ..\rt-thread-3.1.3\src\object.c          0x00000000   Number         0  object.o ABSOLUTE
    ..\rt-thread-3.1.3\src\scheduler.c       0x00000000   Number         0  scheduler.o ABSOLUTE
    ..\rt-thread-3.1.3\src\slab.c            0x00000000   Number         0  slab.o ABSOLUTE
    ..\rt-thread-3.1.3\src\thread.c          0x00000000   Number         0  thread.o ABSOLUTE
    ..\rt-thread-3.1.3\src\timer.c           0x00000000   Number         0  timer.o ABSOLUTE
    dc.s                                     0x00000000   Number         0  dc.o ABSOLUTE
    handlers.s                               0x00000000   Number         0  handlers.o ABSOLUTE
    init.s                                   0x00000000   Number         0  init.o ABSOLUTE
    startup_stm32l151xba.s                   0x00000000   Number         0  startup_stm32l151xba.o ABSOLUTE
    RESET                                    0x08000000   Section      244  startup_stm32l151xba.o(RESET)
    .ARM.Collect$$$$00000000                 0x080000f4   Section        0  entry.o(.ARM.Collect$$$$00000000)
    .ARM.Collect$$$$00000001                 0x080000f4   Section        4  entry2.o(.ARM.Collect$$$$00000001)
    .ARM.Collect$$$$00000004                 0x080000f8   Section        4  entry5.o(.ARM.Collect$$$$00000004)
    .ARM.Collect$$$$00000008                 0x080000fc   Section        0  entry7b.o(.ARM.Collect$$$$00000008)
    .ARM.Collect$$$$0000000A                 0x080000fc   Section        0  entry8b.o(.ARM.Collect$$$$0000000A)
    .ARM.Collect$$$$0000000B                 0x080000fc   Section        8  entry9a.o(.ARM.Collect$$$$0000000B)
    .ARM.Collect$$$$0000000D                 0x08000104   Section        0  entry10a.o(.ARM.Collect$$$$0000000D)
    .ARM.Collect$$$$0000000F                 0x08000104   Section        0  entry11a.o(.ARM.Collect$$$$0000000F)
    .ARM.Collect$$$$00002712                 0x08000104   Section        4  entry2.o(.ARM.Collect$$$$00002712)
    __lit__00000000                          0x08000104   Data           4  entry2.o(.ARM.Collect$$$$00002712)
    .text                                    0x08000108   Section       36  startup_stm32l151xba.o(.text)
    .text                                    0x0800012c   Section      244  context_rvds.o(.text)
    .text                                    0x08000220   Section        0  uldiv.o(.text)
    .text                                    0x08000282   Section        0  memcpya.o(.text)
    .text                                    0x080002a6   Section        0  memseta.o(.text)
    .text                                    0x080002ca   Section        0  llshl.o(.text)
    .text                                    0x080002e8   Section        0  llushr.o(.text)
    .text                                    0x08000308   Section       36  init.o(.text)
    i.$Sub$$main                             0x0800032c   Section        0  components.o(i.$Sub$$main)
    i.BusFault_Handler                       0x08000336   Section        0  stm32l1xx_it.o(i.BusFault_Handler)
    i.DebugMon_Handler                       0x0800033a   Section        0  stm32l1xx_it.o(i.DebugMon_Handler)
    i.EXTI3_IRQHandler                       0x0800033c   Section        0  key.o(i.EXTI3_IRQHandler)
    i.Error_Handler                          0x08000346   Section        0  main.o(i.Error_Handler)
    i.HAL_DMA_Abort_IT                       0x08000348   Section        0  stm32l1xx_hal_dma.o(i.HAL_DMA_Abort_IT)
    i.HAL_GPIO_EXTI_Callback                 0x080003a4   Section        0  key.o(i.HAL_GPIO_EXTI_Callback)
    i.HAL_GPIO_EXTI_IRQHandler               0x080003c4   Section        0  stm32l1xx_hal_gpio.o(i.HAL_GPIO_EXTI_IRQHandler)
    i.HAL_GPIO_Init                          0x080003e0   Section        0  stm32l1xx_hal_gpio.o(i.HAL_GPIO_Init)
    i.HAL_GPIO_ReadPin                       0x080005b0   Section        0  stm32l1xx_hal_gpio.o(i.HAL_GPIO_ReadPin)
    i.HAL_GPIO_TogglePin                     0x080005c0   Section        0  stm32l1xx_hal_gpio.o(i.HAL_GPIO_TogglePin)
    i.HAL_GPIO_WritePin                      0x080005d4   Section        0  stm32l1xx_hal_gpio.o(i.HAL_GPIO_WritePin)
    i.HAL_GetTick                            0x080005e0   Section        0  stm32l1xx_hal.o(i.HAL_GetTick)
    i.HAL_Init                               0x080005ec   Section        0  stm32l1xx_hal.o(i.HAL_Init)
    i.HAL_InitTick                           0x0800060c   Section        0  stm32l1xx_hal.o(i.HAL_InitTick)
    i.HAL_MspInit                            0x08000664   Section        0  stm32l1xx_hal_msp.o(i.HAL_MspInit)
    i.HAL_NVIC_EnableIRQ                     0x080006c0   Section        0  stm32l1xx_hal_cortex.o(i.HAL_NVIC_EnableIRQ)
    i.HAL_NVIC_SetPriority                   0x080006e0   Section        0  stm32l1xx_hal_cortex.o(i.HAL_NVIC_SetPriority)
    i.HAL_NVIC_SetPriorityGrouping           0x0800075c   Section        0  stm32l1xx_hal_cortex.o(i.HAL_NVIC_SetPriorityGrouping)
    i.HAL_RCC_ClockConfig                    0x08000784   Section        0  stm32l1xx_hal_rcc.o(i.HAL_RCC_ClockConfig)
    i.HAL_RCC_GetHCLKFreq                    0x080009a4   Section        0  stm32l1xx_hal_rcc.o(i.HAL_RCC_GetHCLKFreq)
    i.HAL_RCC_GetPCLK1Freq                   0x080009b0   Section        0  stm32l1xx_hal_rcc.o(i.HAL_RCC_GetPCLK1Freq)
    i.HAL_RCC_GetPCLK2Freq                   0x080009d0   Section        0  stm32l1xx_hal_rcc.o(i.HAL_RCC_GetPCLK2Freq)
    i.HAL_RCC_GetSysClockFreq                0x080009f0   Section        0  stm32l1xx_hal_rcc.o(i.HAL_RCC_GetSysClockFreq)
    i.HAL_RCC_OscConfig                      0x08000a90   Section        0  stm32l1xx_hal_rcc.o(i.HAL_RCC_OscConfig)
    i.HAL_SPI_Init                           0x08001060   Section        0  stm32l1xx_hal_spi.o(i.HAL_SPI_Init)
    i.HAL_SPI_MspInit                        0x08001114   Section        0  spi.o(i.HAL_SPI_MspInit)
    i.HAL_SYSTICK_Config                     0x08001190   Section        0  stm32l1xx_hal_cortex.o(i.HAL_SYSTICK_Config)
    i.HAL_UART_ErrorCallback                 0x080011c4   Section        0  stm32l1xx_hal_uart.o(i.HAL_UART_ErrorCallback)
    i.HAL_UART_IRQHandler                    0x080011c8   Section        0  stm32l1xx_hal_uart.o(i.HAL_UART_IRQHandler)
    i.HAL_UART_Init                          0x0800131c   Section        0  stm32l1xx_hal_uart.o(i.HAL_UART_Init)
    i.HAL_UART_MspInit                       0x08001390   Section        0  usart.o(i.HAL_UART_MspInit)
    i.HAL_UART_RxCpltCallback                0x0800141c   Section        0  stm32l1xx_hal_uart.o(i.HAL_UART_RxCpltCallback)
    i.HAL_UART_Transmit                      0x0800141e   Section        0  stm32l1xx_hal_uart.o(i.HAL_UART_Transmit)
    i.HAL_UART_TxCpltCallback                0x080014f6   Section        0  stm32l1xx_hal_uart.o(i.HAL_UART_TxCpltCallback)
    i.MX_GPIO_Init                           0x080014f8   Section        0  gpio.o(i.MX_GPIO_Init)
    i.MX_SPI1_Init                           0x080015c0   Section        0  spi.o(i.MX_SPI1_Init)
    i.MX_USART1_UART_Init                    0x0800160c   Section        0  usart.o(i.MX_USART1_UART_Init)
    i.MemManage_Handler                      0x08001644   Section        0  stm32l1xx_it.o(i.MemManage_Handler)
    i.NMI_Handler                            0x08001648   Section        0  stm32l1xx_it.o(i.NMI_Handler)
    i.PCF8563_IIC_Init                       0x0800164c   Section        0  pcf8563.o(i.PCF8563_IIC_Init)
    i.PCF8563_IIC_Send_Byte                  0x080016a8   Section        0  pcf8563.o(i.PCF8563_IIC_Send_Byte)
    i.PCF8563_IIC_Start                      0x08001728   Section        0  pcf8563.o(i.PCF8563_IIC_Start)
    i.PCF8563_IIC_Stop                       0x08001780   Section        0  pcf8563.o(i.PCF8563_IIC_Stop)
    i.PCF8563_IIC_Wait_Ack                   0x080017d8   Section        0  pcf8563.o(i.PCF8563_IIC_Wait_Ack)
    i.PCF8563_SetINT                         0x08001844   Section        0  pcf8563.o(i.PCF8563_SetINT)
    i.PCF8563_WriteOneByte                   0x08001860   Section        0  pcf8563.o(i.PCF8563_WriteOneByte)
    i.PCF8563_WriteTime                      0x08001894   Section        0  pcf8563.o(i.PCF8563_WriteTime)
    i.RCC_SetFlashLatencyFromMSIRange        0x08001928   Section        0  stm32l1xx_hal_rcc.o(i.RCC_SetFlashLatencyFromMSIRange)
    RCC_SetFlashLatencyFromMSIRange          0x08001929   Thumb Code   156  stm32l1xx_hal_rcc.o(i.RCC_SetFlashLatencyFromMSIRange)
    i.SI7020_IIC_Init                        0x080019d0   Section        0  si7020_iic.o(i.SI7020_IIC_Init)
    i.SVC_Handler                            0x08001a44   Section        0  stm32l1xx_it.o(i.SVC_Handler)
    i.SysTick_Handler                        0x08001a46   Section        0  board.o(i.SysTick_Handler)
    i.SystemClock_Config                     0x08001a58   Section        0  main.o(i.SystemClock_Config)
    i.SystemCoreClockUpdate                  0x08001ac8   Section        0  system_stm32l1xx.o(i.SystemCoreClockUpdate)
    i.SystemInit                             0x08001ba4   Section        0  system_stm32l1xx.o(i.SystemInit)
    i.UART_DMAAbortOnError                   0x08001bb4   Section        0  stm32l1xx_hal_uart.o(i.UART_DMAAbortOnError)
    UART_DMAAbortOnError                     0x08001bb5   Thumb Code    20  stm32l1xx_hal_uart.o(i.UART_DMAAbortOnError)
    i.UART_EndRxTransfer                     0x08001bc8   Section        0  stm32l1xx_hal_uart.o(i.UART_EndRxTransfer)
    UART_EndRxTransfer                       0x08001bc9   Thumb Code    32  stm32l1xx_hal_uart.o(i.UART_EndRxTransfer)
    i.UART_EndTransmit_IT                    0x08001be8   Section        0  stm32l1xx_hal_uart.o(i.UART_EndTransmit_IT)
    UART_EndTransmit_IT                      0x08001be9   Thumb Code    32  stm32l1xx_hal_uart.o(i.UART_EndTransmit_IT)
    i.UART_Receive_IT                        0x08001c08   Section        0  stm32l1xx_hal_uart.o(i.UART_Receive_IT)
    UART_Receive_IT                          0x08001c09   Thumb Code   166  stm32l1xx_hal_uart.o(i.UART_Receive_IT)
    i.UART_SetConfig                         0x08001cb0   Section        0  stm32l1xx_hal_uart.o(i.UART_SetConfig)
    UART_SetConfig                           0x08001cb1   Thumb Code   428  stm32l1xx_hal_uart.o(i.UART_SetConfig)
    i.UART_Transmit_IT                       0x08001e60   Section        0  stm32l1xx_hal_uart.o(i.UART_Transmit_IT)
    UART_Transmit_IT                         0x08001e61   Thumb Code   104  stm32l1xx_hal_uart.o(i.UART_Transmit_IT)
    i.UART_WaitOnFlagUntilTimeout            0x08001ec8   Section        0  stm32l1xx_hal_uart.o(i.UART_WaitOnFlagUntilTimeout)
    UART_WaitOnFlagUntilTimeout              0x08001ec9   Thumb Code   108  stm32l1xx_hal_uart.o(i.UART_WaitOnFlagUntilTimeout)
    i.USART1_IRQHandler                      0x08001f34   Section        0  stm32l1xx_it.o(i.USART1_IRQHandler)
    i.UsageFault_Handler                     0x08001f44   Section        0  stm32l1xx_it.o(i.UsageFault_Handler)
    i._SysTick_Config                        0x08001f48   Section        0  board.o(i._SysTick_Config)
    _SysTick_Config                          0x08001f49   Thumb Code    44  board.o(i._SysTick_Config)
    i.__NVIC_GetPriorityGrouping             0x08001f78   Section        0  stm32l1xx_hal_cortex.o(i.__NVIC_GetPriorityGrouping)
    __NVIC_GetPriorityGrouping               0x08001f79   Thumb Code    10  stm32l1xx_hal_cortex.o(i.__NVIC_GetPriorityGrouping)
    i.__NVIC_SetPriority                     0x08001f88   Section        0  stm32l1xx_hal_cortex.o(i.__NVIC_SetPriority)
    __NVIC_SetPriority                       0x08001f89   Thumb Code    32  stm32l1xx_hal_cortex.o(i.__NVIC_SetPriority)
    i.__rt_ffs                               0x08001fb0   Section        0  kservice.o(i.__rt_ffs)
    i.__scatterload_copy                     0x08001ffc   Section       14  handlers.o(i.__scatterload_copy)
    i.__scatterload_null                     0x0800200a   Section        2  handlers.o(i.__scatterload_null)
    i.__scatterload_zeroinit                 0x0800200c   Section       14  handlers.o(i.__scatterload_zeroinit)
    i._has_defunct_thread                    0x0800201c   Section        0  idle.o(i._has_defunct_thread)
    _has_defunct_thread                      0x0800201d   Thumb Code    16  idle.o(i._has_defunct_thread)
    i._rt_thread_init                        0x08002030   Section        0  thread.o(i._rt_thread_init)
    _rt_thread_init                          0x08002031   Thumb Code   124  thread.o(i._rt_thread_init)
    i._rt_timer_init                         0x080020b4   Section        0  timer.o(i._rt_timer_init)
    _rt_timer_init                           0x080020b5   Thumb Code    66  timer.o(i._rt_timer_init)
    i._rt_timer_remove                       0x080020f6   Section        0  timer.o(i._rt_timer_remove)
    _rt_timer_remove                         0x080020f7   Thumb Code    46  timer.o(i._rt_timer_remove)
    i.keyInit                                0x08002124   Section        0  key.o(i.keyInit)
    i.main                                   0x08002190   Section        0  main.o(i.main)
    i.main_thread_entry                      0x080021f4   Section        0  components.o(i.main_thread_entry)
    i.print_number                           0x08002204   Section        0  kservice.o(i.print_number)
    print_number                             0x08002205   Thumb Code   400  kservice.o(i.print_number)
    i.rt_application_init                    0x0800239c   Section        0  components.o(i.rt_application_init)
    i.rt_components_board_init               0x080023dc   Section        0  components.o(i.rt_components_board_init)
    i.rt_components_init                     0x080023f8   Section        0  components.o(i.rt_components_init)
    i.rt_enter_critical                      0x08002414   Section        0  scheduler.o(i.rt_enter_critical)
    i.rt_exit_critical                       0x08002434   Section        0  scheduler.o(i.rt_exit_critical)
    i.rt_hw_board_init                       0x08002478   Section        0  board.o(i.rt_hw_board_init)
    i.rt_hw_console_output                   0x080024a0   Section        0  usart.o(i.rt_hw_console_output)
    i.rt_hw_hard_fault_exception             0x080024f0   Section        0  cpuport.o(i.rt_hw_hard_fault_exception)
    i.rt_hw_stack_init                       0x080026f0   Section        0  cpuport.o(i.rt_hw_stack_init)
    i.rt_interrupt_enter                     0x0800273c   Section        0  irq.o(i.rt_interrupt_enter)
    i.rt_interrupt_leave                     0x0800275c   Section        0  irq.o(i.rt_interrupt_leave)
    i.rt_kprintf                             0x0800277c   Section        0  kservice.o(i.rt_kprintf)
    i.rt_list_init                           0x080027ac   Section        0  scheduler.o(i.rt_list_init)
    rt_list_init                             0x080027ad   Thumb Code     6  scheduler.o(i.rt_list_init)
    i.rt_list_init                           0x080027b2   Section        0  timer.o(i.rt_list_init)
    rt_list_init                             0x080027b3   Thumb Code     6  timer.o(i.rt_list_init)
    i.rt_list_insert_after                   0x080027b8   Section        0  thread.o(i.rt_list_insert_after)
    rt_list_insert_after                     0x080027b9   Thumb Code    14  thread.o(i.rt_list_insert_after)
    i.rt_list_insert_after                   0x080027c6   Section        0  timer.o(i.rt_list_insert_after)
    rt_list_insert_after                     0x080027c7   Thumb Code    14  timer.o(i.rt_list_insert_after)
    i.rt_list_isempty                        0x080027d4   Section        0  timer.o(i.rt_list_isempty)
    rt_list_isempty                          0x080027d5   Thumb Code    16  timer.o(i.rt_list_isempty)
    i.rt_list_remove                         0x080027e4   Section        0  thread.o(i.rt_list_remove)
    rt_list_remove                           0x080027e5   Thumb Code    18  thread.o(i.rt_list_remove)
    i.rt_memset                              0x080027f6   Section        0  kservice.o(i.rt_memset)
    i.rt_object_detach                       0x0800283e   Section        0  object.o(i.rt_object_detach)
    i.rt_object_get_information              0x0800286c   Section        0  object.o(i.rt_object_get_information)
    i.rt_object_init                         0x08002894   Section        0  object.o(i.rt_object_init)
    i.rt_object_is_systemobject              0x080028f4   Section        0  object.o(i.rt_object_is_systemobject)
    i.rt_schedule                            0x08002908   Section        0  scheduler.o(i.rt_schedule)
    i.rt_schedule_insert_thread              0x0800298c   Section        0  scheduler.o(i.rt_schedule_insert_thread)
    i.rt_schedule_remove_thread              0x080029dc   Section        0  scheduler.o(i.rt_schedule_remove_thread)
    i.rt_show_version                        0x08002a30   Section        0  kservice.o(i.rt_show_version)
    i.rt_strlen                              0x08002ae0   Section        0  kservice.o(i.rt_strlen)
    i.rt_strncpy                             0x08002af2   Section        0  kservice.o(i.rt_strncpy)
    i.rt_system_scheduler_init               0x08002b28   Section        0  scheduler.o(i.rt_system_scheduler_init)
    i.rt_system_scheduler_start              0x08002b74   Section        0  scheduler.o(i.rt_system_scheduler_start)
    i.rt_system_timer_init                   0x08002ba4   Section        0  timer.o(i.rt_system_timer_init)
    i.rt_system_timer_thread_init            0x08002bc0   Section        0  timer.o(i.rt_system_timer_thread_init)
    i.rt_thread_exit                         0x08002bc4   Section        0  thread.o(i.rt_thread_exit)
    i.rt_thread_idle_entry                   0x08002c18   Section        0  idle.o(i.rt_thread_idle_entry)
    rt_thread_idle_entry                     0x08002c19   Thumb Code     8  idle.o(i.rt_thread_idle_entry)
    i.rt_thread_idle_excute                  0x08002c20   Section        0  idle.o(i.rt_thread_idle_excute)
    i.rt_thread_idle_init                    0x08002ca0   Section        0  idle.o(i.rt_thread_idle_init)
    i.rt_thread_init                         0x08002cdc   Section        0  thread.o(i.rt_thread_init)
    i.rt_thread_mdelay                       0x08002d10   Section        0  thread.o(i.rt_thread_mdelay)
    i.rt_thread_resume                       0x08002d24   Section        0  thread.o(i.rt_thread_resume)
    i.rt_thread_self                         0x08002d60   Section        0  thread.o(i.rt_thread_self)
    i.rt_thread_sleep                        0x08002d6c   Section        0  thread.o(i.rt_thread_sleep)
    i.rt_thread_startup                      0x08002db0   Section        0  thread.o(i.rt_thread_startup)
    i.rt_thread_suspend                      0x08002ddc   Section        0  thread.o(i.rt_thread_suspend)
    i.rt_thread_timeout                      0x08002e20   Section        0  thread.o(i.rt_thread_timeout)
    i.rt_thread_yield                        0x08002e40   Section        0  thread.o(i.rt_thread_yield)
    i.rt_tick_from_millisecond               0x08002ea4   Section        0  clock.o(i.rt_tick_from_millisecond)
    i.rt_tick_get                            0x08002edc   Section        0  clock.o(i.rt_tick_get)
    i.rt_tick_increase                       0x08002ee8   Section        0  clock.o(i.rt_tick_increase)
    i.rt_timer_check                         0x08002f18   Section        0  timer.o(i.rt_timer_check)
    i.rt_timer_control                       0x08002f94   Section        0  timer.o(i.rt_timer_control)
    i.rt_timer_detach                        0x08002fcc   Section        0  timer.o(i.rt_timer_detach)
    i.rt_timer_init                          0x08002fec   Section        0  timer.o(i.rt_timer_init)
    i.rt_timer_start                         0x0800301c   Section        0  timer.o(i.rt_timer_start)
    i.rt_timer_stop                          0x08003114   Section        0  timer.o(i.rt_timer_stop)
    i.rt_vsnprintf                           0x08003144   Section        0  kservice.o(i.rt_vsnprintf)
    i.rti_board_end                          0x08003474   Section        0  components.o(i.rti_board_end)
    rti_board_end                            0x08003475   Thumb Code     4  components.o(i.rti_board_end)
    i.rti_board_start                        0x08003478   Section        0  components.o(i.rti_board_start)
    rti_board_start                          0x08003479   Thumb Code     4  components.o(i.rti_board_start)
    i.rti_end                                0x0800347c   Section        0  components.o(i.rti_end)
    rti_end                                  0x0800347d   Thumb Code     4  components.o(i.rti_end)
    i.rti_start                              0x08003480   Section        0  components.o(i.rti_start)
    rti_start                                0x08003481   Thumb Code     4  components.o(i.rti_start)
    i.rtthread_startup                       0x08003484   Section        0  components.o(i.rtthread_startup)
    i.skip_atoi                              0x080034ae   Section        0  kservice.o(i.skip_atoi)
    skip_atoi                                0x080034af   Thumb Code    38  kservice.o(i.skip_atoi)
    .constdata                               0x080034d4   Section       40  main.o(.constdata)
    .constdata                               0x080034fc   Section       33  system_stm32l1xx.o(.constdata)
    .constdata                               0x0800351d   Section      290  kservice.o(.constdata)
    small_digits                             0x0800361d   Data          17  kservice.o(.constdata)
    large_digits                             0x0800362e   Data          17  kservice.o(.constdata)
    .conststring                             0x08003640   Section       38  main.o(.conststring)
    .rti_fn.0                                0x08003668   Section        4  components.o(.rti_fn.0)
    __tagsym$$used                           0x08003668   Number         0  components.o(.rti_fn.0)
    .rti_fn.0.end                            0x0800366c   Section        4  components.o(.rti_fn.0.end)
    __tagsym$$used                           0x0800366c   Number         0  components.o(.rti_fn.0.end)
    .rti_fn.1.end                            0x08003670   Section        4  components.o(.rti_fn.1.end)
    __tagsym$$used                           0x08003670   Number         0  components.o(.rti_fn.1.end)
    .rti_fn.6.end                            0x08003674   Section        4  components.o(.rti_fn.6.end)
    __tagsym$$used                           0x08003674   Number         0  components.o(.rti_fn.6.end)
    .data                                    0x20000000   Section       12  stm32l1xx_hal.o(.data)
    .data                                    0x2000000c   Section        4  system_stm32l1xx.o(.data)
    .data                                    0x20000010   Section        4  clock.o(.data)
    rt_tick                                  0x20000010   Data           4  clock.o(.data)
    .data                                    0x20000014   Section        1  irq.o(.data)
    .data                                    0x20000018   Section       80  object.o(.data)
    rt_object_container                      0x20000018   Data          80  object.o(.data)
    .data                                    0x20000068   Section       24  scheduler.o(.data)
    rt_scheduler_lock_nest                   0x20000068   Data           2  scheduler.o(.data)
    .data                                    0x20000080   Section       12  timer.o(.data)
    rt_timer_list                            0x20000080   Data           8  timer.o(.data)
    random_nr                                0x20000088   Data           4  timer.o(.data)
    .data                                    0x2000008c   Section       16  cpuport.o(.data)
    rt_exception_hook                        0x20000098   Data           4  cpuport.o(.data)
    .data                                    0x2000009c   Section       28  pcf8563.o(.data)
    .bss                                     0x200000b8   Section       88  spi.o(.bss)
    .bss                                     0x20000110   Section       64  usart.o(.bss)
    .bss                                     0x20000150   Section      376  components.o(.bss)
    main_stack                               0x20000150   Data         256  components.o(.bss)
    .bss                                     0x200002c8   Section      248  idle.o(.bss)
    idle                                     0x200002c8   Data         120  idle.o(.bss)
    rt_thread_stack                          0x20000340   Data         128  idle.o(.bss)
    .bss                                     0x200003c0   Section      128  kservice.o(.bss)
    rt_log_buf                               0x200003c0   Data         128  kservice.o(.bss)
    .bss                                     0x20000440   Section       64  scheduler.o(.bss)
    STACK                                    0x20000480   Section     1024  startup_stm32l151xba.o(STACK)

    Global Symbols

    Symbol Name                              Value     Ov Type        Size  Object(Section)

    BuildAttributes$$THM_ISAv4$P$D$K$B$S$PE$A:L22UL41UL21$X:L11$S22US41US21$IEEE1$IW$USESV6$~STKCKD$USESV7$~SHL$OSPACE$ROPI$EBA8$MICROLIB$REQ8$PRES8$EABIv2 0x00000000   Number         0  anon$$obj.o ABSOLUTE
    __ARM_use_no_argv                        0x00000000   Number         0  main.o ABSOLUTE
    __cpp_initialize__aeabi_                  - Undefined Weak Reference
    __cxa_finalize                            - Undefined Weak Reference
    __decompress                              - Undefined Weak Reference
    _clock_init                               - Undefined Weak Reference
    _microlib_exit                            - Undefined Weak Reference
    __Vectors_Size                           0x000000f4   Number         0  startup_stm32l151xba.o ABSOLUTE
    __Vectors                                0x08000000   Data           4  startup_stm32l151xba.o(RESET)
    __Vectors_End                            0x080000f4   Data           0  startup_stm32l151xba.o(RESET)
    __main                                   0x080000f5   Thumb Code     0  entry.o(.ARM.Collect$$$$00000000)
    _main_stk                                0x080000f5   Thumb Code     0  entry2.o(.ARM.Collect$$$$00000001)
    _main_scatterload                        0x080000f9   Thumb Code     0  entry5.o(.ARM.Collect$$$$00000004)
    __main_after_scatterload                 0x080000fd   Thumb Code     0  entry5.o(.ARM.Collect$$$$00000004)
    _main_clock                              0x080000fd   Thumb Code     0  entry7b.o(.ARM.Collect$$$$00000008)
    _main_cpp_init                           0x080000fd   Thumb Code     0  entry8b.o(.ARM.Collect$$$$0000000A)
    _main_init                               0x080000fd   Thumb Code     0  entry9a.o(.ARM.Collect$$$$0000000B)
    __rt_final_cpp                           0x08000105   Thumb Code     0  entry10a.o(.ARM.Collect$$$$0000000D)
    __rt_final_exit                          0x08000105   Thumb Code     0  entry11a.o(.ARM.Collect$$$$0000000F)
    Reset_Handler                            0x08000109   Thumb Code     8  startup_stm32l151xba.o(.text)
    ADC1_IRQHandler                          0x08000123   Thumb Code     0  startup_stm32l151xba.o(.text)
    COMP_IRQHandler                          0x08000123   Thumb Code     0  startup_stm32l151xba.o(.text)
    DAC_IRQHandler                           0x08000123   Thumb Code     0  startup_stm32l151xba.o(.text)
    DMA1_Channel1_IRQHandler                 0x08000123   Thumb Code     0  startup_stm32l151xba.o(.text)
    DMA1_Channel2_IRQHandler                 0x08000123   Thumb Code     0  startup_stm32l151xba.o(.text)
    DMA1_Channel3_IRQHandler                 0x08000123   Thumb Code     0  startup_stm32l151xba.o(.text)
    DMA1_Channel4_IRQHandler                 0x08000123   Thumb Code     0  startup_stm32l151xba.o(.text)
    DMA1_Channel5_IRQHandler                 0x08000123   Thumb Code     0  startup_stm32l151xba.o(.text)
    DMA1_Channel6_IRQHandler                 0x08000123   Thumb Code     0  startup_stm32l151xba.o(.text)
    DMA1_Channel7_IRQHandler                 0x08000123   Thumb Code     0  startup_stm32l151xba.o(.text)
    EXTI0_IRQHandler                         0x08000123   Thumb Code     0  startup_stm32l151xba.o(.text)
    EXTI15_10_IRQHandler                     0x08000123   Thumb Code     0  startup_stm32l151xba.o(.text)
    EXTI1_IRQHandler                         0x08000123   Thumb Code     0  startup_stm32l151xba.o(.text)
    EXTI2_IRQHandler                         0x08000123   Thumb Code     0  startup_stm32l151xba.o(.text)
    EXTI4_IRQHandler                         0x08000123   Thumb Code     0  startup_stm32l151xba.o(.text)
    EXTI9_5_IRQHandler                       0x08000123   Thumb Code     0  startup_stm32l151xba.o(.text)
    FLASH_IRQHandler                         0x08000123   Thumb Code     0  startup_stm32l151xba.o(.text)
    I2C1_ER_IRQHandler                       0x08000123   Thumb Code     0  startup_stm32l151xba.o(.text)
    I2C1_EV_IRQHandler                       0x08000123   Thumb Code     0  startup_stm32l151xba.o(.text)
    I2C2_ER_IRQHandler                       0x08000123   Thumb Code     0  startup_stm32l151xba.o(.text)
    I2C2_EV_IRQHandler                       0x08000123   Thumb Code     0  startup_stm32l151xba.o(.text)
    PVD_IRQHandler                           0x08000123   Thumb Code     0  startup_stm32l151xba.o(.text)
    RCC_IRQHandler                           0x08000123   Thumb Code     0  startup_stm32l151xba.o(.text)
    RTC_Alarm_IRQHandler                     0x08000123   Thumb Code     0  startup_stm32l151xba.o(.text)
    RTC_WKUP_IRQHandler                      0x08000123   Thumb Code     0  startup_stm32l151xba.o(.text)
    SPI1_IRQHandler                          0x08000123   Thumb Code     0  startup_stm32l151xba.o(.text)
    SPI2_IRQHandler                          0x08000123   Thumb Code     0  startup_stm32l151xba.o(.text)
    TAMPER_STAMP_IRQHandler                  0x08000123   Thumb Code     0  startup_stm32l151xba.o(.text)
    TIM10_IRQHandler                         0x08000123   Thumb Code     0  startup_stm32l151xba.o(.text)
    TIM11_IRQHandler                         0x08000123   Thumb Code     0  startup_stm32l151xba.o(.text)
    TIM2_IRQHandler                          0x08000123   Thumb Code     0  startup_stm32l151xba.o(.text)
    TIM3_IRQHandler                          0x08000123   Thumb Code     0  startup_stm32l151xba.o(.text)
    TIM4_IRQHandler                          0x08000123   Thumb Code     0  startup_stm32l151xba.o(.text)
    TIM6_IRQHandler                          0x08000123   Thumb Code     0  startup_stm32l151xba.o(.text)
    TIM7_IRQHandler                          0x08000123   Thumb Code     0  startup_stm32l151xba.o(.text)
    TIM9_IRQHandler                          0x08000123   Thumb Code     0  startup_stm32l151xba.o(.text)
    USART2_IRQHandler                        0x08000123   Thumb Code     0  startup_stm32l151xba.o(.text)
    USART3_IRQHandler                        0x08000123   Thumb Code     0  startup_stm32l151xba.o(.text)
    USB_FS_WKUP_IRQHandler                   0x08000123   Thumb Code     0  startup_stm32l151xba.o(.text)
    USB_HP_IRQHandler                        0x08000123   Thumb Code     0  startup_stm32l151xba.o(.text)
    USB_LP_IRQHandler                        0x08000123   Thumb Code     0  startup_stm32l151xba.o(.text)
    WWDG_IRQHandler                          0x08000123   Thumb Code     0  startup_stm32l151xba.o(.text)
    rt_hw_interrupt_disable                  0x0800012d   Thumb Code     8  context_rvds.o(.text)
    rt_hw_interrupt_enable                   0x08000135   Thumb Code     6  context_rvds.o(.text)
    rt_hw_context_switch                     0x0800013b   Thumb Code    32  context_rvds.o(.text)
    rt_hw_context_switch_interrupt           0x0800013b   Thumb Code     0  context_rvds.o(.text)
    PendSV_Handler                           0x0800015b   Thumb Code    60  context_rvds.o(.text)
    rt_hw_context_switch_to                  0x08000197   Thumb Code    58  context_rvds.o(.text)
    rt_hw_interrupt_thread_switch            0x080001d1   Thumb Code     2  context_rvds.o(.text)
    HardFault_Handler                        0x080001d3   Thumb Code    52  context_rvds.o(.text)
    __aeabi_uldivmod                         0x08000221   Thumb Code    98  uldiv.o(.text)
    __aeabi_memcpy                           0x08000283   Thumb Code    36  memcpya.o(.text)
    __aeabi_memcpy4                          0x08000283   Thumb Code     0  memcpya.o(.text)
    __aeabi_memcpy8                          0x08000283   Thumb Code     0  memcpya.o(.text)
    __aeabi_memset                           0x080002a7   Thumb Code    14  memseta.o(.text)
    __aeabi_memset4                          0x080002a7   Thumb Code     0  memseta.o(.text)
    __aeabi_memset8                          0x080002a7   Thumb Code     0  memseta.o(.text)
    __aeabi_memclr                           0x080002b5   Thumb Code     4  memseta.o(.text)
    __aeabi_memclr4                          0x080002b5   Thumb Code     0  memseta.o(.text)
    __aeabi_memclr8                          0x080002b5   Thumb Code     0  memseta.o(.text)
    _memset$wrapper                          0x080002b9   Thumb Code    18  memseta.o(.text)
    __aeabi_llsl                             0x080002cb   Thumb Code    30  llshl.o(.text)
    _ll_shift_l                              0x080002cb   Thumb Code     0  llshl.o(.text)
    __aeabi_llsr                             0x080002e9   Thumb Code    32  llushr.o(.text)
    _ll_ushift_r                             0x080002e9   Thumb Code     0  llushr.o(.text)
    __scatterload                            0x08000309   Thumb Code    28  init.o(.text)
    __scatterload_rt2                        0x08000309   Thumb Code     0  init.o(.text)
    main                                     0x0800032d   Thumb Code    10  components.o(i.$Sub$$main)
    BusFault_Handler                         0x08000337   Thumb Code     4  stm32l1xx_it.o(i.BusFault_Handler)
    DebugMon_Handler                         0x0800033b   Thumb Code     2  stm32l1xx_it.o(i.DebugMon_Handler)
    EXTI3_IRQHandler                         0x0800033d   Thumb Code    10  key.o(i.EXTI3_IRQHandler)
    Error_Handler                            0x08000347   Thumb Code     2  main.o(i.Error_Handler)
    HAL_DMA_Abort_IT                         0x08000349   Thumb Code    92  stm32l1xx_hal_dma.o(i.HAL_DMA_Abort_IT)
    HAL_GPIO_EXTI_Callback                   0x080003a5   Thumb Code    26  key.o(i.HAL_GPIO_EXTI_Callback)
    HAL_GPIO_EXTI_IRQHandler                 0x080003c5   Thumb Code    24  stm32l1xx_hal_gpio.o(i.HAL_GPIO_EXTI_IRQHandler)
    HAL_GPIO_Init                            0x080003e1   Thumb Code   430  stm32l1xx_hal_gpio.o(i.HAL_GPIO_Init)
    HAL_GPIO_ReadPin                         0x080005b1   Thumb Code    16  stm32l1xx_hal_gpio.o(i.HAL_GPIO_ReadPin)
    HAL_GPIO_TogglePin                       0x080005c1   Thumb Code    20  stm32l1xx_hal_gpio.o(i.HAL_GPIO_TogglePin)
    HAL_GPIO_WritePin                        0x080005d5   Thumb Code    12  stm32l1xx_hal_gpio.o(i.HAL_GPIO_WritePin)
    HAL_GetTick                              0x080005e1   Thumb Code     6  stm32l1xx_hal.o(i.HAL_GetTick)
    HAL_Init                                 0x080005ed   Thumb Code    30  stm32l1xx_hal.o(i.HAL_Init)
    HAL_InitTick                             0x0800060d   Thumb Code    74  stm32l1xx_hal.o(i.HAL_InitTick)
    HAL_MspInit                              0x08000665   Thumb Code    88  stm32l1xx_hal_msp.o(i.HAL_MspInit)
    HAL_NVIC_EnableIRQ                       0x080006c1   Thumb Code    32  stm32l1xx_hal_cortex.o(i.HAL_NVIC_EnableIRQ)
    HAL_NVIC_SetPriority                     0x080006e1   Thumb Code   124  stm32l1xx_hal_cortex.o(i.HAL_NVIC_SetPriority)
    HAL_NVIC_SetPriorityGrouping             0x0800075d   Thumb Code    32  stm32l1xx_hal_cortex.o(i.HAL_NVIC_SetPriorityGrouping)
    HAL_RCC_ClockConfig                      0x08000785   Thumb Code   522  stm32l1xx_hal_rcc.o(i.HAL_RCC_ClockConfig)
    HAL_RCC_GetHCLKFreq                      0x080009a5   Thumb Code     6  stm32l1xx_hal_rcc.o(i.HAL_RCC_GetHCLKFreq)
    HAL_RCC_GetPCLK1Freq                     0x080009b1   Thumb Code    22  stm32l1xx_hal_rcc.o(i.HAL_RCC_GetPCLK1Freq)
    HAL_RCC_GetPCLK2Freq                     0x080009d1   Thumb Code    22  stm32l1xx_hal_rcc.o(i.HAL_RCC_GetPCLK2Freq)
    HAL_RCC_GetSysClockFreq                  0x080009f1   Thumb Code   144  stm32l1xx_hal_rcc.o(i.HAL_RCC_GetSysClockFreq)
    HAL_RCC_OscConfig                        0x08000a91   Thumb Code  1480  stm32l1xx_hal_rcc.o(i.HAL_RCC_OscConfig)
    HAL_SPI_Init                             0x08001061   Thumb Code   178  stm32l1xx_hal_spi.o(i.HAL_SPI_Init)
    HAL_SPI_MspInit                          0x08001115   Thumb Code   110  spi.o(i.HAL_SPI_MspInit)
    HAL_SYSTICK_Config                       0x08001191   Thumb Code    52  stm32l1xx_hal_cortex.o(i.HAL_SYSTICK_Config)
    HAL_UART_ErrorCallback                   0x080011c5   Thumb Code     2  stm32l1xx_hal_uart.o(i.HAL_UART_ErrorCallback)
    HAL_UART_IRQHandler                      0x080011c9   Thumb Code   336  stm32l1xx_hal_uart.o(i.HAL_UART_IRQHandler)
    HAL_UART_Init                            0x0800131d   Thumb Code   114  stm32l1xx_hal_uart.o(i.HAL_UART_Init)
    HAL_UART_MspInit                         0x08001391   Thumb Code   128  usart.o(i.HAL_UART_MspInit)
    HAL_UART_RxCpltCallback                  0x0800141d   Thumb Code     2  stm32l1xx_hal_uart.o(i.HAL_UART_RxCpltCallback)
    HAL_UART_Transmit                        0x0800141f   Thumb Code   216  stm32l1xx_hal_uart.o(i.HAL_UART_Transmit)
    HAL_UART_TxCpltCallback                  0x080014f7   Thumb Code     2  stm32l1xx_hal_uart.o(i.HAL_UART_TxCpltCallback)
    MX_GPIO_Init                             0x080014f9   Thumb Code   188  gpio.o(i.MX_GPIO_Init)
    MX_SPI1_Init                             0x080015c1   Thumb Code    66  spi.o(i.MX_SPI1_Init)
    MX_USART1_UART_Init                      0x0800160d   Thumb Code    46  usart.o(i.MX_USART1_UART_Init)
    MemManage_Handler                        0x08001645   Thumb Code     4  stm32l1xx_it.o(i.MemManage_Handler)
    NMI_Handler                              0x08001649   Thumb Code     2  stm32l1xx_it.o(i.NMI_Handler)
    PCF8563_IIC_Init                         0x0800164d   Thumb Code    82  pcf8563.o(i.PCF8563_IIC_Init)
    PCF8563_IIC_Send_Byte                    0x080016a9   Thumb Code   122  pcf8563.o(i.PCF8563_IIC_Send_Byte)
    PCF8563_IIC_Start                        0x08001729   Thumb Code    82  pcf8563.o(i.PCF8563_IIC_Start)
    PCF8563_IIC_Stop                         0x08001781   Thumb Code    82  pcf8563.o(i.PCF8563_IIC_Stop)
    PCF8563_IIC_Wait_Ack                     0x080017d9   Thumb Code   102  pcf8563.o(i.PCF8563_IIC_Wait_Ack)
    PCF8563_SetINT                           0x08001845   Thumb Code    28  pcf8563.o(i.PCF8563_SetINT)
    PCF8563_WriteOneByte                     0x08001861   Thumb Code    52  pcf8563.o(i.PCF8563_WriteOneByte)
    PCF8563_WriteTime                        0x08001895   Thumb Code   140  pcf8563.o(i.PCF8563_WriteTime)
    SI7020_IIC_Init                          0x080019d1   Thumb Code   108  si7020_iic.o(i.SI7020_IIC_Init)
    SVC_Handler                              0x08001a45   Thumb Code     2  stm32l1xx_it.o(i.SVC_Handler)
    SysTick_Handler                          0x08001a47   Thumb Code    16  board.o(i.SysTick_Handler)
    SystemClock_Config                       0x08001a59   Thumb Code   106  main.o(i.SystemClock_Config)
    SystemCoreClockUpdate                    0x08001ac9   Thumb Code   194  system_stm32l1xx.o(i.SystemCoreClockUpdate)
    SystemInit                               0x08001ba5   Thumb Code    10  system_stm32l1xx.o(i.SystemInit)
    USART1_IRQHandler                        0x08001f35   Thumb Code    10  stm32l1xx_it.o(i.USART1_IRQHandler)
    UsageFault_Handler                       0x08001f45   Thumb Code     4  stm32l1xx_it.o(i.UsageFault_Handler)
    __rt_ffs                                 0x08001fb1   Thumb Code    70  kservice.o(i.__rt_ffs)
    __scatterload_copy                       0x08001ffd   Thumb Code    14  handlers.o(i.__scatterload_copy)
    __scatterload_null                       0x0800200b   Thumb Code     2  handlers.o(i.__scatterload_null)
    __scatterload_zeroinit                   0x0800200d   Thumb Code    14  handlers.o(i.__scatterload_zeroinit)
    keyInit                                  0x08002125   Thumb Code    94  key.o(i.keyInit)
    $Super$$main                             0x08002191   Thumb Code    70  main.o(i.main)
    main_thread_entry                        0x080021f5   Thumb Code    14  components.o(i.main_thread_entry)
    rt_application_init                      0x0800239d   Thumb Code    42  components.o(i.rt_application_init)
    rt_components_board_init                 0x080023dd   Thumb Code    20  components.o(i.rt_components_board_init)
    rt_components_init                       0x080023f9   Thumb Code    20  components.o(i.rt_components_init)
    rt_enter_critical                        0x08002415   Thumb Code    28  scheduler.o(i.rt_enter_critical)
    rt_exit_critical                         0x08002435   Thumb Code    60  scheduler.o(i.rt_exit_critical)
    rt_hw_board_init                         0x08002479   Thumb Code    34  board.o(i.rt_hw_board_init)
    rt_hw_console_output                     0x080024a1   Thumb Code    74  usart.o(i.rt_hw_console_output)
    rt_hw_hard_fault_exception               0x080024f1   Thumb Code   190  cpuport.o(i.rt_hw_hard_fault_exception)
    rt_hw_stack_init                         0x080026f1   Thumb Code    70  cpuport.o(i.rt_hw_stack_init)
    rt_interrupt_enter                       0x0800273d   Thumb Code    26  irq.o(i.rt_interrupt_enter)
    rt_interrupt_leave                       0x0800275d   Thumb Code    26  irq.o(i.rt_interrupt_leave)
    rt_kprintf                               0x0800277d   Thumb Code    44  kservice.o(i.rt_kprintf)
    rt_memset                                0x080027f7   Thumb Code    72  kservice.o(i.rt_memset)
    rt_object_detach                         0x0800283f   Thumb Code    44  object.o(i.rt_object_detach)
    rt_object_get_information                0x0800286d   Thumb Code    36  object.o(i.rt_object_get_information)
    rt_object_init                           0x08002895   Thumb Code    96  object.o(i.rt_object_init)
    rt_object_is_systemobject                0x080028f5   Thumb Code    18  object.o(i.rt_object_is_systemobject)
    rt_schedule                              0x08002909   Thumb Code   106  scheduler.o(i.rt_schedule)
    rt_schedule_insert_thread                0x0800298d   Thumb Code    72  scheduler.o(i.rt_schedule_insert_thread)
    rt_schedule_remove_thread                0x080029dd   Thumb Code    76  scheduler.o(i.rt_schedule_remove_thread)
    rt_show_version                          0x08002a31   Thumb Code    38  kservice.o(i.rt_show_version)
    rt_strlen                                0x08002ae1   Thumb Code    18  kservice.o(i.rt_strlen)
    rt_strncpy                               0x08002af3   Thumb Code    52  kservice.o(i.rt_strncpy)
    rt_system_scheduler_init                 0x08002b29   Thumb Code    52  scheduler.o(i.rt_system_scheduler_init)
    rt_system_scheduler_start                0x08002b75   Thumb Code    36  scheduler.o(i.rt_system_scheduler_start)
    rt_system_timer_init                     0x08002ba5   Thumb Code    24  timer.o(i.rt_system_timer_init)
    rt_system_timer_thread_init              0x08002bc1   Thumb Code     2  timer.o(i.rt_system_timer_thread_init)
    rt_thread_exit                           0x08002bc5   Thumb Code    76  thread.o(i.rt_thread_exit)
    rt_thread_idle_excute                    0x08002c21   Thumb Code   122  idle.o(i.rt_thread_idle_excute)
    rt_thread_idle_init                      0x08002ca1   Thumb Code    38  idle.o(i.rt_thread_idle_init)
    rt_thread_init                           0x08002cdd   Thumb Code    52  thread.o(i.rt_thread_init)
    rt_thread_mdelay                         0x08002d11   Thumb Code    20  thread.o(i.rt_thread_mdelay)
    rt_thread_resume                         0x08002d25   Thumb Code    60  thread.o(i.rt_thread_resume)
    rt_thread_self                           0x08002d61   Thumb Code     6  thread.o(i.rt_thread_self)
    rt_thread_sleep                          0x08002d6d   Thumb Code    62  thread.o(i.rt_thread_sleep)
    rt_thread_startup                        0x08002db1   Thumb Code    44  thread.o(i.rt_thread_startup)
    rt_thread_suspend                        0x08002ddd   Thumb Code    68  thread.o(i.rt_thread_suspend)
    rt_thread_timeout                        0x08002e21   Thumb Code    32  thread.o(i.rt_thread_timeout)
    rt_thread_yield                          0x08002e41   Thumb Code    92  thread.o(i.rt_thread_yield)
    rt_tick_from_millisecond                 0x08002ea5   Thumb Code    56  clock.o(i.rt_tick_from_millisecond)
    rt_tick_get                              0x08002edd   Thumb Code     6  clock.o(i.rt_tick_get)
    rt_tick_increase                         0x08002ee9   Thumb Code    42  clock.o(i.rt_tick_increase)
    rt_timer_check                           0x08002f19   Thumb Code   118  timer.o(i.rt_timer_check)
    rt_timer_control                         0x08002f95   Thumb Code    56  timer.o(i.rt_timer_control)
    rt_timer_detach                          0x08002fcd   Thumb Code    32  timer.o(i.rt_timer_detach)
    rt_timer_init                            0x08002fed   Thumb Code    46  timer.o(i.rt_timer_init)
    rt_timer_start                           0x0800301d   Thumb Code   238  timer.o(i.rt_timer_start)
    rt_timer_stop                            0x08003115   Thumb Code    48  timer.o(i.rt_timer_stop)
    rt_vsnprintf                             0x08003145   Thumb Code   808  kservice.o(i.rt_vsnprintf)
    rtthread_startup                         0x08003485   Thumb Code    42  components.o(i.rtthread_startup)
    PLLMulTable                              0x080034fc   Data           9  system_stm32l1xx.o(.constdata)
    AHBPrescTable                            0x08003505   Data          16  system_stm32l1xx.o(.constdata)
    APBPrescTable                            0x08003515   Data           8  system_stm32l1xx.o(.constdata)
    __lowest_bit_bitmap                      0x0800351d   Data         256  kservice.o(.constdata)
    __rt_init_rti_start                      0x08003668   Data           4  components.o(.rti_fn.0)
    __rt_init_rti_board_start                0x0800366c   Data           4  components.o(.rti_fn.0.end)
    __rt_init_rti_board_end                  0x08003670   Data           4  components.o(.rti_fn.1.end)
    __rt_init_rti_end                        0x08003674   Data           4  components.o(.rti_fn.6.end)
    Region$$Table$$Base                      0x08003678   Number         0  anon$$obj.o(Region$$Table)
    Region$$Table$$Limit                     0x08003698   Number         0  anon$$obj.o(Region$$Table)
    uwTick                                   0x20000000   Data           4  stm32l1xx_hal.o(.data)
    uwTickPrio                               0x20000004   Data           4  stm32l1xx_hal.o(.data)
    uwTickFreq                               0x20000008   Data           4  stm32l1xx_hal.o(.data)
    SystemCoreClock                          0x2000000c   Data           4  system_stm32l1xx.o(.data)
    rt_interrupt_nest                        0x20000014   Data           1  irq.o(.data)
    rt_current_thread                        0x2000006c   Data           4  scheduler.o(.data)
    rt_current_priority                      0x20000070   Data           1  scheduler.o(.data)
    rt_thread_ready_priority_group           0x20000074   Data           4  scheduler.o(.data)
    rt_thread_defunct                        0x20000078   Data           8  scheduler.o(.data)
    rt_interrupt_from_thread                 0x2000008c   Data           4  cpuport.o(.data)
    rt_interrupt_to_thread                   0x20000090   Data           4  cpuport.o(.data)
    rt_thread_switch_interrupt_flag          0x20000094   Data           4  cpuport.o(.data)
    time_buf1                                0x2000009c   Data           8  pcf8563.o(.data)
    time_buf                                 0x200000a4   Data           8  pcf8563.o(.data)
    time_buf2                                0x200000ac   Data           8  pcf8563.o(.data)
    time_buf1_sp                             0x200000b4   Data           4  pcf8563.o(.data)
    hspi1                                    0x200000b8   Data          88  spi.o(.bss)
    huart1                                   0x20000110   Data          64  usart.o(.bss)
    main_thread                              0x20000250   Data         120  components.o(.bss)
    rt_thread_priority_table                 0x20000440   Data          64  scheduler.o(.bss)
    __initial_sp                             0x20000880   Data           0  startup_stm32l151xba.o(STACK)



==============================================================================

Memory Map of the image

  Image Entry point : 0x080000f5

  Load Region LR_IROM1 (Base: 0x08000000, Size: 0x00003750, Max: 0x00010000, ABSOLUTE)

    Execution Region ER_IROM1 (Base: 0x08000000, Size: 0x00003698, Max: 0x00010000, ABSOLUTE)

    Base Addr    Size         Type   Attr      Idx    E Section Name        Object

    0x08000000   0x000000f4   Data   RO            3    RESET               startup_stm32l151xba.o
    0x080000f4   0x00000000   Code   RO         3952  * .ARM.Collect$$$$00000000  mc_w.l(entry.o)
    0x080000f4   0x00000004   Code   RO         3971    .ARM.Collect$$$$00000001  mc_w.l(entry2.o)
    0x080000f8   0x00000004   Code   RO         3974    .ARM.Collect$$$$00000004  mc_w.l(entry5.o)
    0x080000fc   0x00000000   Code   RO         3976    .ARM.Collect$$$$00000008  mc_w.l(entry7b.o)
    0x080000fc   0x00000000   Code   RO         3978    .ARM.Collect$$$$0000000A  mc_w.l(entry8b.o)
    0x080000fc   0x00000008   Code   RO         3979    .ARM.Collect$$$$0000000B  mc_w.l(entry9a.o)
    0x08000104   0x00000000   Code   RO         3981    .ARM.Collect$$$$0000000D  mc_w.l(entry10a.o)
    0x08000104   0x00000000   Code   RO         3983    .ARM.Collect$$$$0000000F  mc_w.l(entry11a.o)
    0x08000104   0x00000004   Code   RO         3972    .ARM.Collect$$$$00002712  mc_w.l(entry2.o)
    0x08000108   0x00000024   Code   RO            4    .text               startup_stm32l151xba.o
    0x0800012c   0x000000f4   Code   RO         3665    .text               context_rvds.o
    0x08000220   0x00000062   Code   RO         3955    .text               mc_w.l(uldiv.o)
    0x08000282   0x00000024   Code   RO         3957    .text               mc_w.l(memcpya.o)
    0x080002a6   0x00000024   Code   RO         3959    .text               mc_w.l(memseta.o)
    0x080002ca   0x0000001e   Code   RO         3985    .text               mc_w.l(llshl.o)
    0x080002e8   0x00000020   Code   RO         3987    .text               mc_w.l(llushr.o)
    0x08000308   0x00000024   Code   RO         3994    .text               mc_w.l(init.o)
    0x0800032c   0x0000000a   Code   RO         2828    i.$Sub$$main        components.o
    0x08000336   0x00000004   Code   RO          726    i.BusFault_Handler  stm32l1xx_it.o
    0x0800033a   0x00000002   Code   RO          727    i.DebugMon_Handler  stm32l1xx_it.o
    0x0800033c   0x0000000a   Code   RO         3919    i.EXTI3_IRQHandler  key.o
    0x08000346   0x00000002   Code   RO          541    i.Error_Handler     main.o
    0x08000348   0x0000005c   Code   RO         1901    i.HAL_DMA_Abort_IT  stm32l1xx_hal_dma.o
    0x080003a4   0x00000020   Code   RO         3920    i.HAL_GPIO_EXTI_Callback  key.o
    0x080003c4   0x0000001c   Code   RO         1835    i.HAL_GPIO_EXTI_IRQHandler  stm32l1xx_hal_gpio.o
    0x080003e0   0x000001d0   Code   RO         1836    i.HAL_GPIO_Init     stm32l1xx_hal_gpio.o
    0x080005b0   0x00000010   Code   RO         1838    i.HAL_GPIO_ReadPin  stm32l1xx_hal_gpio.o
    0x080005c0   0x00000014   Code   RO         1839    i.HAL_GPIO_TogglePin  stm32l1xx_hal_gpio.o
    0x080005d4   0x0000000c   Code   RO         1840    i.HAL_GPIO_WritePin  stm32l1xx_hal_gpio.o
    0x080005e0   0x0000000c   Code   RO         1147    i.HAL_GetTick       stm32l1xx_hal.o
    0x080005ec   0x0000001e   Code   RO         1154    i.HAL_Init          stm32l1xx_hal.o
    0x0800060a   0x00000002   PAD
    0x0800060c   0x00000058   Code   RO         1155    i.HAL_InitTick      stm32l1xx_hal.o
    0x08000664   0x0000005c   Code   RO          790    i.HAL_MspInit       stm32l1xx_hal_msp.o
    0x080006c0   0x00000020   Code   RO         2179    i.HAL_NVIC_EnableIRQ  stm32l1xx_hal_cortex.o
    0x080006e0   0x0000007c   Code   RO         2185    i.HAL_NVIC_SetPriority  stm32l1xx_hal_cortex.o
    0x0800075c   0x00000028   Code   RO         2186    i.HAL_NVIC_SetPriorityGrouping  stm32l1xx_hal_cortex.o
    0x08000784   0x00000220   Code   RO         1311    i.HAL_RCC_ClockConfig  stm32l1xx_hal_rcc.o
    0x080009a4   0x0000000c   Code   RO         1316    i.HAL_RCC_GetHCLKFreq  stm32l1xx_hal_rcc.o
    0x080009b0   0x00000020   Code   RO         1318    i.HAL_RCC_GetPCLK1Freq  stm32l1xx_hal_rcc.o
    0x080009d0   0x00000020   Code   RO         1319    i.HAL_RCC_GetPCLK2Freq  stm32l1xx_hal_rcc.o
    0x080009f0   0x000000a0   Code   RO         1320    i.HAL_RCC_GetSysClockFreq  stm32l1xx_hal_rcc.o
    0x08000a90   0x000005d0   Code   RO         1323    i.HAL_RCC_OscConfig  stm32l1xx_hal_rcc.o
    0x08001060   0x000000b2   Code   RO          825    i.HAL_SPI_Init      stm32l1xx_hal_spi.o
    0x08001112   0x00000002   PAD
    0x08001114   0x0000007c   Code   RO          637    i.HAL_SPI_MspInit   spi.o
    0x08001190   0x00000034   Code   RO         2190    i.HAL_SYSTICK_Config  stm32l1xx_hal_cortex.o
    0x080011c4   0x00000002   Code   RO         2443    i.HAL_UART_ErrorCallback  stm32l1xx_hal_uart.o
    0x080011c6   0x00000002   PAD
    0x080011c8   0x00000154   Code   RO         2446    i.HAL_UART_IRQHandler  stm32l1xx_hal_uart.o
    0x0800131c   0x00000072   Code   RO         2447    i.HAL_UART_Init     stm32l1xx_hal_uart.o
    0x0800138e   0x00000002   PAD
    0x08001390   0x0000008c   Code   RO          679    i.HAL_UART_MspInit  usart.o
    0x0800141c   0x00000002   Code   RO         2453    i.HAL_UART_RxCpltCallback  stm32l1xx_hal_uart.o
    0x0800141e   0x000000d8   Code   RO         2455    i.HAL_UART_Transmit  stm32l1xx_hal_uart.o
    0x080014f6   0x00000002   Code   RO         2458    i.HAL_UART_TxCpltCallback  stm32l1xx_hal_uart.o
    0x080014f8   0x000000c8   Code   RO          612    i.MX_GPIO_Init      gpio.o
    0x080015c0   0x0000004c   Code   RO          638    i.MX_SPI1_Init      spi.o
    0x0800160c   0x00000038   Code   RO          680    i.MX_USART1_UART_Init  usart.o
    0x08001644   0x00000004   Code   RO          728    i.MemManage_Handler  stm32l1xx_it.o
    0x08001648   0x00000002   Code   RO          729    i.NMI_Handler       stm32l1xx_it.o
    0x0800164a   0x00000002   PAD
    0x0800164c   0x0000005c   Code   RO         3710    i.PCF8563_IIC_Init  pcf8563.o
    0x080016a8   0x00000080   Code   RO         3713    i.PCF8563_IIC_Send_Byte  pcf8563.o
    0x08001728   0x00000058   Code   RO         3714    i.PCF8563_IIC_Start  pcf8563.o
    0x08001780   0x00000058   Code   RO         3715    i.PCF8563_IIC_Stop  pcf8563.o
    0x080017d8   0x0000006c   Code   RO         3716    i.PCF8563_IIC_Wait_Ack  pcf8563.o
    0x08001844   0x0000001c   Code   RO         3719    i.PCF8563_SetINT    pcf8563.o
    0x08001860   0x00000034   Code   RO         3720    i.PCF8563_WriteOneByte  pcf8563.o
    0x08001894   0x00000094   Code   RO         3721    i.PCF8563_WriteTime  pcf8563.o
    0x08001928   0x000000a8   Code   RO         1324    i.RCC_SetFlashLatencyFromMSIRange  stm32l1xx_hal_rcc.o
    0x080019d0   0x00000074   Code   RO         3833    i.SI7020_IIC_Init   si7020_iic.o
    0x08001a44   0x00000002   Code   RO          730    i.SVC_Handler       stm32l1xx_it.o
    0x08001a46   0x00000010   Code   RO         3672    i.SysTick_Handler   board.o
    0x08001a56   0x00000002   PAD
    0x08001a58   0x00000070   Code   RO          542    i.SystemClock_Config  main.o
    0x08001ac8   0x000000dc   Code   RO         2753    i.SystemCoreClockUpdate  system_stm32l1xx.o
    0x08001ba4   0x00000010   Code   RO         2754    i.SystemInit        system_stm32l1xx.o
    0x08001bb4   0x00000014   Code   RO         2460    i.UART_DMAAbortOnError  stm32l1xx_hal_uart.o
    0x08001bc8   0x00000020   Code   RO         2470    i.UART_EndRxTransfer  stm32l1xx_hal_uart.o
    0x08001be8   0x00000020   Code   RO         2471    i.UART_EndTransmit_IT  stm32l1xx_hal_uart.o
    0x08001c08   0x000000a6   Code   RO         2473    i.UART_Receive_IT   stm32l1xx_hal_uart.o
    0x08001cae   0x00000002   PAD
    0x08001cb0   0x000001b0   Code   RO         2474    i.UART_SetConfig    stm32l1xx_hal_uart.o
    0x08001e60   0x00000068   Code   RO         2475    i.UART_Transmit_IT  stm32l1xx_hal_uart.o
    0x08001ec8   0x0000006c   Code   RO         2476    i.UART_WaitOnFlagUntilTimeout  stm32l1xx_hal_uart.o
    0x08001f34   0x00000010   Code   RO          731    i.USART1_IRQHandler  stm32l1xx_it.o
    0x08001f44   0x00000004   Code   RO          732    i.UsageFault_Handler  stm32l1xx_it.o
    0x08001f48   0x00000030   Code   RO         3673    i._SysTick_Config   board.o
    0x08001f78   0x00000010   Code   RO         2192    i.__NVIC_GetPriorityGrouping  stm32l1xx_hal_cortex.o
    0x08001f88   0x00000028   Code   RO         2193    i.__NVIC_SetPriority  stm32l1xx_hal_cortex.o
    0x08001fb0   0x0000004c   Code   RO         3119    i.__rt_ffs          kservice.o
    0x08001ffc   0x0000000e   Code   RO         3998    i.__scatterload_copy  mc_w.l(handlers.o)
    0x0800200a   0x00000002   Code   RO         3999    i.__scatterload_null  mc_w.l(handlers.o)
    0x0800200c   0x0000000e   Code   RO         4000    i.__scatterload_zeroinit  mc_w.l(handlers.o)
    0x0800201a   0x00000002   PAD
    0x0800201c   0x00000014   Code   RO         2906    i._has_defunct_thread  idle.o
    0x08002030   0x00000084   Code   RO         3422    i._rt_thread_init   thread.o
    0x080020b4   0x00000042   Code   RO         3531    i._rt_timer_init    timer.o
    0x080020f6   0x0000002e   Code   RO         3532    i._rt_timer_remove  timer.o
    0x08002124   0x0000006c   Code   RO         3921    i.keyInit           key.o
    0x08002190   0x00000064   Code   RO          543    i.main              main.o
    0x080021f4   0x0000000e   Code   RO         2829    i.main_thread_entry  components.o
    0x08002202   0x00000002   PAD
    0x08002204   0x00000198   Code   RO         3121    i.print_number      kservice.o
    0x0800239c   0x00000040   Code   RO         2830    i.rt_application_init  components.o
    0x080023dc   0x0000001c   Code   RO         2831    i.rt_components_board_init  components.o
    0x080023f8   0x0000001c   Code   RO         2832    i.rt_components_init  components.o
    0x08002414   0x00000020   Code   RO         3350    i.rt_enter_critical  scheduler.o
    0x08002434   0x00000044   Code   RO         3351    i.rt_exit_critical  scheduler.o
    0x08002478   0x00000028   Code   RO         3674    i.rt_hw_board_init  board.o
    0x080024a0   0x00000050   Code   RO          681    i.rt_hw_console_output  usart.o
    0x080024f0   0x00000200   Code   RO         3629    i.rt_hw_hard_fault_exception  cpuport.o
    0x080026f0   0x0000004c   Code   RO         3630    i.rt_hw_stack_init  cpuport.o
    0x0800273c   0x00000020   Code   RO         3092    i.rt_interrupt_enter  irq.o
    0x0800275c   0x00000020   Code   RO         3094    i.rt_interrupt_leave  irq.o
    0x0800277c   0x00000030   Code   RO         3124    i.rt_kprintf        kservice.o
    0x080027ac   0x00000006   Code   RO         3352    i.rt_list_init      scheduler.o
    0x080027b2   0x00000006   Code   RO         3533    i.rt_list_init      timer.o
    0x080027b8   0x0000000e   Code   RO         3423    i.rt_list_insert_after  thread.o
    0x080027c6   0x0000000e   Code   RO         3534    i.rt_list_insert_after  timer.o
    0x080027d4   0x00000010   Code   RO         3535    i.rt_list_isempty   timer.o
    0x080027e4   0x00000012   Code   RO         3424    i.rt_list_remove    thread.o
    0x080027f6   0x00000048   Code   RO         3129    i.rt_memset         kservice.o
    0x0800283e   0x0000002c   Code   RO         3296    i.rt_object_detach  object.o
    0x0800286a   0x00000002   PAD
    0x0800286c   0x00000028   Code   RO         3298    i.rt_object_get_information  object.o
    0x08002894   0x00000060   Code   RO         3300    i.rt_object_init    object.o
    0x080028f4   0x00000012   Code   RO         3301    i.rt_object_is_systemobject  object.o
    0x08002906   0x00000002   PAD
    0x08002908   0x00000084   Code   RO         3353    i.rt_schedule       scheduler.o
    0x0800298c   0x00000050   Code   RO         3354    i.rt_schedule_insert_thread  scheduler.o
    0x080029dc   0x00000054   Code   RO         3355    i.rt_schedule_remove_thread  scheduler.o
    0x08002a30   0x000000b0   Code   RO         3131    i.rt_show_version   kservice.o
    0x08002ae0   0x00000012   Code   RO         3136    i.rt_strlen         kservice.o
    0x08002af2   0x00000034   Code   RO         3138    i.rt_strncpy        kservice.o
    0x08002b26   0x00000002   PAD
    0x08002b28   0x0000004c   Code   RO         3356    i.rt_system_scheduler_init  scheduler.o
    0x08002b74   0x00000030   Code   RO         3357    i.rt_system_scheduler_start  scheduler.o
    0x08002ba4   0x0000001c   Code   RO         3536    i.rt_system_timer_init  timer.o
    0x08002bc0   0x00000002   Code   RO         3537    i.rt_system_timer_thread_init  timer.o
    0x08002bc2   0x00000002   PAD
    0x08002bc4   0x00000054   Code   RO         3428    i.rt_thread_exit    thread.o
    0x08002c18   0x00000008   Code   RO         2907    i.rt_thread_idle_entry  idle.o
    0x08002c20   0x00000080   Code   RO         2908    i.rt_thread_idle_excute  idle.o
    0x08002ca0   0x0000003c   Code   RO         2910    i.rt_thread_idle_init  idle.o
    0x08002cdc   0x00000034   Code   RO         3430    i.rt_thread_init    thread.o
    0x08002d10   0x00000014   Code   RO         3431    i.rt_thread_mdelay  thread.o
    0x08002d24   0x0000003c   Code   RO         3432    i.rt_thread_resume  thread.o
    0x08002d60   0x0000000c   Code   RO         3433    i.rt_thread_self    thread.o
    0x08002d6c   0x00000044   Code   RO         3434    i.rt_thread_sleep   thread.o
    0x08002db0   0x0000002c   Code   RO         3435    i.rt_thread_startup  thread.o
    0x08002ddc   0x00000044   Code   RO         3436    i.rt_thread_suspend  thread.o
    0x08002e20   0x00000020   Code   RO         3437    i.rt_thread_timeout  thread.o
    0x08002e40   0x00000064   Code   RO         3438    i.rt_thread_yield   thread.o
    0x08002ea4   0x00000038   Code   RO         2788    i.rt_tick_from_millisecond  clock.o
    0x08002edc   0x0000000c   Code   RO         2789    i.rt_tick_get       clock.o
    0x08002ee8   0x00000030   Code   RO         2790    i.rt_tick_increase  clock.o
    0x08002f18   0x0000007c   Code   RO         3538    i.rt_timer_check    timer.o
    0x08002f94   0x00000038   Code   RO         3539    i.rt_timer_control  timer.o
    0x08002fcc   0x00000020   Code   RO         3540    i.rt_timer_detach   timer.o
    0x08002fec   0x0000002e   Code   RO         3541    i.rt_timer_init     timer.o
    0x0800301a   0x00000002   PAD
    0x0800301c   0x000000f8   Code   RO         3544    i.rt_timer_start    timer.o
    0x08003114   0x00000030   Code   RO         3545    i.rt_timer_stop     timer.o
    0x08003144   0x00000330   Code   RO         3141    i.rt_vsnprintf      kservice.o
    0x08003474   0x00000004   Code   RO         2833    i.rti_board_end     components.o
    0x08003478   0x00000004   Code   RO         2834    i.rti_board_start   components.o
    0x0800347c   0x00000004   Code   RO         2835    i.rti_end           components.o
    0x08003480   0x00000004   Code   RO         2836    i.rti_start         components.o
    0x08003484   0x0000002a   Code   RO         2837    i.rtthread_startup  components.o
    0x080034ae   0x00000026   Code   RO         3143    i.skip_atoi         kservice.o
    0x080034d4   0x00000028   Data   RO          545    .constdata          main.o
    0x080034fc   0x00000021   Data   RO         2755    .constdata          system_stm32l1xx.o
    0x0800351d   0x00000122   Data   RO         3145    .constdata          kservice.o
    0x0800363f   0x00000001   PAD
    0x08003640   0x00000026   Data   RO          546    .conststring        main.o
    0x08003666   0x00000002   PAD
    0x08003668   0x00000004   Data   RO         2839    .rti_fn.0           components.o
    0x0800366c   0x00000004   Data   RO         2840    .rti_fn.0.end       components.o
    0x08003670   0x00000004   Data   RO         2841    .rti_fn.1.end       components.o
    0x08003674   0x00000004   Data   RO         2842    .rti_fn.6.end       components.o
    0x08003678   0x00000020   Data   RO         3996    Region$$Table       anon$$obj.o


    Execution Region RW_IRAM1 (Base: 0x20000000, Size: 0x00000880, Max: 0x00008000, ABSOLUTE)

    Base Addr    Size         Type   Attr      Idx    E Section Name        Object

    0x20000000   0x0000000c   Data   RW         1161    .data               stm32l1xx_hal.o
    0x2000000c   0x00000004   Data   RW         2756    .data               system_stm32l1xx.o
    0x20000010   0x00000004   Data   RW         2792    .data               clock.o
    0x20000014   0x00000001   Data   RW         3095    .data               irq.o
    0x20000015   0x00000003   PAD
    0x20000018   0x00000050   Data   RW         3303    .data               object.o
    0x20000068   0x00000018   Data   RW         3359    .data               scheduler.o
    0x20000080   0x0000000c   Data   RW         3546    .data               timer.o
    0x2000008c   0x00000010   Data   RW         3631    .data               cpuport.o
    0x2000009c   0x0000001c   Data   RW         3723    .data               pcf8563.o
    0x200000b8   0x00000058   Zero   RW          639    .bss                spi.o
    0x20000110   0x00000040   Zero   RW          682    .bss                usart.o
    0x20000150   0x00000178   Zero   RW         2838    .bss                components.o
    0x200002c8   0x000000f8   Zero   RW         2911    .bss                idle.o
    0x200003c0   0x00000080   Zero   RW         3144    .bss                kservice.o
    0x20000440   0x00000040   Zero   RW         3358    .bss                scheduler.o
    0x20000480   0x00000400   Zero   RW            1    STACK               startup_stm32l151xba.o


==============================================================================

Image component sizes


      Code (inc. data)   RO Data    RW Data    ZI Data      Debug   Object Name

       104         10          0          0          0       1437   board.o
       116         12          0          4          0       1700   clock.o
       202         38         16          0        376       5732   components.o
       244         26          0          0          0        784   context_rvds.o
       588        328          0         16          0       3250   cpuport.o
         0          0          0          0          0     325112   epd2in13.o
         0          0          0          0          0       5748   epdif.o
       200         12          0          0          0        915   gpio.o
       216         32          0          0        248       5442   idle.o
        64         12          0          1          0       1526   irq.o
       150         20          0          0          0       1830   key.o
      1704        164        290          0        128       8652   kservice.o
       214         36         78          0          0       1628   main.o
       198          4          0         80          0       6116   object.o
       732         42          0         28          0       5351   pcf8563.o
       526         90          0         24         64       8230   scheduler.o
       116          8          0          0          0       1166   si7020_iic.o
       200         24          0          0         88       1597   spi.o
        36          8        244          0       1024        800   startup_stm32l151xba.o
       130         20          0         12          0       2707   stm32l1xx_hal.o
       304         22          0          0          0      31043   stm32l1xx_hal_cortex.o
        92          0          0          0          0       1019   stm32l1xx_hal_dma.o
       540         38          0          0          0       4007   stm32l1xx_hal_gpio.o
        92          4          0          0          0        850   stm32l1xx_hal_msp.o
      2436        112          0          0          0       6584   stm32l1xx_hal_rcc.o
       178          0          0          0          0       1143   stm32l1xx_hal_spi.o
      1570          8          0          0          0       9131   stm32l1xx_hal_uart.o
        34          6          0          0          0       2991   stm32l1xx_it.o
       236         32         33          4          0       1827   system_stm32l1xx.o
       704         36          0          0          0      10565   thread.o
       732         20          0         12          0      10832   timer.o
       276         28          0          0         64       2241   usart.o

    ----------------------------------------------------------------------
     12960       1192        696        184       1992     471956   Object Totals
         0          0         32          0          0          0   (incl. Generated)
        26          0          3          3          0          0   (incl. Padding)

    ----------------------------------------------------------------------

      Code (inc. data)   RO Data    RW Data    ZI Data      Debug   Library Member Name

         0          0          0          0          0          0   entry.o
         0          0          0          0          0          0   entry10a.o
         0          0          0          0          0          0   entry11a.o
         8          4          0          0          0          0   entry2.o
         4          0          0          0          0          0   entry5.o
         0          0          0          0          0          0   entry7b.o
         0          0          0          0          0          0   entry8b.o
         8          4          0          0          0          0   entry9a.o
        30          0          0          0          0          0   handlers.o
        36          8          0          0          0         68   init.o
        30          0          0          0          0         68   llshl.o
        32          0          0          0          0         68   llushr.o
        36          0          0          0          0         68   memcpya.o
        36          0          0          0          0        108   memseta.o
        98          0          0          0          0         92   uldiv.o

    ----------------------------------------------------------------------
       320         16          0          0          0        472   Library Totals
         2          0          0          0          0          0   (incl. Padding)

    ----------------------------------------------------------------------

      Code (inc. data)   RO Data    RW Data    ZI Data      Debug   Library Name

       318         16          0          0          0        472   mc_w.l

    ----------------------------------------------------------------------
       320         16          0          0          0        472   Library Totals

    ----------------------------------------------------------------------

==============================================================================


      Code (inc. data)   RO Data    RW Data    ZI Data      Debug   

     13280       1208        696        184       1992     465456   Grand Totals
     13280       1208        696        184       1992     465456   ELF Image Totals
     13280       1208        696        184          0          0   ROM Totals

==============================================================================

    Total RO  Size (Code + RO Data)                13976 (  13.65kB)
    Total RW  Size (RW Data + ZI Data)              2176 (   2.13kB)
    Total ROM Size (Code + RO Data + RW Data)      14160 (  13.83kB)

==============================================================================

