<html>
<body>
<pre>
<h1>µVision Build Log</h1>
<h2>Tool Versions:</h2>
IDE-Version: ¦ÌVision V5.18a
Copyright (C) 2016 ARM Ltd and ARM Germany GmbH. All rights reserved.
License Information: 1 11, 1, LIC=LJWII-T9SPD-ZDYK6-D3SHV-BUKX5-E24TX
 
Tool Versions:
Toolchain:       MDK-ARM Professional  Version: 5.18a
Toolchain Path:  C:\Keil_v5\ARM\ARMCC\Bin
C Compiler:      Armcc.exe V5.06 update 1 (build 61)
Assembler:       Armasm.exe V5.06 update 1 (build 61)
Linker/Locator:  ArmLink.exe V5.06 update 1 (build 61)
Library Manager: ArmAr.exe V5.06 update 1 (build 61)
Hex Converter:   FromElf.exe V5.06 update 1 (build 61)
CPU DLL:         SARMCM3.DLL V5.18a
Dialog DLL:      DCM.DLL V1.13.6.0
Target DLL:      STLink\ST-LINKIII-KEIL_SWO.dll V2.0.18.0
Dialog DLL:      TCM.DLL V1.14.8.0
 
<h2>Project:</h2>
C:\Users\HaiFeng\Desktop\New\STM32L151C8TxA\MDK-ARM\STM32L151C8TxA.uvprojx
Project File Date:  11/21/2020

<h2>Output:</h2>
*** Using Compiler 'V5.06 update 1 (build 61)', folder: 'C:\Keil_v5\ARM\ARMCC\Bin'
Build target 'STM32L151C8TxA'
compiling epdif.c...
compiling gpio.c...
compiling main.c...
../Core/Src/main.c(83): warning:  #177-D: variable "time_string" was declared but never referenced
  	char time_string[] = {'0', '0', ':', '0', '0', '\0'};
../Core/Src/main.c(84): warning:  #177-D: variable "time_table" was declared but never referenced
  	char* time_table[]={"0","1","2","3","4","5","6","7","8","9"};
../Core/Src/main.c(85): warning:  #177-D: variable "time_start_ms" was declared but never referenced
    unsigned long time_start_ms;
../Core/Src/main.c(86): warning:  #177-D: variable "time_now_s" was declared but never referenced
    unsigned long time_now_s;
../Core/Src/main.c(87): warning:  #177-D: variable "temp" was declared but never referenced
  	char temp;
../Core/Src/main.c: 5 warnings, 0 errors
compiling stm32l1xx_it.c...
compiling spi.c...
compiling usart.c...
compiling stm32l1xx_hal_msp.c...
compiling board.c...
compiling pcf8563.c...
..\packages\pcf8563\pcf8563.c(193): warning:  #940-D: missing return statement at end of non-void function "PCF8563_WriteOneByte"
  }
..\packages\pcf8563\pcf8563.c: 1 warning, 0 errors
compiling key.c...
..\packages\key/key.h(5): warning:  #1-D: last line of file ends without a newline
  #endif
..\packages\key\key.c: 1 warning, 0 errors
compiling si7020_iic.c...
..\packages\si7020\si7020_iic.c(223): warning:  #940-D: missing return statement at end of non-void function "si7020Measure"
  }
..\packages\si7020\si7020_iic.c: 1 warning, 0 errors
linking...
Program Size: Code=15884 RO-data=696 RW-data=220 ZI-data=1996  
FromELF: creating hex file...
"STM32L151C8TxA\STM32L151C8TxA.axf" - 0 Error(s), 8 Warning(s).

<h2>Software Packages used:</h2>

Package Vendor: ARM
                http://www.keil.com/pack/ARM.CMSIS.4.5.0.pack
                ARM::CMSIS:CORE:4.3.0
                CMSIS (Cortex Microcontroller Software Interface Standard)
   * Component: CORE Version: 4.3.0

<h2>Collection of Component include folders:</h2>
  C:\Users\HaiFeng\Desktop\New\STM32L151C8TxA\MDK-ARM\RTE
  C:\Keil_v5\ARM\PACK\ARM\CMSIS\4.5.0\CMSIS\Include
  C:\Keil_v5\ARM\PACK\Keil\STM32L1xx_DFP\1.2.0\Device\Include

<h2>Collection of Component Files used:</h2>

   * Component: ARM::CMSIS:CORE:4.3.0
Build Time Elapsed:  00:00:10
</pre>
</body>
</html>
