Component: ARM Compiler 5.06 update 1 (build 61) Tool: armlink [4d35a8]

==============================================================================

Section Cross References

    startup_stm32l151xba.o(RESET) refers to startup_stm32l151xba.o(STACK) for __initial_sp
    startup_stm32l151xba.o(RESET) refers to startup_stm32l151xba.o(.text) for Reset_Handler
    startup_stm32l151xba.o(RESET) refers to stm32l1xx_it.o(i.NMI_Handler) for NMI_Handler
    startup_stm32l151xba.o(RESET) refers to context_rvds.o(.text) for HardFault_Handler
    startup_stm32l151xba.o(RESET) refers to stm32l1xx_it.o(i.MemManage_Handler) for MemManage_Handler
    startup_stm32l151xba.o(RESET) refers to stm32l1xx_it.o(i.BusFault_Handler) for BusFault_Handler
    startup_stm32l151xba.o(RESET) refers to stm32l1xx_it.o(i.UsageFault_Handler) for UsageFault_Handler
    startup_stm32l151xba.o(RESET) refers to stm32l1xx_it.o(i.SVC_Handler) for SVC_Handler
    startup_stm32l151xba.o(RESET) refers to stm32l1xx_it.o(i.DebugMon_Handler) for DebugMon_Handler
    startup_stm32l151xba.o(RESET) refers to board.o(i.SysTick_Handler) for SysTick_Handler
    startup_stm32l151xba.o(RESET) refers to key.o(i.EXTI9_5_IRQHandler) for EXTI9_5_IRQHandler
    startup_stm32l151xba.o(RESET) refers to stm32l1xx_it.o(i.USART1_IRQHandler) for USART1_IRQHandler
    startup_stm32l151xba.o(.text) refers to system_stm32l1xx.o(i.SystemInit) for SystemInit
    startup_stm32l151xba.o(.text) refers to entry.o(.ARM.Collect$$$$00000000) for __main
    epd2in13.o(i.EPD_ClearFrameMemory) refers to epd2in13.o(i.EPD_SetMemoryArea) for EPD_SetMemoryArea
    epd2in13.o(i.EPD_ClearFrameMemory) refers to epd2in13.o(i.EPD_SetMemoryPointer) for EPD_SetMemoryPointer
    epd2in13.o(i.EPD_ClearFrameMemory) refers to epd2in13.o(i.EPD_SendCommand) for EPD_SendCommand
    epd2in13.o(i.EPD_ClearFrameMemory) refers to epd2in13.o(i.EPD_SendData) for EPD_SendData
    epd2in13.o(i.EPD_DelayMs) refers to epdif.o(i.EpdDelayMsCallback) for EpdDelayMsCallback
    epd2in13.o(i.EPD_DigitalRead) refers to epdif.o(i.EpdDigitalReadCallback) for EpdDigitalReadCallback
    epd2in13.o(i.EPD_DigitalWrite) refers to epdif.o(i.EpdDigitalWriteCallback) for EpdDigitalWriteCallback
    epd2in13.o(i.EPD_DisplayFrame) refers to epd2in13.o(i.EPD_SendCommand) for EPD_SendCommand
    epd2in13.o(i.EPD_DisplayFrame) refers to epd2in13.o(i.EPD_SendData) for EPD_SendData
    epd2in13.o(i.EPD_DisplayFrame) refers to epd2in13.o(i.EPD_WaitUntilIdle) for EPD_WaitUntilIdle
    epd2in13.o(i.EPD_Init) refers to epdif.o(i.EpdInitCallback) for EpdInitCallback
    epd2in13.o(i.EPD_Init) refers to epd2in13.o(i.EPD_Reset) for EPD_Reset
    epd2in13.o(i.EPD_Init) refers to epd2in13.o(i.EPD_SendCommand) for EPD_SendCommand
    epd2in13.o(i.EPD_Init) refers to epd2in13.o(i.EPD_SendData) for EPD_SendData
    epd2in13.o(i.EPD_Init) refers to epd2in13.o(i.EPD_SetLut) for EPD_SetLut
    epd2in13.o(i.EPD_Reset) refers to epd2in13.o(i.EPD_DigitalWrite) for EPD_DigitalWrite
    epd2in13.o(i.EPD_Reset) refers to epd2in13.o(i.EPD_DelayMs) for EPD_DelayMs
    epd2in13.o(i.EPD_SendCommand) refers to epd2in13.o(i.EPD_DigitalWrite) for EPD_DigitalWrite
    epd2in13.o(i.EPD_SendCommand) refers to epdif.o(i.EpdSpiTransferCallback) for EpdSpiTransferCallback
    epd2in13.o(i.EPD_SendData) refers to epd2in13.o(i.EPD_DigitalWrite) for EPD_DigitalWrite
    epd2in13.o(i.EPD_SendData) refers to epdif.o(i.EpdSpiTransferCallback) for EpdSpiTransferCallback
    epd2in13.o(i.EPD_SetFrameMemory) refers to epd2in13.o(i.EPD_SetMemoryArea) for EPD_SetMemoryArea
    epd2in13.o(i.EPD_SetFrameMemory) refers to epd2in13.o(i.EPD_SetMemoryPointer) for EPD_SetMemoryPointer
    epd2in13.o(i.EPD_SetFrameMemory) refers to epd2in13.o(i.EPD_SendCommand) for EPD_SendCommand
    epd2in13.o(i.EPD_SetFrameMemory) refers to epd2in13.o(i.EPD_SendData) for EPD_SendData
    epd2in13.o(i.EPD_SetLut) refers to epd2in13.o(i.EPD_SendCommand) for EPD_SendCommand
    epd2in13.o(i.EPD_SetLut) refers to epd2in13.o(i.EPD_SendData) for EPD_SendData
    epd2in13.o(i.EPD_SetMemoryArea) refers to epd2in13.o(i.EPD_SendCommand) for EPD_SendCommand
    epd2in13.o(i.EPD_SetMemoryArea) refers to epd2in13.o(i.EPD_SendData) for EPD_SendData
    epd2in13.o(i.EPD_SetMemoryPointer) refers to epd2in13.o(i.EPD_SendCommand) for EPD_SendCommand
    epd2in13.o(i.EPD_SetMemoryPointer) refers to epd2in13.o(i.EPD_SendData) for EPD_SendData
    epd2in13.o(i.EPD_SetMemoryPointer) refers to epd2in13.o(i.EPD_WaitUntilIdle) for EPD_WaitUntilIdle
    epd2in13.o(i.EPD_Sleep) refers to epd2in13.o(i.EPD_DigitalRead) for EPD_DigitalRead
    epd2in13.o(i.EPD_Sleep) refers to epd2in13.o(i.EPD_SendCommand) for EPD_SendCommand
    epd2in13.o(i.EPD_Sleep) refers to epd2in13.o(i.EPD_SendData) for EPD_SendData
    epd2in13.o(i.EPD_Sleep) refers to epd2in13.o(i.EPD_WaitUntilIdle) for EPD_WaitUntilIdle
    epd2in13.o(i.EPD_WaitUntilIdle) refers to epd2in13.o(i.EPD_DelayMs) for EPD_DelayMs
[...]
    ..\Core\Src\stm32l1xx_hal_msp.c          0x00000000   Number         0  stm32l1xx_hal_msp.o ABSOLUTE
    ..\Core\Src\stm32l1xx_it.c               0x00000000   Number         0  stm32l1xx_it.o ABSOLUTE
    ..\Core\Src\system_stm32l1xx.c           0x00000000   Number         0  system_stm32l1xx.o ABSOLUTE
    ..\Core\Src\usart.c                      0x00000000   Number         0  usart.o ABSOLUTE
    ..\Drivers\STM32L1xx_HAL_Driver\Src\stm32l1xx_hal.c 0x00000000   Number         0  stm32l1xx_hal.o ABSOLUTE
    ..\Drivers\STM32L1xx_HAL_Driver\Src\stm32l1xx_hal_adc.c 0x00000000   Number         0  stm32l1xx_hal_adc.o ABSOLUTE
    ..\Drivers\STM32L1xx_HAL_Driver\Src\stm32l1xx_hal_adc_ex.c 0x00000000   Number         0  stm32l1xx_hal_adc_ex.o ABSOLUTE
    ..\Drivers\STM32L1xx_HAL_Driver\Src\stm32l1xx_hal_cortex.c 0x00000000   Number         0  stm32l1xx_hal_cortex.o ABSOLUTE
    ..\Drivers\STM32L1xx_HAL_Driver\Src\stm32l1xx_hal_dma.c 0x00000000   Number         0  stm32l1xx_hal_dma.o ABSOLUTE
    ..\Drivers\STM32L1xx_HAL_Driver\Src\stm32l1xx_hal_exti.c 0x00000000   Number         0  stm32l1xx_hal_exti.o ABSOLUTE
    ..\Drivers\STM32L1xx_HAL_Driver\Src\stm32l1xx_hal_flash.c 0x00000000   Number         0  stm32l1xx_hal_flash.o ABSOLUTE
    ..\Drivers\STM32L1xx_HAL_Driver\Src\stm32l1xx_hal_flash_ex.c 0x00000000   Number         0  stm32l1xx_hal_flash_ex.o ABSOLUTE
    ..\Drivers\STM32L1xx_HAL_Driver\Src\stm32l1xx_hal_flash_ramfunc.c 0x00000000   Number         0  stm32l1xx_hal_flash_ramfunc.o ABSOLUTE
    ..\Drivers\STM32L1xx_HAL_Driver\Src\stm32l1xx_hal_gpio.c 0x00000000   Number         0  stm32l1xx_hal_gpio.o ABSOLUTE
    ..\Drivers\STM32L1xx_HAL_Driver\Src\stm32l1xx_hal_pwr.c 0x00000000   Number         0  stm32l1xx_hal_pwr.o ABSOLUTE
    ..\Drivers\STM32L1xx_HAL_Driver\Src\stm32l1xx_hal_pwr_ex.c 0x00000000   Number         0  stm32l1xx_hal_pwr_ex.o ABSOLUTE
    ..\Drivers\STM32L1xx_HAL_Driver\Src\stm32l1xx_hal_rcc.c 0x00000000   Number         0  stm32l1xx_hal_rcc.o ABSOLUTE
    ..\Drivers\STM32L1xx_HAL_Driver\Src\stm32l1xx_hal_rcc_ex.c 0x00000000   Number         0  stm32l1xx_hal_rcc_ex.o ABSOLUTE
    ..\Drivers\STM32L1xx_HAL_Driver\Src\stm32l1xx_hal_spi.c 0x00000000   Number         0  stm32l1xx_hal_spi.o ABSOLUTE
    ..\Drivers\STM32L1xx_HAL_Driver\Src\stm32l1xx_hal_tim.c 0x00000000   Number         0  stm32l1xx_hal_tim.o ABSOLUTE
    ..\Drivers\STM32L1xx_HAL_Driver\Src\stm32l1xx_hal_tim_ex.c 0x00000000   Number         0  stm32l1xx_hal_tim_ex.o ABSOLUTE
    ..\Drivers\STM32L1xx_HAL_Driver\Src\stm32l1xx_hal_uart.c 0x00000000   Number         0  stm32l1xx_hal_uart.o ABSOLUTE
    ..\Fonts\font12.c                        0x00000000   Number         0  font12.o ABSOLUTE
    ..\Fonts\font16.c                        0x00000000   Number         0  font16.o ABSOLUTE
    ..\Fonts\font20.c                        0x00000000   Number         0  font20.o ABSOLUTE
    ..\Fonts\font21.c                        0x00000000   Number         0  font21.o ABSOLUTE
    ..\Fonts\font24.c                        0x00000000   Number         0  font24.o ABSOLUTE
    ..\Fonts\font8.c                         0x00000000   Number         0  font8.o ABSOLUTE
    ..\Fonts\font80.c                        0x00000000   Number         0  font80.o ABSOLUTE
    ..\\BSP\\epd2in13.c                      0x00000000   Number         0  epd2in13.o ABSOLUTE
    ..\\BSP\\epdif.c                         0x00000000   Number         0  epdif.o ABSOLUTE
    ..\\Core\\Src\\adc.c                     0x00000000   Number         0  adc.o ABSOLUTE
    ..\\Drivers\\STM32L1xx_HAL_Driver\\Src\\stm32l1xx_hal_adc.c 0x00000000   Number         0  stm32l1xx_hal_adc.o ABSOLUTE
    ..\\Drivers\\STM32L1xx_HAL_Driver\\Src\\stm32l1xx_hal_adc_ex.c 0x00000000   Number         0  stm32l1xx_hal_adc_ex.o ABSOLUTE
    ..\\packages\\key\\key.c                 0x00000000   Number         0  key.o ABSOLUTE
    ..\\packages\\pcf8563\\pcf8563.c         0x00000000   Number         0  pcf8563.o ABSOLUTE
    ..\\packages\\si7020\\si7020_iic.c       0x00000000   Number         0  si7020_iic.o ABSOLUTE
    ..\\rt-thread-3.1.3\\board.c             0x00000000   Number         0  board.o ABSOLUTE
    ..\packages\key\key.c                    0x00000000   Number         0  key.o ABSOLUTE
    ..\packages\pcf8563\pcf8563.c            0x00000000   Number         0  pcf8563.o ABSOLUTE
    ..\packages\si7020\si7020_iic.c          0x00000000   Number         0  si7020_iic.o ABSOLUTE
    ..\rt-thread-3.1.3\board.c               0x00000000   Number         0  board.o ABSOLUTE
    ..\rt-thread-3.1.3\libcpu\arm\cortex-m3\context_rvds.S 0x00000000   Number         0  context_rvds.o ABSOLUTE
    ..\rt-thread-3.1.3\libcpu\arm\cortex-m3\cpuport.c 0x00000000   Number         0  cpuport.o ABSOLUTE
    ..\rt-thread-3.1.3\src\clock.c           0x00000000   Number         0  clock.o ABSOLUTE
    ..\rt-thread-3.1.3\src\components.c      0x00000000   Number         0  components.o ABSOLUTE
    ..\rt-thread-3.1.3\src\cpu.c             0x00000000   Number         0  cpu.o ABSOLUTE
    ..\rt-thread-3.1.3\src\idle.c            0x00000000   Number         0  idle.o ABSOLUTE
    ..\rt-thread-3.1.3\src\ipc.c             0x00000000   Number         0  ipc.o ABSOLUTE
    ..\rt-thread-3.1.3\src\irq.c             0x00000000   Number         0  irq.o ABSOLUTE
    ..\rt-thread-3.1.3\src\kservice.c        0x00000000   Number         0  kservice.o ABSOLUTE
    ..\rt-thread-3.1.3\src\mem.c             0x00000000   Number         0  mem.o ABSOLUTE
    ..\rt-thread-3.1.3\src\memheap.c         0x00000000   Number         0  memheap.o ABSOLUTE
    ..\rt-thread-3.1.3\src\mempool.c         0x00000000   Number         0  mempool.o ABSOLUTE
    ..\rt-thread-3.1.3\src\object.c          0x00000000   Number         0  object.o ABSOLUTE
    ..\rt-thread-3.1.3\src\scheduler.c       0x00000000   Number         0  scheduler.o ABSOLUTE
    ..\rt-thread-3.1.3\src\slab.c            0x00000000   Number         0  slab.o ABSOLUTE
    ..\rt-thread-3.1.3\src\thread.c          0x00000000   Number         0  thread.o ABSOLUTE
    ..\rt-thread-3.1.3\src\timer.c           0x00000000   Number         0  timer.o ABSOLUTE
    dc.s                                     0x00000000   Number         0  dc.o ABSOLUTE
    handlers.s                               0x00000000   Number         0  handlers.o ABSOLUTE
    init.s                                   0x00000000   Number         0  init.o ABSOLUTE
    startup_stm32l151xba.s                   0x00000000   Number         0  startup_stm32l151xba.o ABSOLUTE
    RESET                                    0x08000000   Section      244  startup_stm32l151xba.o(RESET)
    .ARM.Collect$$$$00000000                 0x080000f4   Section        0  entry.o(.ARM.Collect$$$$00000000)
    .ARM.Collect$$$$00000001                 0x080000f4   Section        4  entry2.o(.ARM.Collect$$$$00000001)
    .ARM.Collect$$$$00000004                 0x080000f8   Section        4  entry5.o(.ARM.Collect$$$$00000004)
    .ARM.Collect$$$$00000008                 0x080000fc   Section        0  entry7b.o(.ARM.Collect$$$$00000008)
    .ARM.Collect$$$$0000000A                 0x080000fc   Section        0  entry8b.o(.ARM.Collect$$$$0000000A)
    .ARM.Collect$$$$0000000B                 0x080000fc   Section        8  entry9a.o(.ARM.Collect$$$$0000000B)
    .ARM.Collect$$$$0000000D                 0x08000104   Section        0  entry10a.o(.ARM.Collect$$$$0000000D)
    .ARM.Collect$$$$0000000F                 0x08000104   Section        0  entry11a.o(.ARM.Collect$$$$0000000F)
    .ARM.Collect$$$$00002712                 0x08000104   Section        4  entry2.o(.ARM.Collect$$$$00002712)
    __lit__00000000                          0x08000104   Data           4  entry2.o(.ARM.Collect$$$$00002712)
    .text                                    0x08000108   Section       36  startup_stm32l151xba.o(.text)
    .text                                    0x0800012c   Section      244  context_rvds.o(.text)
    .text                                    0x08000220   Section        0  uldiv.o(.text)
    .text                                    0x08000282   Section        0  memcpya.o(.text)
    .text                                    0x080002a6   Section        0  memseta.o(.text)
    .text                                    0x080002ca   Section        0  llshl.o(.text)
    .text                                    0x080002e8   Section        0  llushr.o(.text)
    .text                                    0x08000308   Section       36  init.o(.text)
    i.$Sub$$main                             0x0800032c   Section        0  components.o(i.$Sub$$main)
    i.BusFault_Handler                       0x08000336   Section        0  stm32l1xx_it.o(i.BusFault_Handler)
    i.DebugMon_Handler                       0x0800033a   Section        0  stm32l1xx_it.o(i.DebugMon_Handler)
    i.EPD_ClearFrameMemory                   0x0800033c   Section        0  epd2in13.o(i.EPD_ClearFrameMemory)
    i.EPD_DelayMs                            0x08000392   Section        0  epd2in13.o(i.EPD_DelayMs)
    i.EPD_DigitalRead                        0x080003a0   Section        0  epd2in13.o(i.EPD_DigitalRead)
    i.EPD_DigitalWrite                       0x080003ae   Section        0  epd2in13.o(i.EPD_DigitalWrite)
    i.EPD_DisplayFrame                       0x080003c0   Section        0  epd2in13.o(i.EPD_DisplayFrame)
    i.EPD_Init                               0x080003ec   Section        0  epd2in13.o(i.EPD_Init)
    i.EPD_Reset                              0x080004aa   Section        0  epd2in13.o(i.EPD_Reset)
    i.EPD_SendCommand                        0x080004d4   Section        0  epd2in13.o(i.EPD_SendCommand)
    i.EPD_SendData                           0x080004ec   Section        0  epd2in13.o(i.EPD_SendData)
    i.EPD_SetFrameMemory                     0x08000504   Section        0  epd2in13.o(i.EPD_SetFrameMemory)
    i.EPD_SetLut                             0x080005e2   Section        0  epd2in13.o(i.EPD_SetLut)
    EPD_SetLut                               0x080005e3   Thumb Code    38  epd2in13.o(i.EPD_SetLut)
    i.EPD_SetMemoryArea                      0x08000608   Section        0  epd2in13.o(i.EPD_SetMemoryArea)
    EPD_SetMemoryArea                        0x08000609   Thumb Code    90  epd2in13.o(i.EPD_SetMemoryArea)
    i.EPD_SetMemoryPointer                   0x08000662   Section        0  epd2in13.o(i.EPD_SetMemoryPointer)
    EPD_SetMemoryPointer                     0x08000663   Thumb Code    60  epd2in13.o(i.EPD_SetMemoryPointer)
    i.EPD_Sleep                              0x0800069e   Section        0  epd2in13.o(i.EPD_Sleep)
    i.EPD_WaitUntilIdle                      0x080006c8   Section        0  epd2in13.o(i.EPD_WaitUntilIdle)
    i.EXTI9_5_IRQHandler                     0x080006e4   Section        0  key.o(i.EXTI9_5_IRQHandler)
    i.EpdDelayMsCallback                     0x080006f0   Section        0  epdif.o(i.EpdDelayMsCallback)
    i.EpdDigitalReadCallback                 0x080006fc   Section        0  epdif.o(i.EpdDigitalReadCallback)
    i.EpdDigitalWriteCallback                0x08000724   Section        0  epdif.o(i.EpdDigitalWriteCallback)
    i.EpdInitCallback                        0x08000764   Section        0  epdif.o(i.EpdInitCallback)
    i.EpdSpiTransferCallback                 0x080007a0   Section        0  epdif.o(i.EpdSpiTransferCallback)
    i.Error_Handler                          0x080007dc   Section        0  main.o(i.Error_Handler)
    i.HAL_ADC_ConfigChannel                  0x080007e0   Section        0  stm32l1xx_hal_adc.o(i.HAL_ADC_ConfigChannel)
    i.HAL_ADC_Init                           0x080009b8   Section        0  stm32l1xx_hal_adc.o(i.HAL_ADC_Init)
    i.HAL_ADC_MspInit                        0x08000b90   Section        0  adc.o(i.HAL_ADC_MspInit)
    i.HAL_DMA_Abort_IT                       0x08000c04   Section        0  stm32l1xx_hal_dma.o(i.HAL_DMA_Abort_IT)
    i.HAL_GPIO_EXTI_Callback                 0x08000c60   Section        0  key.o(i.HAL_GPIO_EXTI_Callback)
    i.HAL_GPIO_EXTI_IRQHandler               0x08000c84   Section        0  stm32l1xx_hal_gpio.o(i.HAL_GPIO_EXTI_IRQHandler)
    i.HAL_GPIO_Init                          0x08000ca0   Section        0  stm32l1xx_hal_gpio.o(i.HAL_GPIO_Init)
    i.HAL_GPIO_ReadPin                       0x08000e70   Section        0  stm32l1xx_hal_gpio.o(i.HAL_GPIO_ReadPin)
    i.HAL_GPIO_TogglePin                     0x08000e80   Section        0  stm32l1xx_hal_gpio.o(i.HAL_GPIO_TogglePin)
    i.HAL_GPIO_WritePin                      0x08000e94   Section        0  stm32l1xx_hal_gpio.o(i.HAL_GPIO_WritePin)
    i.HAL_GetTick                            0x08000ea0   Section        0  stm32l1xx_hal.o(i.HAL_GetTick)
    i.HAL_Init                               0x08000eac   Section        0  stm32l1xx_hal.o(i.HAL_Init)
    i.HAL_InitTick                           0x08000ecc   Section        0  stm32l1xx_hal.o(i.HAL_InitTick)
    i.HAL_MspInit                            0x08000f24   Section        0  stm32l1xx_hal_msp.o(i.HAL_MspInit)
    i.HAL_NVIC_EnableIRQ                     0x08000f80   Section        0  stm32l1xx_hal_cortex.o(i.HAL_NVIC_EnableIRQ)
    i.HAL_NVIC_SetPriority                   0x08000fa0   Section        0  stm32l1xx_hal_cortex.o(i.HAL_NVIC_SetPriority)
    i.HAL_NVIC_SetPriorityGrouping           0x0800101c   Section        0  stm32l1xx_hal_cortex.o(i.HAL_NVIC_SetPriorityGrouping)
    i.HAL_RCC_ClockConfig                    0x08001044   Section        0  stm32l1xx_hal_rcc.o(i.HAL_RCC_ClockConfig)
    i.HAL_RCC_GetHCLKFreq                    0x08001264   Section        0  stm32l1xx_hal_rcc.o(i.HAL_RCC_GetHCLKFreq)
    i.HAL_RCC_GetPCLK1Freq                   0x08001270   Section        0  stm32l1xx_hal_rcc.o(i.HAL_RCC_GetPCLK1Freq)
    i.HAL_RCC_GetPCLK2Freq                   0x08001290   Section        0  stm32l1xx_hal_rcc.o(i.HAL_RCC_GetPCLK2Freq)
    i.HAL_RCC_GetSysClockFreq                0x080012b0   Section        0  stm32l1xx_hal_rcc.o(i.HAL_RCC_GetSysClockFreq)
    i.HAL_RCC_OscConfig                      0x08001350   Section        0  stm32l1xx_hal_rcc.o(i.HAL_RCC_OscConfig)
    i.HAL_SPI_Init                           0x08001920   Section        0  stm32l1xx_hal_spi.o(i.HAL_SPI_Init)
    i.HAL_SPI_MspInit                        0x080019d4   Section        0  spi.o(i.HAL_SPI_MspInit)
    i.HAL_SPI_Transmit                       0x08001a50   Section        0  stm32l1xx_hal_spi.o(i.HAL_SPI_Transmit)
    i.HAL_SYSTICK_Config                     0x08001bfe   Section        0  stm32l1xx_hal_cortex.o(i.HAL_SYSTICK_Config)
    i.HAL_UART_ErrorCallback                 0x08001c32   Section        0  stm32l1xx_hal_uart.o(i.HAL_UART_ErrorCallback)
    i.HAL_UART_IRQHandler                    0x08001c34   Section        0  stm32l1xx_hal_uart.o(i.HAL_UART_IRQHandler)
    i.HAL_UART_Init                          0x08001d88   Section        0  stm32l1xx_hal_uart.o(i.HAL_UART_Init)
    i.HAL_UART_MspInit                       0x08001dfc   Section        0  usart.o(i.HAL_UART_MspInit)
    i.HAL_UART_RxCpltCallback                0x08001e88   Section        0  stm32l1xx_hal_uart.o(i.HAL_UART_RxCpltCallback)
    i.HAL_UART_Transmit                      0x08001e8a   Section        0  stm32l1xx_hal_uart.o(i.HAL_UART_Transmit)
    i.HAL_UART_TxCpltCallback                0x08001f62   Section        0  stm32l1xx_hal_uart.o(i.HAL_UART_TxCpltCallback)
    i.MX_ADC_Init                            0x08001f64   Section        0  adc.o(i.MX_ADC_Init)
    i.MX_GPIO_Init                           0x08001fd0   Section        0  gpio.o(i.MX_GPIO_Init)
    i.MX_SPI1_Init                           0x08002058   Section        0  spi.o(i.MX_SPI1_Init)
    i.MX_USART1_UART_Init                    0x080020a4   Section        0  usart.o(i.MX_USART1_UART_Init)
    i.MemManage_Handler                      0x080020dc   Section        0  stm32l1xx_it.o(i.MemManage_Handler)
    i.NMI_Handler                            0x080020e0   Section        0  stm32l1xx_it.o(i.NMI_Handler)
    i.PCF8563_IIC_Init                       0x080020e4   Section        0  pcf8563.o(i.PCF8563_IIC_Init)
    i.PCF8563_IIC_Send_Byte                  0x08002128   Section        0  pcf8563.o(i.PCF8563_IIC_Send_Byte)
    i.PCF8563_IIC_Start                      0x080021ac   Section        0  pcf8563.o(i.PCF8563_IIC_Start)
    i.PCF8563_IIC_Stop                       0x08002208   Section        0  pcf8563.o(i.PCF8563_IIC_Stop)
    i.PCF8563_IIC_Wait_Ack                   0x08002264   Section        0  pcf8563.o(i.PCF8563_IIC_Wait_Ack)
    i.PCF8563_SetINT                         0x080022d4   Section        0  pcf8563.o(i.PCF8563_SetINT)
    i.PCF8563_WriteOneByte                   0x080022f0   Section        0  pcf8563.o(i.PCF8563_WriteOneByte)
    i.PCF8563_WriteTime                      0x08002324   Section        0  pcf8563.o(i.PCF8563_WriteTime)
    i.Paint_Clear                            0x080023b8   Section        0  epdpaint.o(i.Paint_Clear)
    i.Paint_DrawAbsolutePixel                0x080023e4   Section        0  epdpaint.o(i.Paint_DrawAbsolutePixel)
    i.Paint_DrawCharAt                       0x08002482   Section        0  epdpaint.o(i.Paint_DrawCharAt)
    i.Paint_DrawHorizontalLine               0x0800252c   Section        0  epdpaint.o(i.Paint_DrawHorizontalLine)
    i.Paint_DrawPixel                        0x08002558   Section        0  epdpaint.o(i.Paint_DrawPixel)
    i.Paint_DrawRectangle                    0x08002626   Section        0  epdpaint.o(i.Paint_DrawRectangle)
    i.Paint_DrawStringAt                     0x080026b6   Section        0  epdpaint.o(i.Paint_DrawStringAt)
    i.Paint_DrawVerticalLine                 0x080026f6   Section        0  epdpaint.o(i.Paint_DrawVerticalLine)
    i.Paint_Init                             0x08002722   Section        0  epdpaint.o(i.Paint_Init)
    i.Paint_SetRotate                        0x0800275c   Section        0  epdpaint.o(i.Paint_SetRotate)
    i.RCC_SetFlashLatencyFromMSIRange        0x08002760   Section        0  stm32l1xx_hal_rcc.o(i.RCC_SetFlashLatencyFromMSIRange)
    RCC_SetFlashLatencyFromMSIRange          0x08002761   Thumb Code   156  stm32l1xx_hal_rcc.o(i.RCC_SetFlashLatencyFromMSIRange)
    i.SI7020_IIC_Init                        0x08002808   Section        0  si7020_iic.o(i.SI7020_IIC_Init)
    i.SPI_EndRxTxTransaction                 0x08002878   Section        0  stm32l1xx_hal_spi.o(i.SPI_EndRxTxTransaction)
    SPI_EndRxTxTransaction                   0x08002879   Thumb Code   100  stm32l1xx_hal_spi.o(i.SPI_EndRxTxTransaction)
    i.SPI_WaitFlagStateUntilTimeout          0x080028e4   Section        0  stm32l1xx_hal_spi.o(i.SPI_WaitFlagStateUntilTimeout)
    SPI_WaitFlagStateUntilTimeout            0x080028e5   Thumb Code   210  stm32l1xx_hal_spi.o(i.SPI_WaitFlagStateUntilTimeout)
    i.SVC_Handler                            0x080029bc   Section        0  stm32l1xx_it.o(i.SVC_Handler)
    i.SysTick_Handler                        0x080029be   Section        0  board.o(i.SysTick_Handler)
    i.SystemClock_Config                     0x080029d0   Section        0  main.o(i.SystemClock_Config)
    i.SystemCoreClockUpdate                  0x08002a44   Section        0  system_stm32l1xx.o(i.SystemCoreClockUpdate)
    i.SystemInit                             0x08002b20   Section        0  system_stm32l1xx.o(i.SystemInit)
    i.UART_DMAAbortOnError                   0x08002b30   Section        0  stm32l1xx_hal_uart.o(i.UART_DMAAbortOnError)
    UART_DMAAbortOnError                     0x08002b31   Thumb Code    20  stm32l1xx_hal_uart.o(i.UART_DMAAbortOnError)
    i.UART_EndRxTransfer                     0x08002b44   Section        0  stm32l1xx_hal_uart.o(i.UART_EndRxTransfer)
    UART_EndRxTransfer                       0x08002b45   Thumb Code    32  stm32l1xx_hal_uart.o(i.UART_EndRxTransfer)
    i.UART_EndTransmit_IT                    0x08002b64   Section        0  stm32l1xx_hal_uart.o(i.UART_EndTransmit_IT)
    UART_EndTransmit_IT                      0x08002b65   Thumb Code    32  stm32l1xx_hal_uart.o(i.UART_EndTransmit_IT)
    i.UART_Receive_IT                        0x08002b84   Section        0  stm32l1xx_hal_uart.o(i.UART_Receive_IT)
    UART_Receive_IT                          0x08002b85   Thumb Code   166  stm32l1xx_hal_uart.o(i.UART_Receive_IT)
    i.UART_SetConfig                         0x08002c2c   Section        0  stm32l1xx_hal_uart.o(i.UART_SetConfig)
    UART_SetConfig                           0x08002c2d   Thumb Code   428  stm32l1xx_hal_uart.o(i.UART_SetConfig)
    i.UART_Transmit_IT                       0x08002ddc   Section        0  stm32l1xx_hal_uart.o(i.UART_Transmit_IT)
    UART_Transmit_IT                         0x08002ddd   Thumb Code   104  stm32l1xx_hal_uart.o(i.UART_Transmit_IT)
    i.UART_WaitOnFlagUntilTimeout            0x08002e44   Section        0  stm32l1xx_hal_uart.o(i.UART_WaitOnFlagUntilTimeout)
    UART_WaitOnFlagUntilTimeout              0x08002e45   Thumb Code   108  stm32l1xx_hal_uart.o(i.UART_WaitOnFlagUntilTimeout)
    i.USART1_IRQHandler                      0x08002eb0   Section        0  stm32l1xx_it.o(i.USART1_IRQHandler)
    i.UsageFault_Handler                     0x08002ec0   Section        0  stm32l1xx_it.o(i.UsageFault_Handler)
    i._SysTick_Config                        0x08002ec4   Section        0  board.o(i._SysTick_Config)
    _SysTick_Config                          0x08002ec5   Thumb Code    44  board.o(i._SysTick_Config)
    i.__NVIC_GetPriorityGrouping             0x08002ef4   Section        0  stm32l1xx_hal_cortex.o(i.__NVIC_GetPriorityGrouping)
    __NVIC_GetPriorityGrouping               0x08002ef5   Thumb Code    10  stm32l1xx_hal_cortex.o(i.__NVIC_GetPriorityGrouping)
    i.__NVIC_SetPriority                     0x08002f04   Section        0  stm32l1xx_hal_cortex.o(i.__NVIC_SetPriority)
    __NVIC_SetPriority                       0x08002f05   Thumb Code    32  stm32l1xx_hal_cortex.o(i.__NVIC_SetPriority)
    i.__rt_ffs                               0x08002f2c   Section        0  kservice.o(i.__rt_ffs)
    i.__scatterload_copy                     0x08002f78   Section       14  handlers.o(i.__scatterload_copy)
    i.__scatterload_null                     0x08002f86   Section        2  handlers.o(i.__scatterload_null)
    i.__scatterload_zeroinit                 0x08002f88   Section       14  handlers.o(i.__scatterload_zeroinit)
    i._has_defunct_thread                    0x08002f98   Section        0  idle.o(i._has_defunct_thread)
    _has_defunct_thread                      0x08002f99   Thumb Code    16  idle.o(i._has_defunct_thread)
    i._rt_thread_init                        0x08002fac   Section        0  thread.o(i._rt_thread_init)
    _rt_thread_init                          0x08002fad   Thumb Code   124  thread.o(i._rt_thread_init)
    i._rt_timer_init                         0x08003030   Section        0  timer.o(i._rt_timer_init)
    _rt_timer_init                           0x08003031   Thumb Code    66  timer.o(i._rt_timer_init)
    i._rt_timer_remove                       0x08003072   Section        0  timer.o(i._rt_timer_remove)
    _rt_timer_remove                         0x08003073   Thumb Code    46  timer.o(i._rt_timer_remove)
    i.keyInit                                0x080030a0   Section        0  key.o(i.keyInit)
    i.main                                   0x0800310c   Section        0  main.o(i.main)
    i.main_thread_entry                      0x08003520   Section        0  components.o(i.main_thread_entry)
    i.print_number                           0x08003530   Section        0  kservice.o(i.print_number)
    print_number                             0x08003531   Thumb Code   400  kservice.o(i.print_number)
    i.rt_application_init                    0x080036c8   Section        0  components.o(i.rt_application_init)
    i.rt_components_board_init               0x08003708   Section        0  components.o(i.rt_components_board_init)
    i.rt_components_init                     0x08003724   Section        0  components.o(i.rt_components_init)
    i.rt_enter_critical                      0x08003740   Section        0  scheduler.o(i.rt_enter_critical)
    i.rt_exit_critical                       0x08003760   Section        0  scheduler.o(i.rt_exit_critical)
    i.rt_hw_board_init                       0x080037a4   Section        0  board.o(i.rt_hw_board_init)
    i.rt_hw_console_output                   0x080037cc   Section        0  usart.o(i.rt_hw_console_output)
    i.rt_hw_hard_fault_exception             0x0800381c   Section        0  cpuport.o(i.rt_hw_hard_fault_exception)
    i.rt_hw_stack_init                       0x08003a1c   Section        0  cpuport.o(i.rt_hw_stack_init)
    i.rt_interrupt_enter                     0x08003a68   Section        0  irq.o(i.rt_interrupt_enter)
    i.rt_interrupt_leave                     0x08003a88   Section        0  irq.o(i.rt_interrupt_leave)
    i.rt_kprintf                             0x08003aa8   Section        0  kservice.o(i.rt_kprintf)
    i.rt_list_init                           0x08003ad8   Section        0  scheduler.o(i.rt_list_init)
    rt_list_init                             0x08003ad9   Thumb Code     6  scheduler.o(i.rt_list_init)
    i.rt_list_init                           0x08003ade   Section        0  timer.o(i.rt_list_init)
    rt_list_init                             0x08003adf   Thumb Code     6  timer.o(i.rt_list_init)
    i.rt_list_insert_after                   0x08003ae4   Section        0  thread.o(i.rt_list_insert_after)
    rt_list_insert_after                     0x08003ae5   Thumb Code    14  thread.o(i.rt_list_insert_after)
    i.rt_list_insert_after                   0x08003af2   Section        0  timer.o(i.rt_list_insert_after)
    rt_list_insert_after                     0x08003af3   Thumb Code    14  timer.o(i.rt_list_insert_after)
    i.rt_list_isempty                        0x08003b00   Section        0  timer.o(i.rt_list_isempty)
    rt_list_isempty                          0x08003b01   Thumb Code    16  timer.o(i.rt_list_isempty)
    i.rt_list_remove                         0x08003b10   Section        0  thread.o(i.rt_list_remove)
    rt_list_remove                           0x08003b11   Thumb Code    18  thread.o(i.rt_list_remove)
    i.rt_memset                              0x08003b22   Section        0  kservice.o(i.rt_memset)
    i.rt_object_detach                       0x08003b6a   Section        0  object.o(i.rt_object_detach)
    i.rt_object_get_information              0x08003b98   Section        0  object.o(i.rt_object_get_information)
    i.rt_object_init                         0x08003bc0   Section        0  object.o(i.rt_object_init)
    i.rt_object_is_systemobject              0x08003c20   Section        0  object.o(i.rt_object_is_systemobject)
    i.rt_schedule                            0x08003c34   Section        0  scheduler.o(i.rt_schedule)
    i.rt_schedule_insert_thread              0x08003cb8   Section        0  scheduler.o(i.rt_schedule_insert_thread)
    i.rt_schedule_remove_thread              0x08003d08   Section        0  scheduler.o(i.rt_schedule_remove_thread)
    i.rt_show_version                        0x08003d5c   Section        0  kservice.o(i.rt_show_version)
    i.rt_strlen                              0x08003e0c   Section        0  kservice.o(i.rt_strlen)
    i.rt_strncpy                             0x08003e1e   Section        0  kservice.o(i.rt_strncpy)
    i.rt_system_scheduler_init               0x08003e54   Section        0  scheduler.o(i.rt_system_scheduler_init)
    i.rt_system_scheduler_start              0x08003ea0   Section        0  scheduler.o(i.rt_system_scheduler_start)
    i.rt_system_timer_init                   0x08003ed0   Section        0  timer.o(i.rt_system_timer_init)
    i.rt_system_timer_thread_init            0x08003eec   Section        0  timer.o(i.rt_system_timer_thread_init)
    i.rt_thread_exit                         0x08003ef0   Section        0  thread.o(i.rt_thread_exit)
    i.rt_thread_idle_entry                   0x08003f44   Section        0  idle.o(i.rt_thread_idle_entry)
    rt_thread_idle_entry                     0x08003f45   Thumb Code     8  idle.o(i.rt_thread_idle_entry)
    i.rt_thread_idle_excute                  0x08003f4c   Section        0  idle.o(i.rt_thread_idle_excute)
    i.rt_thread_idle_init                    0x08003fcc   Section        0  idle.o(i.rt_thread_idle_init)
    i.rt_thread_init                         0x08004008   Section        0  thread.o(i.rt_thread_init)
    i.rt_thread_mdelay                       0x0800403c   Section        0  thread.o(i.rt_thread_mdelay)
    i.rt_thread_resume                       0x08004050   Section        0  thread.o(i.rt_thread_resume)
    i.rt_thread_self                         0x0800408c   Section        0  thread.o(i.rt_thread_self)
    i.rt_thread_sleep                        0x08004098   Section        0  thread.o(i.rt_thread_sleep)
    i.rt_thread_startup                      0x080040dc   Section        0  thread.o(i.rt_thread_startup)
    i.rt_thread_suspend                      0x08004108   Section        0  thread.o(i.rt_thread_suspend)
    i.rt_thread_timeout                      0x0800414c   Section        0  thread.o(i.rt_thread_timeout)
    i.rt_thread_yield                        0x0800416c   Section        0  thread.o(i.rt_thread_yield)
    i.rt_tick_from_millisecond               0x080041d0   Section        0  clock.o(i.rt_tick_from_millisecond)
    i.rt_tick_get                            0x08004208   Section        0  clock.o(i.rt_tick_get)
    i.rt_tick_increase                       0x08004214   Section        0  clock.o(i.rt_tick_increase)
    i.rt_timer_check                         0x08004244   Section        0  timer.o(i.rt_timer_check)
    i.rt_timer_control                       0x080042c0   Section        0  timer.o(i.rt_timer_control)
    i.rt_timer_detach                        0x080042f8   Section        0  timer.o(i.rt_timer_detach)
    i.rt_timer_init                          0x08004318   Section        0  timer.o(i.rt_timer_init)
    i.rt_timer_start                         0x08004348   Section        0  timer.o(i.rt_timer_start)
    i.rt_timer_stop                          0x08004440   Section        0  timer.o(i.rt_timer_stop)
    i.rt_vsnprintf                           0x08004470   Section        0  kservice.o(i.rt_vsnprintf)
    i.rti_board_end                          0x080047a0   Section        0  components.o(i.rti_board_end)
    rti_board_end                            0x080047a1   Thumb Code     4  components.o(i.rti_board_end)
    i.rti_board_start                        0x080047a4   Section        0  components.o(i.rti_board_start)
    rti_board_start                          0x080047a5   Thumb Code     4  components.o(i.rti_board_start)
    i.rti_end                                0x080047a8   Section        0  components.o(i.rti_end)
    rti_end                                  0x080047a9   Thumb Code     4  components.o(i.rti_end)
    i.rti_start                              0x080047ac   Section        0  components.o(i.rti_start)
    rti_start                                0x080047ad   Thumb Code     4  components.o(i.rti_start)
    i.rtthread_startup                       0x080047b0   Section        0  components.o(i.rtthread_startup)
    i.skip_atoi                              0x080047da   Section        0  kservice.o(i.skip_atoi)
    skip_atoi                                0x080047db   Thumb Code    38  kservice.o(i.skip_atoi)
    .constdata                               0x08004800   Section       60  epd2in13.o(.constdata)
    .constdata                               0x0800483c   Section     3040  font16.o(.constdata)
    .constdata                               0x0800541c   Section     3800  font20.o(.constdata)
    .constdata                               0x080062f4   Section    10800  font80.o(.constdata)
    .constdata                               0x08008d24   Section     1134  font21.o(.constdata)
    .constdata                               0x08009194   Section       40  main.o(.constdata)
    .constdata                               0x080091bc   Section       33  system_stm32l1xx.o(.constdata)
    .constdata                               0x080091dd   Section      290  kservice.o(.constdata)
    small_digits                             0x080092dd   Data          17  kservice.o(.constdata)
    large_digits                             0x080092ee   Data          17  kservice.o(.constdata)
    .conststring                             0x08009300   Section       38  main.o(.conststring)
    .rti_fn.0                                0x08009328   Section        4  components.o(.rti_fn.0)
    __tagsym$$used                           0x08009328   Number         0  components.o(.rti_fn.0)
    .rti_fn.0.end                            0x0800932c   Section        4  components.o(.rti_fn.0.end)
    __tagsym$$used                           0x0800932c   Number         0  components.o(.rti_fn.0.end)
    .rti_fn.1.end                            0x08009330   Section        4  components.o(.rti_fn.1.end)
    __tagsym$$used                           0x08009330   Number         0  components.o(.rti_fn.1.end)
    .rti_fn.6.end                            0x08009334   Section        4  components.o(.rti_fn.6.end)
    __tagsym$$used                           0x08009334   Number         0  components.o(.rti_fn.6.end)
    .data                                    0x20000000   Section       32  epdif.o(.data)
    .data                                    0x20000020   Section        8  font16.o(.data)
    .data                                    0x20000028   Section        8  font20.o(.data)
    .data                                    0x20000030   Section        8  font80.o(.data)
    .data                                    0x20000038   Section        8  font21.o(.data)
    .data                                    0x20000040   Section       12  stm32l1xx_hal.o(.data)
    .data                                    0x2000004c   Section        4  system_stm32l1xx.o(.data)
    .data                                    0x20000050   Section        4  clock.o(.data)
    rt_tick                                  0x20000050   Data           4  clock.o(.data)
    .data                                    0x20000054   Section        1  irq.o(.data)
    .data                                    0x20000058   Section       80  object.o(.data)
    rt_object_container                      0x20000058   Data          80  object.o(.data)
    .data                                    0x200000a8   Section       24  scheduler.o(.data)
    rt_scheduler_lock_nest                   0x200000a8   Data           2  scheduler.o(.data)
    .data                                    0x200000c0   Section       12  timer.o(.data)
    rt_timer_list                            0x200000c0   Data           8  timer.o(.data)
    random_nr                                0x200000c8   Data           4  timer.o(.data)
    .data                                    0x200000cc   Section       16  cpuport.o(.data)
    rt_exception_hook                        0x200000d8   Data           4  cpuport.o(.data)
    .data                                    0x200000dc   Section       28  pcf8563.o(.data)
    .bss                                     0x200000f8   Section       32  epdif.o(.bss)
    .bss                                     0x20000118   Section     4096  main.o(.bss)
    .bss                                     0x20001118   Section       88  spi.o(.bss)
    .bss                                     0x20001170   Section       64  usart.o(.bss)
    .bss                                     0x200011b0   Section       84  adc.o(.bss)
    .bss                                     0x20001208   Section      376  components.o(.bss)
    main_stack                               0x20001208   Data         256  components.o(.bss)
    .bss                                     0x20001380   Section      248  idle.o(.bss)
    idle                                     0x20001380   Data         120  idle.o(.bss)
    rt_thread_stack                          0x200013f8   Data         128  idle.o(.bss)
    .bss                                     0x20001478   Section      128  kservice.o(.bss)
    rt_log_buf                               0x20001478   Data         128  kservice.o(.bss)
    .bss                                     0x200014f8   Section       64  scheduler.o(.bss)
    STACK                                    0x20001538   Section     1024  startup_stm32l151xba.o(STACK)

    Global Symbols

    Symbol Name                              Value     Ov Type        Size  Object(Section)

    BuildAttributes$$THM_ISAv4$P$D$K$B$S$PE$A:L22UL41UL21$X:L11$S22US41US21$IEEE1$IW$USESV6$~STKCKD$USESV7$~SHL$OSPACE$ROPI$EBA8$MICROLIB$REQ8$PRES8$EABIv2 0x00000000   Number         0  anon$$obj.o ABSOLUTE
    __ARM_use_no_argv                        0x00000000   Number         0  main.o ABSOLUTE
    __cpp_initialize__aeabi_                  - Undefined Weak Reference
    __cxa_finalize                            - Undefined Weak Reference
    __decompress                              - Undefined Weak Reference
    _clock_init                               - Undefined Weak Reference
    _microlib_exit                            - Undefined Weak Reference
    __Vectors_Size                           0x000000f4   Number         0  startup_stm32l151xba.o ABSOLUTE
    __Vectors                                0x08000000   Data           4  startup_stm32l151xba.o(RESET)
    __Vectors_End                            0x080000f4   Data           0  startup_stm32l151xba.o(RESET)
    __main                                   0x080000f5   Thumb Code     0  entry.o(.ARM.Collect$$$$00000000)
    _main_stk                                0x080000f5   Thumb Code     0  entry2.o(.ARM.Collect$$$$00000001)
    _main_scatterload                        0x080000f9   Thumb Code     0  entry5.o(.ARM.Collect$$$$00000004)
    __main_after_scatterload                 0x080000fd   Thumb Code     0  entry5.o(.ARM.Collect$$$$00000004)
    _main_clock                              0x080000fd   Thumb Code     0  entry7b.o(.ARM.Collect$$$$00000008)
    _main_cpp_init                           0x080000fd   Thumb Code     0  entry8b.o(.ARM.Collect$$$$0000000A)
    _main_init                               0x080000fd   Thumb Code     0  entry9a.o(.ARM.Collect$$$$0000000B)
    __rt_final_cpp                           0x08000105   Thumb Code     0  entry10a.o(.ARM.Collect$$$$0000000D)
    __rt_final_exit                          0x08000105   Thumb Code     0  entry11a.o(.ARM.Collect$$$$0000000F)
    Reset_Handler                            0x08000109   Thumb Code     8  startup_stm32l151xba.o(.text)
    ADC1_IRQHandler                          0x08000123   Thumb Code     0  startup_stm32l151xba.o(.text)
    COMP_IRQHandler                          0x08000123   Thumb Code     0  startup_stm32l151xba.o(.text)
    DAC_IRQHandler                           0x08000123   Thumb Code     0  startup_stm32l151xba.o(.text)
    DMA1_Channel1_IRQHandler                 0x08000123   Thumb Code     0  startup_stm32l151xba.o(.text)
    DMA1_Channel2_IRQHandler                 0x08000123   Thumb Code     0  startup_stm32l151xba.o(.text)
    DMA1_Channel3_IRQHandler                 0x08000123   Thumb Code     0  startup_stm32l151xba.o(.text)
    DMA1_Channel4_IRQHandler                 0x08000123   Thumb Code     0  startup_stm32l151xba.o(.text)
    DMA1_Channel5_IRQHandler                 0x08000123   Thumb Code     0  startup_stm32l151xba.o(.text)
    DMA1_Channel6_IRQHandler                 0x08000123   Thumb Code     0  startup_stm32l151xba.o(.text)
    DMA1_Channel7_IRQHandler                 0x08000123   Thumb Code     0  startup_stm32l151xba.o(.text)
    EXTI0_IRQHandler                         0x08000123   Thumb Code     0  startup_stm32l151xba.o(.text)
    EXTI15_10_IRQHandler                     0x08000123   Thumb Code     0  startup_stm32l151xba.o(.text)
    EXTI1_IRQHandler                         0x08000123   Thumb Code     0  startup_stm32l151xba.o(.text)
    EXTI2_IRQHandler                         0x08000123   Thumb Code     0  startup_stm32l151xba.o(.text)
    EXTI3_IRQHandler                         0x08000123   Thumb Code     0  startup_stm32l151xba.o(.text)
    EXTI4_IRQHandler                         0x08000123   Thumb Code     0  startup_stm32l151xba.o(.text)
    FLASH_IRQHandler                         0x08000123   Thumb Code     0  startup_stm32l151xba.o(.text)
    I2C1_ER_IRQHandler                       0x08000123   Thumb Code     0  startup_stm32l151xba.o(.text)
    I2C1_EV_IRQHandler                       0x08000123   Thumb Code     0  startup_stm32l151xba.o(.text)
    I2C2_ER_IRQHandler                       0x08000123   Thumb Code     0  startup_stm32l151xba.o(.text)
    I2C2_EV_IRQHandler                       0x08000123   Thumb Code     0  startup_stm32l151xba.o(.text)
    PVD_IRQHandler                           0x08000123   Thumb Code     0  startup_stm32l151xba.o(.text)
    RCC_IRQHandler                           0x08000123   Thumb Code     0  startup_stm32l151xba.o(.text)
    RTC_Alarm_IRQHandler                     0x08000123   Thumb Code     0  startup_stm32l151xba.o(.text)
    RTC_WKUP_IRQHandler                      0x08000123   Thumb Code     0  startup_stm32l151xba.o(.text)
    SPI1_IRQHandler                          0x08000123   Thumb Code     0  startup_stm32l151xba.o(.text)
    SPI2_IRQHandler                          0x08000123   Thumb Code     0  startup_stm32l151xba.o(.text)
    TAMPER_STAMP_IRQHandler                  0x08000123   Thumb Code     0  startup_stm32l151xba.o(.text)
    TIM10_IRQHandler                         0x08000123   Thumb Code     0  startup_stm32l151xba.o(.text)
    TIM11_IRQHandler                         0x08000123   Thumb Code     0  startup_stm32l151xba.o(.text)
    TIM2_IRQHandler                          0x08000123   Thumb Code     0  startup_stm32l151xba.o(.text)
    TIM3_IRQHandler                          0x08000123   Thumb Code     0  startup_stm32l151xba.o(.text)
    TIM4_IRQHandler                          0x08000123   Thumb Code     0  startup_stm32l151xba.o(.text)
    TIM6_IRQHandler                          0x08000123   Thumb Code     0  startup_stm32l151xba.o(.text)
    TIM7_IRQHandler                          0x08000123   Thumb Code     0  startup_stm32l151xba.o(.text)
    TIM9_IRQHandler                          0x08000123   Thumb Code     0  startup_stm32l151xba.o(.text)
    USART2_IRQHandler                        0x08000123   Thumb Code     0  startup_stm32l151xba.o(.text)
    USART3_IRQHandler                        0x08000123   Thumb Code     0  startup_stm32l151xba.o(.text)
    USB_FS_WKUP_IRQHandler                   0x08000123   Thumb Code     0  startup_stm32l151xba.o(.text)
    USB_HP_IRQHandler                        0x08000123   Thumb Code     0  startup_stm32l151xba.o(.text)
    USB_LP_IRQHandler                        0x08000123   Thumb Code     0  startup_stm32l151xba.o(.text)
    WWDG_IRQHandler                          0x08000123   Thumb Code     0  startup_stm32l151xba.o(.text)
    rt_hw_interrupt_disable                  0x0800012d   Thumb Code     8  context_rvds.o(.text)
    rt_hw_interrupt_enable                   0x08000135   Thumb Code     6  context_rvds.o(.text)
    rt_hw_context_switch                     0x0800013b   Thumb Code    32  context_rvds.o(.text)
    rt_hw_context_switch_interrupt           0x0800013b   Thumb Code     0  context_rvds.o(.text)
    PendSV_Handler                           0x0800015b   Thumb Code    60  context_rvds.o(.text)
    rt_hw_context_switch_to                  0x08000197   Thumb Code    58  context_rvds.o(.text)
    rt_hw_interrupt_thread_switch            0x080001d1   Thumb Code     2  context_rvds.o(.text)
    HardFault_Handler                        0x080001d3   Thumb Code    52  context_rvds.o(.text)
    __aeabi_uldivmod                         0x08000221   Thumb Code    98  uldiv.o(.text)
    __aeabi_memcpy                           0x08000283   Thumb Code    36  memcpya.o(.text)
    __aeabi_memcpy4                          0x08000283   Thumb Code     0  memcpya.o(.text)
    __aeabi_memcpy8                          0x08000283   Thumb Code     0  memcpya.o(.text)
    __aeabi_memset                           0x080002a7   Thumb Code    14  memseta.o(.text)
    __aeabi_memset4                          0x080002a7   Thumb Code     0  memseta.o(.text)
    __aeabi_memset8                          0x080002a7   Thumb Code     0  memseta.o(.text)
    __aeabi_memclr                           0x080002b5   Thumb Code     4  memseta.o(.text)
    __aeabi_memclr4                          0x080002b5   Thumb Code     0  memseta.o(.text)
    __aeabi_memclr8                          0x080002b5   Thumb Code     0  memseta.o(.text)
    _memset$wrapper                          0x080002b9   Thumb Code    18  memseta.o(.text)
    __aeabi_llsl                             0x080002cb   Thumb Code    30  llshl.o(.text)
    _ll_shift_l                              0x080002cb   Thumb Code     0  llshl.o(.text)
    __aeabi_llsr                             0x080002e9   Thumb Code    32  llushr.o(.text)
    _ll_ushift_r                             0x080002e9   Thumb Code     0  llushr.o(.text)
    __scatterload                            0x08000309   Thumb Code    28  init.o(.text)
    __scatterload_rt2                        0x08000309   Thumb Code     0  init.o(.text)
    main                                     0x0800032d   Thumb Code    10  components.o(i.$Sub$$main)
    BusFault_Handler                         0x08000337   Thumb Code     4  stm32l1xx_it.o(i.BusFault_Handler)
    DebugMon_Handler                         0x0800033b   Thumb Code     2  stm32l1xx_it.o(i.DebugMon_Handler)
    EPD_ClearFrameMemory                     0x0800033d   Thumb Code    86  epd2in13.o(i.EPD_ClearFrameMemory)
    EPD_DelayMs                              0x08000393   Thumb Code    14  epd2in13.o(i.EPD_DelayMs)
    EPD_DigitalRead                          0x080003a1   Thumb Code    14  epd2in13.o(i.EPD_DigitalRead)
    EPD_DigitalWrite                         0x080003af   Thumb Code    18  epd2in13.o(i.EPD_DigitalWrite)
    EPD_DisplayFrame                         0x080003c1   Thumb Code    44  epd2in13.o(i.EPD_DisplayFrame)
    EPD_Init                                 0x080003ed   Thumb Code   190  epd2in13.o(i.EPD_Init)
    EPD_Reset                                0x080004ab   Thumb Code    42  epd2in13.o(i.EPD_Reset)
    EPD_SendCommand                          0x080004d5   Thumb Code    24  epd2in13.o(i.EPD_SendCommand)
    EPD_SendData                             0x080004ed   Thumb Code    24  epd2in13.o(i.EPD_SendData)
    EPD_SetFrameMemory                       0x08000505   Thumb Code   222  epd2in13.o(i.EPD_SetFrameMemory)
    EPD_Sleep                                0x0800069f   Thumb Code    42  epd2in13.o(i.EPD_Sleep)
    EPD_WaitUntilIdle                        0x080006c9   Thumb Code    28  epd2in13.o(i.EPD_WaitUntilIdle)
    EXTI9_5_IRQHandler                       0x080006e5   Thumb Code    12  key.o(i.EXTI9_5_IRQHandler)
    EpdDelayMsCallback                       0x080006f1   Thumb Code    12  epdif.o(i.EpdDelayMsCallback)
    EpdDigitalReadCallback                   0x080006fd   Thumb Code    34  epdif.o(i.EpdDigitalReadCallback)
    EpdDigitalWriteCallback                  0x08000725   Thumb Code    58  epdif.o(i.EpdDigitalWriteCallback)
    EpdInitCallback                          0x08000765   Thumb Code    38  epdif.o(i.EpdInitCallback)
    EpdSpiTransferCallback                   0x080007a1   Thumb Code    50  epdif.o(i.EpdSpiTransferCallback)
    Error_Handler                            0x080007dd   Thumb Code     2  main.o(i.Error_Handler)
    HAL_ADC_ConfigChannel                    0x080007e1   Thumb Code   460  stm32l1xx_hal_adc.o(i.HAL_ADC_ConfigChannel)
    HAL_ADC_Init                             0x080009b9   Thumb Code   450  stm32l1xx_hal_adc.o(i.HAL_ADC_Init)
    HAL_ADC_MspInit                          0x08000b91   Thumb Code   102  adc.o(i.HAL_ADC_MspInit)
    HAL_DMA_Abort_IT                         0x08000c05   Thumb Code    92  stm32l1xx_hal_dma.o(i.HAL_DMA_Abort_IT)
    HAL_GPIO_EXTI_Callback                   0x08000c61   Thumb Code    32  key.o(i.HAL_GPIO_EXTI_Callback)
    HAL_GPIO_EXTI_IRQHandler                 0x08000c85   Thumb Code    24  stm32l1xx_hal_gpio.o(i.HAL_GPIO_EXTI_IRQHandler)
    HAL_GPIO_Init                            0x08000ca1   Thumb Code   430  stm32l1xx_hal_gpio.o(i.HAL_GPIO_Init)
    HAL_GPIO_ReadPin                         0x08000e71   Thumb Code    16  stm32l1xx_hal_gpio.o(i.HAL_GPIO_ReadPin)
    HAL_GPIO_TogglePin                       0x08000e81   Thumb Code    20  stm32l1xx_hal_gpio.o(i.HAL_GPIO_TogglePin)
    HAL_GPIO_WritePin                        0x08000e95   Thumb Code    12  stm32l1xx_hal_gpio.o(i.HAL_GPIO_WritePin)
    HAL_GetTick                              0x08000ea1   Thumb Code     6  stm32l1xx_hal.o(i.HAL_GetTick)
    HAL_Init                                 0x08000ead   Thumb Code    30  stm32l1xx_hal.o(i.HAL_Init)
    HAL_InitTick                             0x08000ecd   Thumb Code    74  stm32l1xx_hal.o(i.HAL_InitTick)
    HAL_MspInit                              0x08000f25   Thumb Code    88  stm32l1xx_hal_msp.o(i.HAL_MspInit)
    HAL_NVIC_EnableIRQ                       0x08000f81   Thumb Code    32  stm32l1xx_hal_cortex.o(i.HAL_NVIC_EnableIRQ)
    HAL_NVIC_SetPriority                     0x08000fa1   Thumb Code   124  stm32l1xx_hal_cortex.o(i.HAL_NVIC_SetPriority)
    HAL_NVIC_SetPriorityGrouping             0x0800101d   Thumb Code    32  stm32l1xx_hal_cortex.o(i.HAL_NVIC_SetPriorityGrouping)
    HAL_RCC_ClockConfig                      0x08001045   Thumb Code   522  stm32l1xx_hal_rcc.o(i.HAL_RCC_ClockConfig)
    HAL_RCC_GetHCLKFreq                      0x08001265   Thumb Code     6  stm32l1xx_hal_rcc.o(i.HAL_RCC_GetHCLKFreq)
    HAL_RCC_GetPCLK1Freq                     0x08001271   Thumb Code    22  stm32l1xx_hal_rcc.o(i.HAL_RCC_GetPCLK1Freq)
    HAL_RCC_GetPCLK2Freq                     0x08001291   Thumb Code    22  stm32l1xx_hal_rcc.o(i.HAL_RCC_GetPCLK2Freq)
    HAL_RCC_GetSysClockFreq                  0x080012b1   Thumb Code   144  stm32l1xx_hal_rcc.o(i.HAL_RCC_GetSysClockFreq)
    HAL_RCC_OscConfig                        0x08001351   Thumb Code  1480  stm32l1xx_hal_rcc.o(i.HAL_RCC_OscConfig)
    HAL_SPI_Init                             0x08001921   Thumb Code   178  stm32l1xx_hal_spi.o(i.HAL_SPI_Init)
    HAL_SPI_MspInit                          0x080019d5   Thumb Code   110  spi.o(i.HAL_SPI_MspInit)
    HAL_SPI_Transmit                         0x08001a51   Thumb Code   430  stm32l1xx_hal_spi.o(i.HAL_SPI_Transmit)
    HAL_SYSTICK_Config                       0x08001bff   Thumb Code    52  stm32l1xx_hal_cortex.o(i.HAL_SYSTICK_Config)
    HAL_UART_ErrorCallback                   0x08001c33   Thumb Code     2  stm32l1xx_hal_uart.o(i.HAL_UART_ErrorCallback)
    HAL_UART_IRQHandler                      0x08001c35   Thumb Code   336  stm32l1xx_hal_uart.o(i.HAL_UART_IRQHandler)
    HAL_UART_Init                            0x08001d89   Thumb Code   114  stm32l1xx_hal_uart.o(i.HAL_UART_Init)
    HAL_UART_MspInit                         0x08001dfd   Thumb Code   128  usart.o(i.HAL_UART_MspInit)
    HAL_UART_RxCpltCallback                  0x08001e89   Thumb Code     2  stm32l1xx_hal_uart.o(i.HAL_UART_RxCpltCallback)
    HAL_UART_Transmit                        0x08001e8b   Thumb Code   216  stm32l1xx_hal_uart.o(i.HAL_UART_Transmit)
    HAL_UART_TxCpltCallback                  0x08001f63   Thumb Code     2  stm32l1xx_hal_uart.o(i.HAL_UART_TxCpltCallback)
    MX_ADC_Init                              0x08001f65   Thumb Code   100  adc.o(i.MX_ADC_Init)
    MX_GPIO_Init                             0x08001fd1   Thumb Code   126  gpio.o(i.MX_GPIO_Init)
    MX_SPI1_Init                             0x08002059   Thumb Code    66  spi.o(i.MX_SPI1_Init)
    MX_USART1_UART_Init                      0x080020a5   Thumb Code    46  usart.o(i.MX_USART1_UART_Init)
    MemManage_Handler                        0x080020dd   Thumb Code     4  stm32l1xx_it.o(i.MemManage_Handler)
    NMI_Handler                              0x080020e1   Thumb Code     2  stm32l1xx_it.o(i.NMI_Handler)
    PCF8563_IIC_Init                         0x080020e5   Thumb Code    60  pcf8563.o(i.PCF8563_IIC_Init)
    PCF8563_IIC_Send_Byte                    0x08002129   Thumb Code   122  pcf8563.o(i.PCF8563_IIC_Send_Byte)
    PCF8563_IIC_Start                        0x080021ad   Thumb Code    82  pcf8563.o(i.PCF8563_IIC_Start)
    PCF8563_IIC_Stop                         0x08002209   Thumb Code    82  pcf8563.o(i.PCF8563_IIC_Stop)
    PCF8563_IIC_Wait_Ack                     0x08002265   Thumb Code   102  pcf8563.o(i.PCF8563_IIC_Wait_Ack)
    PCF8563_SetINT                           0x080022d5   Thumb Code    28  pcf8563.o(i.PCF8563_SetINT)
    PCF8563_WriteOneByte                     0x080022f1   Thumb Code    52  pcf8563.o(i.PCF8563_WriteOneByte)
    PCF8563_WriteTime                        0x08002325   Thumb Code   140  pcf8563.o(i.PCF8563_WriteTime)
    Paint_Clear                              0x080023b9   Thumb Code    44  epdpaint.o(i.Paint_Clear)
    Paint_DrawAbsolutePixel                  0x080023e5   Thumb Code   158  epdpaint.o(i.Paint_DrawAbsolutePixel)
    Paint_DrawCharAt                         0x08002483   Thumb Code   170  epdpaint.o(i.Paint_DrawCharAt)
    Paint_DrawHorizontalLine                 0x0800252d   Thumb Code    44  epdpaint.o(i.Paint_DrawHorizontalLine)
    Paint_DrawPixel                          0x08002559   Thumb Code   206  epdpaint.o(i.Paint_DrawPixel)
    Paint_DrawRectangle                      0x08002627   Thumb Code   144  epdpaint.o(i.Paint_DrawRectangle)
    Paint_DrawStringAt                       0x080026b7   Thumb Code    64  epdpaint.o(i.Paint_DrawStringAt)
    Paint_DrawVerticalLine                   0x080026f7   Thumb Code    44  epdpaint.o(i.Paint_DrawVerticalLine)
    Paint_Init                               0x08002723   Thumb Code    58  epdpaint.o(i.Paint_Init)
    Paint_SetRotate                          0x0800275d   Thumb Code     4  epdpaint.o(i.Paint_SetRotate)
    SI7020_IIC_Init                          0x08002809   Thumb Code   104  si7020_iic.o(i.SI7020_IIC_Init)
    SVC_Handler                              0x080029bd   Thumb Code     2  stm32l1xx_it.o(i.SVC_Handler)
    SysTick_Handler                          0x080029bf   Thumb Code    16  board.o(i.SysTick_Handler)
    SystemClock_Config                       0x080029d1   Thumb Code   110  main.o(i.SystemClock_Config)
    SystemCoreClockUpdate                    0x08002a45   Thumb Code   194  system_stm32l1xx.o(i.SystemCoreClockUpdate)
    SystemInit                               0x08002b21   Thumb Code    10  system_stm32l1xx.o(i.SystemInit)
    USART1_IRQHandler                        0x08002eb1   Thumb Code    10  stm32l1xx_it.o(i.USART1_IRQHandler)
    UsageFault_Handler                       0x08002ec1   Thumb Code     4  stm32l1xx_it.o(i.UsageFault_Handler)
    __rt_ffs                                 0x08002f2d   Thumb Code    70  kservice.o(i.__rt_ffs)
    __scatterload_copy                       0x08002f79   Thumb Code    14  handlers.o(i.__scatterload_copy)
    __scatterload_null                       0x08002f87   Thumb Code     2  handlers.o(i.__scatterload_null)
    __scatterload_zeroinit                   0x08002f89   Thumb Code    14  handlers.o(i.__scatterload_zeroinit)
    keyInit                                  0x080030a1   Thumb Code    96  key.o(i.keyInit)
    $Super$$main                             0x0800310d   Thumb Code   916  main.o(i.main)
    main_thread_entry                        0x08003521   Thumb Code    14  components.o(i.main_thread_entry)
    rt_application_init                      0x080036c9   Thumb Code    42  components.o(i.rt_application_init)
    rt_components_board_init                 0x08003709   Thumb Code    20  components.o(i.rt_components_board_init)
    rt_components_init                       0x08003725   Thumb Code    20  components.o(i.rt_components_init)
    rt_enter_critical                        0x08003741   Thumb Code    28  scheduler.o(i.rt_enter_critical)
    rt_exit_critical                         0x08003761   Thumb Code    60  scheduler.o(i.rt_exit_critical)
    rt_hw_board_init                         0x080037a5   Thumb Code    34  board.o(i.rt_hw_board_init)
    rt_hw_console_output                     0x080037cd   Thumb Code    74  usart.o(i.rt_hw_console_output)
    rt_hw_hard_fault_exception               0x0800381d   Thumb Code   190  cpuport.o(i.rt_hw_hard_fault_exception)
    rt_hw_stack_init                         0x08003a1d   Thumb Code    70  cpuport.o(i.rt_hw_stack_init)
    rt_interrupt_enter                       0x08003a69   Thumb Code    26  irq.o(i.rt_interrupt_enter)
    rt_interrupt_leave                       0x08003a89   Thumb Code    26  irq.o(i.rt_interrupt_leave)
    rt_kprintf                               0x08003aa9   Thumb Code    44  kservice.o(i.rt_kprintf)
    rt_memset                                0x08003b23   Thumb Code    72  kservice.o(i.rt_memset)
    rt_object_detach                         0x08003b6b   Thumb Code    44  object.o(i.rt_object_detach)
    rt_object_get_information                0x08003b99   Thumb Code    36  object.o(i.rt_object_get_information)
    rt_object_init                           0x08003bc1   Thumb Code    96  object.o(i.rt_object_init)
    rt_object_is_systemobject                0x08003c21   Thumb Code    18  object.o(i.rt_object_is_systemobject)
    rt_schedule                              0x08003c35   Thumb Code   106  scheduler.o(i.rt_schedule)
    rt_schedule_insert_thread                0x08003cb9   Thumb Code    72  scheduler.o(i.rt_schedule_insert_thread)
    rt_schedule_remove_thread                0x08003d09   Thumb Code    76  scheduler.o(i.rt_schedule_remove_thread)
    rt_show_version                          0x08003d5d   Thumb Code    38  kservice.o(i.rt_show_version)
    rt_strlen                                0x08003e0d   Thumb Code    18  kservice.o(i.rt_strlen)
    rt_strncpy                               0x08003e1f   Thumb Code    52  kservice.o(i.rt_strncpy)
    rt_system_scheduler_init                 0x08003e55   Thumb Code    52  scheduler.o(i.rt_system_scheduler_init)
    rt_system_scheduler_start                0x08003ea1   Thumb Code    36  scheduler.o(i.rt_system_scheduler_start)
    rt_system_timer_init                     0x08003ed1   Thumb Code    24  timer.o(i.rt_system_timer_init)
    rt_system_timer_thread_init              0x08003eed   Thumb Code     2  timer.o(i.rt_system_timer_thread_init)
    rt_thread_exit                           0x08003ef1   Thumb Code    76  thread.o(i.rt_thread_exit)
    rt_thread_idle_excute                    0x08003f4d   Thumb Code   122  idle.o(i.rt_thread_idle_excute)
    rt_thread_idle_init                      0x08003fcd   Thumb Code    38  idle.o(i.rt_thread_idle_init)
    rt_thread_init                           0x08004009   Thumb Code    52  thread.o(i.rt_thread_init)
    rt_thread_mdelay                         0x0800403d   Thumb Code    20  thread.o(i.rt_thread_mdelay)
    rt_thread_resume                         0x08004051   Thumb Code    60  thread.o(i.rt_thread_resume)
    rt_thread_self                           0x0800408d   Thumb Code     6  thread.o(i.rt_thread_self)
    rt_thread_sleep                          0x08004099   Thumb Code    62  thread.o(i.rt_thread_sleep)
    rt_thread_startup                        0x080040dd   Thumb Code    44  thread.o(i.rt_thread_startup)
    rt_thread_suspend                        0x08004109   Thumb Code    68  thread.o(i.rt_thread_suspend)
    rt_thread_timeout                        0x0800414d   Thumb Code    32  thread.o(i.rt_thread_timeout)
    rt_thread_yield                          0x0800416d   Thumb Code    92  thread.o(i.rt_thread_yield)
    rt_tick_from_millisecond                 0x080041d1   Thumb Code    56  clock.o(i.rt_tick_from_millisecond)
    rt_tick_get                              0x08004209   Thumb Code     6  clock.o(i.rt_tick_get)
    rt_tick_increase                         0x08004215   Thumb Code    42  clock.o(i.rt_tick_increase)
    rt_timer_check                           0x08004245   Thumb Code   118  timer.o(i.rt_timer_check)
    rt_timer_control                         0x080042c1   Thumb Code    56  timer.o(i.rt_timer_control)
    rt_timer_detach                          0x080042f9   Thumb Code    32  timer.o(i.rt_timer_detach)
    rt_timer_init                            0x08004319   Thumb Code    46  timer.o(i.rt_timer_init)
    rt_timer_start                           0x08004349   Thumb Code   238  timer.o(i.rt_timer_start)
    rt_timer_stop                            0x08004441   Thumb Code    48  timer.o(i.rt_timer_stop)
    rt_vsnprintf                             0x08004471   Thumb Code   808  kservice.o(i.rt_vsnprintf)
    rtthread_startup                         0x080047b1   Thumb Code    42  components.o(i.rtthread_startup)
    lut_full_update                          0x08004800   Data          30  epd2in13.o(.constdata)
    lut_partial_update                       0x0800481e   Data          30  epd2in13.o(.constdata)
    Font16_Table                             0x0800483c   Data        3040  font16.o(.constdata)
    Font20_Table                             0x0800541c   Data        3800  font20.o(.constdata)
    Font80_Table                             0x080062f4   Data       10800  font80.o(.constdata)
    Font21_Table                             0x08008d24   Data        1134  font21.o(.constdata)
    PLLMulTable                              0x080091bc   Data           9  system_stm32l1xx.o(.constdata)
    AHBPrescTable                            0x080091c5   Data          16  system_stm32l1xx.o(.constdata)
    APBPrescTable                            0x080091d5   Data           8  system_stm32l1xx.o(.constdata)
    __lowest_bit_bitmap                      0x080091dd   Data         256  kservice.o(.constdata)
    __rt_init_rti_start                      0x08009328   Data           4  components.o(.rti_fn.0)
    __rt_init_rti_board_start                0x0800932c   Data           4  components.o(.rti_fn.0.end)
    __rt_init_rti_board_end                  0x08009330   Data           4  components.o(.rti_fn.1.end)
    __rt_init_rti_end                        0x08009334   Data           4  components.o(.rti_fn.6.end)
    Region$$Table$$Base                      0x08009338   Number         0  anon$$obj.o(Region$$Table)
    Region$$Table$$Limit                     0x08009358   Number         0  anon$$obj.o(Region$$Table)
    epd_cs_pin                               0x20000000   Data           8  epdif.o(.data)
    epd_rst_pin                              0x20000008   Data           8  epdif.o(.data)
    epd_dc_pin                               0x20000010   Data           8  epdif.o(.data)
    epd_busy_pin                             0x20000018   Data           8  epdif.o(.data)
    Font16                                   0x20000020   Data           8  font16.o(.data)
    Font20                                   0x20000028   Data           8  font20.o(.data)
    Font80                                   0x20000030   Data           8  font80.o(.data)
    Font21                                   0x20000038   Data           8  font21.o(.data)
    uwTick                                   0x20000040   Data           4  stm32l1xx_hal.o(.data)
    uwTickPrio                               0x20000044   Data           4  stm32l1xx_hal.o(.data)
    uwTickFreq                               0x20000048   Data           4  stm32l1xx_hal.o(.data)
    SystemCoreClock                          0x2000004c   Data           4  system_stm32l1xx.o(.data)
    rt_interrupt_nest                        0x20000054   Data           1  irq.o(.data)
    rt_current_thread                        0x200000ac   Data           4  scheduler.o(.data)
    rt_current_priority                      0x200000b0   Data           1  scheduler.o(.data)
    rt_thread_ready_priority_group           0x200000b4   Data           4  scheduler.o(.data)
    rt_thread_defunct                        0x200000b8   Data           8  scheduler.o(.data)
    rt_interrupt_from_thread                 0x200000cc   Data           4  cpuport.o(.data)
    rt_interrupt_to_thread                   0x200000d0   Data           4  cpuport.o(.data)
    rt_thread_switch_interrupt_flag          0x200000d4   Data           4  cpuport.o(.data)
    time_buf1                                0x200000dc   Data           8  pcf8563.o(.data)
    time_buf                                 0x200000e4   Data           8  pcf8563.o(.data)
    time_buf2                                0x200000ec   Data           8  pcf8563.o(.data)
    time_buf1_sp                             0x200000f4   Data           4  pcf8563.o(.data)
    pins                                     0x200000f8   Data          32  epdif.o(.bss)
    frame_buffer                             0x20000118   Data        4096  main.o(.bss)
    hspi1                                    0x20001118   Data          88  spi.o(.bss)
    huart1                                   0x20001170   Data          64  usart.o(.bss)
    hadc                                     0x200011b0   Data          84  adc.o(.bss)
    main_thread                              0x20001308   Data         120  components.o(.bss)
    rt_thread_priority_table                 0x200014f8   Data          64  scheduler.o(.bss)
    __initial_sp                             0x20001938   Data           0  startup_stm32l151xba.o(STACK)



==============================================================================

Memory Map of the image

  Image Entry point : 0x080000f5

  Load Region LR_IROM1 (Base: 0x08000000, Size: 0x00009450, Max: 0x00010000, ABSOLUTE)

    Execution Region ER_IROM1 (Base: 0x08000000, Size: 0x00009358, Max: 0x00010000, ABSOLUTE)

    Base Addr    Size         Type   Attr      Idx    E Section Name        Object

    0x08000000   0x000000f4   Data   RO            3    RESET               startup_stm32l151xba.o
    0x080000f4   0x00000000   Code   RO         4271  * .ARM.Collect$$$$00000000  mc_w.l(entry.o)
    0x080000f4   0x00000004   Code   RO         4290    .ARM.Collect$$$$00000001  mc_w.l(entry2.o)
    0x080000f8   0x00000004   Code   RO         4293    .ARM.Collect$$$$00000004  mc_w.l(entry5.o)
    0x080000fc   0x00000000   Code   RO         4295    .ARM.Collect$$$$00000008  mc_w.l(entry7b.o)
    0x080000fc   0x00000000   Code   RO         4297    .ARM.Collect$$$$0000000A  mc_w.l(entry8b.o)
    0x080000fc   0x00000008   Code   RO         4298    .ARM.Collect$$$$0000000B  mc_w.l(entry9a.o)
    0x08000104   0x00000000   Code   RO         4300    .ARM.Collect$$$$0000000D  mc_w.l(entry10a.o)
    0x08000104   0x00000000   Code   RO         4302    .ARM.Collect$$$$0000000F  mc_w.l(entry11a.o)
    0x08000104   0x00000004   Code   RO         4291    .ARM.Collect$$$$00002712  mc_w.l(entry2.o)
    0x08000108   0x00000024   Code   RO            4    .text               startup_stm32l151xba.o
    0x0800012c   0x000000f4   Code   RO         3984    .text               context_rvds.o
    0x08000220   0x00000062   Code   RO         4274    .text               mc_w.l(uldiv.o)
    0x08000282   0x00000024   Code   RO         4276    .text               mc_w.l(memcpya.o)
    0x080002a6   0x00000024   Code   RO         4278    .text               mc_w.l(memseta.o)
    0x080002ca   0x0000001e   Code   RO         4304    .text               mc_w.l(llshl.o)
    0x080002e8   0x00000020   Code   RO         4306    .text               mc_w.l(llushr.o)
    0x08000308   0x00000024   Code   RO         4313    .text               mc_w.l(init.o)
    0x0800032c   0x0000000a   Code   RO         3147    i.$Sub$$main        components.o
    0x08000336   0x00000004   Code   RO          748    i.BusFault_Handler  stm32l1xx_it.o
    0x0800033a   0x00000002   Code   RO          749    i.DebugMon_Handler  stm32l1xx_it.o
    0x0800033c   0x00000056   Code   RO           13    i.EPD_ClearFrameMemory  epd2in13.o
    0x08000392   0x0000000e   Code   RO           14    i.EPD_DelayMs       epd2in13.o
    0x080003a0   0x0000000e   Code   RO           15    i.EPD_DigitalRead   epd2in13.o
    0x080003ae   0x00000012   Code   RO           16    i.EPD_DigitalWrite  epd2in13.o
    0x080003c0   0x0000002c   Code   RO           17    i.EPD_DisplayFrame  epd2in13.o
    0x080003ec   0x000000be   Code   RO           18    i.EPD_Init          epd2in13.o
    0x080004aa   0x0000002a   Code   RO           19    i.EPD_Reset         epd2in13.o
    0x080004d4   0x00000018   Code   RO           20    i.EPD_SendCommand   epd2in13.o
    0x080004ec   0x00000018   Code   RO           21    i.EPD_SendData      epd2in13.o
    0x08000504   0x000000de   Code   RO           22    i.EPD_SetFrameMemory  epd2in13.o
    0x080005e2   0x00000026   Code   RO           23    i.EPD_SetLut        epd2in13.o
    0x08000608   0x0000005a   Code   RO           24    i.EPD_SetMemoryArea  epd2in13.o
    0x08000662   0x0000003c   Code   RO           25    i.EPD_SetMemoryPointer  epd2in13.o
    0x0800069e   0x0000002a   Code   RO           26    i.EPD_Sleep         epd2in13.o
    0x080006c8   0x0000001c   Code   RO           27    i.EPD_WaitUntilIdle  epd2in13.o
    0x080006e4   0x0000000c   Code   RO         4238    i.EXTI9_5_IRQHandler  key.o
    0x080006f0   0x0000000c   Code   RO          228    i.EpdDelayMsCallback  epdif.o
    0x080006fc   0x00000028   Code   RO          229    i.EpdDigitalReadCallback  epdif.o
    0x08000724   0x00000040   Code   RO          230    i.EpdDigitalWriteCallback  epdif.o
    0x08000764   0x0000003c   Code   RO          231    i.EpdInitCallback   epdif.o
    0x080007a0   0x0000003c   Code   RO          232    i.EpdSpiTransferCallback  epdif.o
    0x080007dc   0x00000002   Code   RO          547    i.Error_Handler     main.o
    0x080007de   0x00000002   PAD
    0x080007e0   0x000001d8   Code   RO         2835    i.HAL_ADC_ConfigChannel  stm32l1xx_hal_adc.o
    0x080009b8   0x000001d8   Code   RO         2844    i.HAL_ADC_Init      stm32l1xx_hal_adc.o
    0x08000b90   0x00000074   Code   RO          839    i.HAL_ADC_MspInit   adc.o
    0x08000c04   0x0000005c   Code   RO         1977    i.HAL_DMA_Abort_IT  stm32l1xx_hal_dma.o
    0x08000c60   0x00000024   Code   RO         4239    i.HAL_GPIO_EXTI_Callback  key.o
    0x08000c84   0x0000001c   Code   RO         1911    i.HAL_GPIO_EXTI_IRQHandler  stm32l1xx_hal_gpio.o
    0x08000ca0   0x000001d0   Code   RO         1912    i.HAL_GPIO_Init     stm32l1xx_hal_gpio.o
    0x08000e70   0x00000010   Code   RO         1914    i.HAL_GPIO_ReadPin  stm32l1xx_hal_gpio.o
    0x08000e80   0x00000014   Code   RO         1915    i.HAL_GPIO_TogglePin  stm32l1xx_hal_gpio.o
    0x08000e94   0x0000000c   Code   RO         1916    i.HAL_GPIO_WritePin  stm32l1xx_hal_gpio.o
    0x08000ea0   0x0000000c   Code   RO         1223    i.HAL_GetTick       stm32l1xx_hal.o
    0x08000eac   0x0000001e   Code   RO         1230    i.HAL_Init          stm32l1xx_hal.o
    0x08000eca   0x00000002   PAD
    0x08000ecc   0x00000058   Code   RO         1231    i.HAL_InitTick      stm32l1xx_hal.o
    0x08000f24   0x0000005c   Code   RO          812    i.HAL_MspInit       stm32l1xx_hal_msp.o
    0x08000f80   0x00000020   Code   RO         2255    i.HAL_NVIC_EnableIRQ  stm32l1xx_hal_cortex.o
    0x08000fa0   0x0000007c   Code   RO         2261    i.HAL_NVIC_SetPriority  stm32l1xx_hal_cortex.o
    0x0800101c   0x00000028   Code   RO         2262    i.HAL_NVIC_SetPriorityGrouping  stm32l1xx_hal_cortex.o
    0x08001044   0x00000220   Code   RO         1387    i.HAL_RCC_ClockConfig  stm32l1xx_hal_rcc.o
    0x08001264   0x0000000c   Code   RO         1392    i.HAL_RCC_GetHCLKFreq  stm32l1xx_hal_rcc.o
    0x08001270   0x00000020   Code   RO         1394    i.HAL_RCC_GetPCLK1Freq  stm32l1xx_hal_rcc.o
    0x08001290   0x00000020   Code   RO         1395    i.HAL_RCC_GetPCLK2Freq  stm32l1xx_hal_rcc.o
    0x080012b0   0x000000a0   Code   RO         1396    i.HAL_RCC_GetSysClockFreq  stm32l1xx_hal_rcc.o
    0x08001350   0x000005d0   Code   RO         1399    i.HAL_RCC_OscConfig  stm32l1xx_hal_rcc.o
    0x08001920   0x000000b2   Code   RO          901    i.HAL_SPI_Init      stm32l1xx_hal_spi.o
    0x080019d2   0x00000002   PAD
    0x080019d4   0x0000007c   Code   RO          659    i.HAL_SPI_MspInit   spi.o
    0x08001a50   0x000001ae   Code   RO          909    i.HAL_SPI_Transmit  stm32l1xx_hal_spi.o
    0x08001bfe   0x00000034   Code   RO         2266    i.HAL_SYSTICK_Config  stm32l1xx_hal_cortex.o
    0x08001c32   0x00000002   Code   RO         2519    i.HAL_UART_ErrorCallback  stm32l1xx_hal_uart.o
    0x08001c34   0x00000154   Code   RO         2522    i.HAL_UART_IRQHandler  stm32l1xx_hal_uart.o
    0x08001d88   0x00000072   Code   RO         2523    i.HAL_UART_Init     stm32l1xx_hal_uart.o
    0x08001dfa   0x00000002   PAD
    0x08001dfc   0x0000008c   Code   RO          701    i.HAL_UART_MspInit  usart.o
    0x08001e88   0x00000002   Code   RO         2529    i.HAL_UART_RxCpltCallback  stm32l1xx_hal_uart.o
    0x08001e8a   0x000000d8   Code   RO         2531    i.HAL_UART_Transmit  stm32l1xx_hal_uart.o
    0x08001f62   0x00000002   Code   RO         2534    i.HAL_UART_TxCpltCallback  stm32l1xx_hal_uart.o
    0x08001f64   0x0000006c   Code   RO          840    i.MX_ADC_Init       adc.o
    0x08001fd0   0x00000088   Code   RO          634    i.MX_GPIO_Init      gpio.o
    0x08002058   0x0000004c   Code   RO          660    i.MX_SPI1_Init      spi.o
    0x080020a4   0x00000038   Code   RO          702    i.MX_USART1_UART_Init  usart.o
    0x080020dc   0x00000004   Code   RO          750    i.MemManage_Handler  stm32l1xx_it.o
    0x080020e0   0x00000002   Code   RO          751    i.NMI_Handler       stm32l1xx_it.o
    0x080020e2   0x00000002   PAD
    0x080020e4   0x00000044   Code   RO         4029    i.PCF8563_IIC_Init  pcf8563.o
    0x08002128   0x00000084   Code   RO         4032    i.PCF8563_IIC_Send_Byte  pcf8563.o
    0x080021ac   0x0000005c   Code   RO         4033    i.PCF8563_IIC_Start  pcf8563.o
    0x08002208   0x0000005c   Code   RO         4034    i.PCF8563_IIC_Stop  pcf8563.o
    0x08002264   0x00000070   Code   RO         4035    i.PCF8563_IIC_Wait_Ack  pcf8563.o
    0x080022d4   0x0000001c   Code   RO         4038    i.PCF8563_SetINT    pcf8563.o
    0x080022f0   0x00000034   Code   RO         4039    i.PCF8563_WriteOneByte  pcf8563.o
    0x08002324   0x00000094   Code   RO         4040    i.PCF8563_WriteTime  pcf8563.o
    0x080023b8   0x0000002c   Code   RO          308    i.Paint_Clear       epdpaint.o
    0x080023e4   0x0000009e   Code   RO          309    i.Paint_DrawAbsolutePixel  epdpaint.o
    0x08002482   0x000000aa   Code   RO          310    i.Paint_DrawCharAt  epdpaint.o
    0x0800252c   0x0000002c   Code   RO          314    i.Paint_DrawHorizontalLine  epdpaint.o
    0x08002558   0x000000ce   Code   RO          316    i.Paint_DrawPixel   epdpaint.o
    0x08002626   0x00000090   Code   RO          317    i.Paint_DrawRectangle  epdpaint.o
    0x080026b6   0x00000040   Code   RO          318    i.Paint_DrawStringAt  epdpaint.o
    0x080026f6   0x0000002c   Code   RO          319    i.Paint_DrawVerticalLine  epdpaint.o
    0x08002722   0x0000003a   Code   RO          324    i.Paint_Init        epdpaint.o
    0x0800275c   0x00000004   Code   RO          326    i.Paint_SetRotate   epdpaint.o
    0x08002760   0x000000a8   Code   RO         1400    i.RCC_SetFlashLatencyFromMSIRange  stm32l1xx_hal_rcc.o
    0x08002808   0x00000070   Code   RO         4152    i.SI7020_IIC_Init   si7020_iic.o
    0x08002878   0x0000006c   Code   RO          939    i.SPI_EndRxTxTransaction  stm32l1xx_hal_spi.o
    0x080028e4   0x000000d8   Code   RO          944    i.SPI_WaitFlagStateUntilTimeout  stm32l1xx_hal_spi.o
    0x080029bc   0x00000002   Code   RO          752    i.SVC_Handler       stm32l1xx_it.o
    0x080029be   0x00000010   Code   RO         3991    i.SysTick_Handler   board.o
    0x080029ce   0x00000002   PAD
    0x080029d0   0x00000074   Code   RO          549    i.SystemClock_Config  main.o
    0x08002a44   0x000000dc   Code   RO         3072    i.SystemCoreClockUpdate  system_stm32l1xx.o
    0x08002b20   0x00000010   Code   RO         3073    i.SystemInit        system_stm32l1xx.o
    0x08002b30   0x00000014   Code   RO         2536    i.UART_DMAAbortOnError  stm32l1xx_hal_uart.o
    0x08002b44   0x00000020   Code   RO         2546    i.UART_EndRxTransfer  stm32l1xx_hal_uart.o
    0x08002b64   0x00000020   Code   RO         2547    i.UART_EndTransmit_IT  stm32l1xx_hal_uart.o
    0x08002b84   0x000000a6   Code   RO         2549    i.UART_Receive_IT   stm32l1xx_hal_uart.o
    0x08002c2a   0x00000002   PAD
    0x08002c2c   0x000001b0   Code   RO         2550    i.UART_SetConfig    stm32l1xx_hal_uart.o
    0x08002ddc   0x00000068   Code   RO         2551    i.UART_Transmit_IT  stm32l1xx_hal_uart.o
    0x08002e44   0x0000006c   Code   RO         2552    i.UART_WaitOnFlagUntilTimeout  stm32l1xx_hal_uart.o
    0x08002eb0   0x00000010   Code   RO          753    i.USART1_IRQHandler  stm32l1xx_it.o
    0x08002ec0   0x00000004   Code   RO          754    i.UsageFault_Handler  stm32l1xx_it.o
    0x08002ec4   0x00000030   Code   RO         3992    i._SysTick_Config   board.o
    0x08002ef4   0x00000010   Code   RO         2268    i.__NVIC_GetPriorityGrouping  stm32l1xx_hal_cortex.o
    0x08002f04   0x00000028   Code   RO         2269    i.__NVIC_SetPriority  stm32l1xx_hal_cortex.o
    0x08002f2c   0x0000004c   Code   RO         3438    i.__rt_ffs          kservice.o
    0x08002f78   0x0000000e   Code   RO         4317    i.__scatterload_copy  mc_w.l(handlers.o)
    0x08002f86   0x00000002   Code   RO         4318    i.__scatterload_null  mc_w.l(handlers.o)
    0x08002f88   0x0000000e   Code   RO         4319    i.__scatterload_zeroinit  mc_w.l(handlers.o)
    0x08002f96   0x00000002   PAD
    0x08002f98   0x00000014   Code   RO         3225    i._has_defunct_thread  idle.o
    0x08002fac   0x00000084   Code   RO         3741    i._rt_thread_init   thread.o
    0x08003030   0x00000042   Code   RO         3850    i._rt_timer_init    timer.o
    0x08003072   0x0000002e   Code   RO         3851    i._rt_timer_remove  timer.o
    0x080030a0   0x0000006c   Code   RO         4240    i.keyInit           key.o
    0x0800310c   0x00000414   Code   RO          551    i.main              main.o
    0x08003520   0x0000000e   Code   RO         3148    i.main_thread_entry  components.o
    0x0800352e   0x00000002   PAD
    0x08003530   0x00000198   Code   RO         3440    i.print_number      kservice.o
    0x080036c8   0x00000040   Code   RO         3149    i.rt_application_init  components.o
    0x08003708   0x0000001c   Code   RO         3150    i.rt_components_board_init  components.o
    0x08003724   0x0000001c   Code   RO         3151    i.rt_components_init  components.o
    0x08003740   0x00000020   Code   RO         3669    i.rt_enter_critical  scheduler.o
    0x08003760   0x00000044   Code   RO         3670    i.rt_exit_critical  scheduler.o
    0x080037a4   0x00000028   Code   RO         3993    i.rt_hw_board_init  board.o
    0x080037cc   0x00000050   Code   RO          703    i.rt_hw_console_output  usart.o
    0x0800381c   0x00000200   Code   RO         3948    i.rt_hw_hard_fault_exception  cpuport.o
    0x08003a1c   0x0000004c   Code   RO         3949    i.rt_hw_stack_init  cpuport.o
    0x08003a68   0x00000020   Code   RO         3411    i.rt_interrupt_enter  irq.o
    0x08003a88   0x00000020   Code   RO         3413    i.rt_interrupt_leave  irq.o
    0x08003aa8   0x00000030   Code   RO         3443    i.rt_kprintf        kservice.o
    0x08003ad8   0x00000006   Code   RO         3671    i.rt_list_init      scheduler.o
    0x08003ade   0x00000006   Code   RO         3852    i.rt_list_init      timer.o
    0x08003ae4   0x0000000e   Code   RO         3742    i.rt_list_insert_after  thread.o
    0x08003af2   0x0000000e   Code   RO         3853    i.rt_list_insert_after  timer.o
    0x08003b00   0x00000010   Code   RO         3854    i.rt_list_isempty   timer.o
    0x08003b10   0x00000012   Code   RO         3743    i.rt_list_remove    thread.o
    0x08003b22   0x00000048   Code   RO         3448    i.rt_memset         kservice.o
    0x08003b6a   0x0000002c   Code   RO         3615    i.rt_object_detach  object.o
    0x08003b96   0x00000002   PAD
    0x08003b98   0x00000028   Code   RO         3617    i.rt_object_get_information  object.o
    0x08003bc0   0x00000060   Code   RO         3619    i.rt_object_init    object.o
    0x08003c20   0x00000012   Code   RO         3620    i.rt_object_is_systemobject  object.o
    0x08003c32   0x00000002   PAD
    0x08003c34   0x00000084   Code   RO         3672    i.rt_schedule       scheduler.o
    0x08003cb8   0x00000050   Code   RO         3673    i.rt_schedule_insert_thread  scheduler.o
    0x08003d08   0x00000054   Code   RO         3674    i.rt_schedule_remove_thread  scheduler.o
    0x08003d5c   0x000000b0   Code   RO         3450    i.rt_show_version   kservice.o
    0x08003e0c   0x00000012   Code   RO         3455    i.rt_strlen         kservice.o
    0x08003e1e   0x00000034   Code   RO         3457    i.rt_strncpy        kservice.o
    0x08003e52   0x00000002   PAD
    0x08003e54   0x0000004c   Code   RO         3675    i.rt_system_scheduler_init  scheduler.o
    0x08003ea0   0x00000030   Code   RO         3676    i.rt_system_scheduler_start  scheduler.o
    0x08003ed0   0x0000001c   Code   RO         3855    i.rt_system_timer_init  timer.o
    0x08003eec   0x00000002   Code   RO         3856    i.rt_system_timer_thread_init  timer.o
    0x08003eee   0x00000002   PAD
    0x08003ef0   0x00000054   Code   RO         3747    i.rt_thread_exit    thread.o
    0x08003f44   0x00000008   Code   RO         3226    i.rt_thread_idle_entry  idle.o
    0x08003f4c   0x00000080   Code   RO         3227    i.rt_thread_idle_excute  idle.o
    0x08003fcc   0x0000003c   Code   RO         3229    i.rt_thread_idle_init  idle.o
    0x08004008   0x00000034   Code   RO         3749    i.rt_thread_init    thread.o
    0x0800403c   0x00000014   Code   RO         3750    i.rt_thread_mdelay  thread.o
    0x08004050   0x0000003c   Code   RO         3751    i.rt_thread_resume  thread.o
    0x0800408c   0x0000000c   Code   RO         3752    i.rt_thread_self    thread.o
    0x08004098   0x00000044   Code   RO         3753    i.rt_thread_sleep   thread.o
    0x080040dc   0x0000002c   Code   RO         3754    i.rt_thread_startup  thread.o
    0x08004108   0x00000044   Code   RO         3755    i.rt_thread_suspend  thread.o
    0x0800414c   0x00000020   Code   RO         3756    i.rt_thread_timeout  thread.o
    0x0800416c   0x00000064   Code   RO         3757    i.rt_thread_yield   thread.o
    0x080041d0   0x00000038   Code   RO         3107    i.rt_tick_from_millisecond  clock.o
    0x08004208   0x0000000c   Code   RO         3108    i.rt_tick_get       clock.o
    0x08004214   0x00000030   Code   RO         3109    i.rt_tick_increase  clock.o
    0x08004244   0x0000007c   Code   RO         3857    i.rt_timer_check    timer.o
    0x080042c0   0x00000038   Code   RO         3858    i.rt_timer_control  timer.o
    0x080042f8   0x00000020   Code   RO         3859    i.rt_timer_detach   timer.o
    0x08004318   0x0000002e   Code   RO         3860    i.rt_timer_init     timer.o
    0x08004346   0x00000002   PAD
    0x08004348   0x000000f8   Code   RO         3863    i.rt_timer_start    timer.o
    0x08004440   0x00000030   Code   RO         3864    i.rt_timer_stop     timer.o
    0x08004470   0x00000330   Code   RO         3460    i.rt_vsnprintf      kservice.o
    0x080047a0   0x00000004   Code   RO         3152    i.rti_board_end     components.o
    0x080047a4   0x00000004   Code   RO         3153    i.rti_board_start   components.o
    0x080047a8   0x00000004   Code   RO         3154    i.rti_end           components.o
    0x080047ac   0x00000004   Code   RO         3155    i.rti_start         components.o
    0x080047b0   0x0000002a   Code   RO         3156    i.rtthread_startup  components.o
    0x080047da   0x00000026   Code   RO         3462    i.skip_atoi         kservice.o
    0x08004800   0x0000003c   Data   RO           28    .constdata          epd2in13.o
    0x0800483c   0x00000be0   Data   RO          474    .constdata          font16.o
    0x0800541c   0x00000ed8   Data   RO          488    .constdata          font20.o
    0x080062f4   0x00002a30   Data   RO          516    .constdata          font80.o
    0x08008d24   0x0000046e   Data   RO          530    .constdata          font21.o
    0x08009192   0x00000002   PAD
    0x08009194   0x00000028   Data   RO          553    .constdata          main.o
    0x080091bc   0x00000021   Data   RO         3074    .constdata          system_stm32l1xx.o
    0x080091dd   0x00000122   Data   RO         3464    .constdata          kservice.o
    0x080092ff   0x00000001   PAD
    0x08009300   0x00000026   Data   RO          554    .conststring        main.o
    0x08009326   0x00000002   PAD
    0x08009328   0x00000004   Data   RO         3158    .rti_fn.0           components.o
    0x0800932c   0x00000004   Data   RO         3159    .rti_fn.0.end       components.o
    0x08009330   0x00000004   Data   RO         3160    .rti_fn.1.end       components.o
    0x08009334   0x00000004   Data   RO         3161    .rti_fn.6.end       components.o
    0x08009338   0x00000020   Data   RO         4315    Region$$Table       anon$$obj.o


    Execution Region RW_IRAM1 (Base: 0x20000000, Size: 0x00001938, Max: 0x00008000, ABSOLUTE)

    Base Addr    Size         Type   Attr      Idx    E Section Name        Object

    0x20000000   0x00000020   Data   RW          234    .data               epdif.o
    0x20000020   0x00000008   Data   RW          475    .data               font16.o
    0x20000028   0x00000008   Data   RW          489    .data               font20.o
    0x20000030   0x00000008   Data   RW          517    .data               font80.o
    0x20000038   0x00000008   Data   RW          531    .data               font21.o
    0x20000040   0x0000000c   Data   RW         1237    .data               stm32l1xx_hal.o
    0x2000004c   0x00000004   Data   RW         3075    .data               system_stm32l1xx.o
    0x20000050   0x00000004   Data   RW         3111    .data               clock.o
    0x20000054   0x00000001   Data   RW         3414    .data               irq.o
    0x20000055   0x00000003   PAD
    0x20000058   0x00000050   Data   RW         3622    .data               object.o
    0x200000a8   0x00000018   Data   RW         3678    .data               scheduler.o
    0x200000c0   0x0000000c   Data   RW         3865    .data               timer.o
    0x200000cc   0x00000010   Data   RW         3950    .data               cpuport.o
    0x200000dc   0x0000001c   Data   RW         4042    .data               pcf8563.o
    0x200000f8   0x00000020   Zero   RW          233    .bss                epdif.o
    0x20000118   0x00001000   Zero   RW          552    .bss                main.o
    0x20001118   0x00000058   Zero   RW          661    .bss                spi.o
    0x20001170   0x00000040   Zero   RW          704    .bss                usart.o
    0x200011b0   0x00000054   Zero   RW          841    .bss                adc.o
    0x20001204   0x00000004   PAD
    0x20001208   0x00000178   Zero   RW         3157    .bss                components.o
    0x20001380   0x000000f8   Zero   RW         3230    .bss                idle.o
    0x20001478   0x00000080   Zero   RW         3463    .bss                kservice.o
    0x200014f8   0x00000040   Zero   RW         3677    .bss                scheduler.o
    0x20001538   0x00000400   Zero   RW            1    STACK               startup_stm32l151xba.o


==============================================================================

Image component sizes


      Code (inc. data)   RO Data    RW Data    ZI Data      Debug   Object Name

       224         22          0          0         84       1675   adc.o
       104         10          0          0          0       1437   board.o
       116         12          0          4          0       1700   clock.o
       202         38         16          0        376       5732   components.o
       244         26          0          0          0        784   context_rvds.o
       588        328          0         16          0       3250   cpuport.o
       936          0         60          0          0     357221   epd2in13.o
       236         44          0         32         32       8993   epdif.o
       936          0          0          0          0       8051   epdpaint.o
         0          0       3040          8          0       1109   font16.o
         0          0       3800          8          0       1109   font20.o
         0          0       1134          8          0       1109   font21.o
         0          0      10800          8          0       1109   font80.o
       136         10          0          0          0        863   gpio.o
       216         32          0          0        248       5442   idle.o
        64         12          0          1          0       1526   irq.o
       156         16          0          0          0       1856   key.o
      1704        164        290          0        128       8652   kservice.o
      1162        134         78          0       4096       4468   main.o
       198          4          0         80          0       6116   object.o
       724         56          0         28          0       5339   pcf8563.o
       526         90          0         24         64       8230   scheduler.o
       112          8          0          0          0       1162   si7020_iic.o
       200         24          0          0         88       1597   spi.o
        36          8        244          0       1024        800   startup_stm32l151xba.o
       130         20          0         12          0       2707   stm32l1xx_hal.o
       944         34          0          0          0       2427   stm32l1xx_hal_adc.o
       304         22          0          0          0      31043   stm32l1xx_hal_cortex.o
        92          0          0          0          0       1019   stm32l1xx_hal_dma.o
       540         38          0          0          0       4007   stm32l1xx_hal_gpio.o
        92          4          0          0          0        850   stm32l1xx_hal_msp.o
      2436        112          0          0          0       6584   stm32l1xx_hal_rcc.o
       932         14          0          0          0       4174   stm32l1xx_hal_spi.o
      1570          8          0          0          0       9131   stm32l1xx_hal_uart.o
        34          6          0          0          0       2991   stm32l1xx_it.o
       236         32         33          4          0       1827   system_stm32l1xx.o
       704         36          0          0          0      10565   thread.o
       732         20          0         12          0      10832   timer.o
       276         28          0          0         64       2241   usart.o

    ----------------------------------------------------------------------
     17868       1412      19532        248       6208     529728   Object Totals
         0          0         32          0          0          0   (incl. Generated)
        26          0          5          3          4          0   (incl. Padding)

    ----------------------------------------------------------------------

      Code (inc. data)   RO Data    RW Data    ZI Data      Debug   Library Member Name

         0          0          0          0          0          0   entry.o
         0          0          0          0          0          0   entry10a.o
         0          0          0          0          0          0   entry11a.o
         8          4          0          0          0          0   entry2.o
         4          0          0          0          0          0   entry5.o
         0          0          0          0          0          0   entry7b.o
         0          0          0          0          0          0   entry8b.o
         8          4          0          0          0          0   entry9a.o
        30          0          0          0          0          0   handlers.o
        36          8          0          0          0         68   init.o
        30          0          0          0          0         68   llshl.o
        32          0          0          0          0         68   llushr.o
        36          0          0          0          0         68   memcpya.o
        36          0          0          0          0        108   memseta.o
        98          0          0          0          0         92   uldiv.o

    ----------------------------------------------------------------------
       320         16          0          0          0        472   Library Totals
         2          0          0          0          0          0   (incl. Padding)

    ----------------------------------------------------------------------

      Code (inc. data)   RO Data    RW Data    ZI Data      Debug   Library Name

       318         16          0          0          0        472   mc_w.l

    ----------------------------------------------------------------------
       320         16          0          0          0        472   Library Totals

    ----------------------------------------------------------------------

==============================================================================


      Code (inc. data)   RO Data    RW Data    ZI Data      Debug   

     18188       1428      19532        248       6208     521304   Grand Totals
     18188       1428      19532        248       6208     521304   ELF Image Totals
     18188       1428      19532        248          0          0   ROM Totals

==============================================================================

    Total RO  Size (Code + RO Data)                37720 (  36.84kB)
    Total RW  Size (RW Data + ZI Data)              6456 (   6.30kB)
    Total ROM Size (Code + RO Data + RW Data)      37968 (  37.08kB)

==============================================================================

